main.c:96:5:main	32	static
main.c:173:6:SystemClock_Config	136	static
main.c:226:13:MX_CRC_Init	8	static
main.c:252:13:MX_DMA2D_Init	8	static
main.c:289:13:MX_I2C3_Init	8	static
main.c:335:13:MX_LTDC_Init	112	static
main.c:418:13:MX_SPI5_Init	8	static
main.c:456:13:MX_TIM1_Init	32	static
main.c:502:13:MX_USART1_UART_Init	8	static
main.c:535:13:MX_USB_OTG_HS_HCD_Init	8	static
main.c:565:13:MX_FMC_Init	40	static
main.c:616:13:MX_GPIO_Init	64	static
main.c:697:6:HAL_LTDC_ReloadEventCallback	16	static
main.c:711:6:HAL_TIM_PeriodElapsedCallback	16	static
main.c:728:6:Error_Handler	4	static
