stm32f4xx_hal_msp.c:64:6:HAL_MspInit	16	static
stm32f4xx_hal_msp.c:88:6:HAL_CRC_MspInit	24	static
stm32f4xx_hal_msp.c:110:6:HAL_CRC_MspDeInit	16	static
stm32f4xx_hal_msp.c:132:6:HAL_DMA2D_MspInit	24	static
stm32f4xx_hal_msp.c:157:6:HAL_DMA2D_MspDeInit	16	static
stm32f4xx_hal_msp.c:182:6:HAL_LTDC_MspInit	64	static
stm32f4xx_hal_msp.c:296:6:HAL_LTDC_MspDeInit	16	static
stm32f4xx_hal_msp.c:360:6:HAL_SPI_MspInit	48	static
stm32f4xx_hal_msp.c:397:6:HAL_SPI_MspDeInit	16	static
stm32f4xx_hal_msp.c:427:6:HAL_TIM_Base_MspInit	24	static
stm32f4xx_hal_msp.c:449:6:HAL_TIM_Base_MspDeInit	16	static
stm32f4xx_hal_msp.c:471:6:HAL_UART_MspInit	48	static
stm32f4xx_hal_msp.c:507:6:HAL_UART_MspDeInit	16	static
stm32f4xx_hal_msp.c:532:13:HAL_FMC_MspInit	32	static
stm32f4xx_hal_msp.c:638:6:HAL_SDRAM_MspInit	16	static
stm32f4xx_hal_msp.c:650:13:HAL_FMC_MspDeInit	8	static
stm32f4xx_hal_msp.c:724:6:HAL_SDRAM_MspDeInit	16	static
