C:/Users/lenovo/STM32Cube/Repository/STM32Cube_FW_F4_V1.27.1/Projects/STM32F429I-Discovery/Examples/LTDC/LTDC_Display_2Layers/Src/stm32f4xx_it.c:51:6:NMI_Handler	0	static
C:/Users/lenovo/STM32Cube/Repository/STM32Cube_FW_F4_V1.27.1/Projects/STM32F429I-Discovery/Examples/LTDC/LTDC_Display_2Layers/Src/stm32f4xx_it.c:60:6:HardFault_Handler	0	static
C:/Users/lenovo/STM32Cube/Repository/STM32Cube_FW_F4_V1.27.1/Projects/STM32F429I-Discovery/Examples/LTDC/LTDC_Display_2Layers/Src/stm32f4xx_it.c:73:6:MemManage_Handler	0	static
C:/Users/lenovo/STM32Cube/Repository/STM32Cube_FW_F4_V1.27.1/Projects/STM32F429I-Discovery/Examples/LTDC/LTDC_Display_2Layers/Src/stm32f4xx_it.c:86:6:BusFault_Handler	0	static
C:/Users/lenovo/STM32Cube/Repository/STM32Cube_FW_F4_V1.27.1/Projects/STM32F429I-Discovery/Examples/LTDC/LTDC_Display_2Layers/Src/stm32f4xx_it.c:99:6:UsageFault_Handler	0	static
C:/Users/lenovo/STM32Cube/Repository/STM32Cube_FW_F4_V1.27.1/Projects/STM32F429I-Discovery/Examples/LTDC/LTDC_Display_2Layers/Src/stm32f4xx_it.c:112:6:SVC_Handler	0	static
C:/Users/lenovo/STM32Cube/Repository/STM32Cube_FW_F4_V1.27.1/Projects/STM32F429I-Discovery/Examples/LTDC/LTDC_Display_2Layers/Src/stm32f4xx_it.c:121:6:DebugMon_Handler	0	static
C:/Users/lenovo/STM32Cube/Repository/STM32Cube_FW_F4_V1.27.1/Projects/STM32F429I-Discovery/Examples/LTDC/LTDC_Display_2Layers/Src/stm32f4xx_it.c:130:6:PendSV_Handler	0	static
C:/Users/lenovo/STM32Cube/Repository/STM32Cube_FW_F4_V1.27.1/Projects/STM32F429I-Discovery/Examples/LTDC/LTDC_Display_2Layers/Src/stm32f4xx_it.c:139:6:SysTick_Handler	0	static
C:/Users/lenovo/STM32Cube/Repository/STM32Cube_FW_F4_V1.27.1/Projects/STM32F429I-Discovery/Examples/LTDC/LTDC_Display_2Layers/Src/stm32f4xx_it.c:156:6:LTDC_IRQHandler	0	static
