Archive member included to satisfy reference by file (symbol)

c:/st/stm32cubeide_1.4.0/stm32cubeide/plugins/com.st.stm32cube.ide.mcu.externaltools.gnu-tools-for-stm32.7-2018-q2-update.win32_1.4.0.202007081208/tools/bin/../lib/gcc/arm-none-eabi/7.3.1/../../../../arm-none-eabi/lib/thumb/v7e-m/fpv4-sp/hard\libc_nano.a(lib_a-errno.o)
                              Core/Src/syscalls.o (__errno)
c:/st/stm32cubeide_1.4.0/stm32cubeide/plugins/com.st.stm32cube.ide.mcu.externaltools.gnu-tools-for-stm32.7-2018-q2-update.win32_1.4.0.202007081208/tools/bin/../lib/gcc/arm-none-eabi/7.3.1/../../../../arm-none-eabi/lib/thumb/v7e-m/fpv4-sp/hard\libc_nano.a(lib_a-exit.o)
                              c:/st/stm32cubeide_1.4.0/stm32cubeide/plugins/com.st.stm32cube.ide.mcu.externaltools.gnu-tools-for-stm32.7-2018-q2-update.win32_1.4.0.202007081208/tools/bin/../lib/gcc/arm-none-eabi/7.3.1/../../../../arm-none-eabi/lib/thumb/v7e-m/fpv4-sp/hard/crt0.o (exit)
c:/st/stm32cubeide_1.4.0/stm32cubeide/plugins/com.st.stm32cube.ide.mcu.externaltools.gnu-tools-for-stm32.7-2018-q2-update.win32_1.4.0.202007081208/tools/bin/../lib/gcc/arm-none-eabi/7.3.1/../../../../arm-none-eabi/lib/thumb/v7e-m/fpv4-sp/hard\libc_nano.a(lib_a-impure.o)
                              c:/st/stm32cubeide_1.4.0/stm32cubeide/plugins/com.st.stm32cube.ide.mcu.externaltools.gnu-tools-for-stm32.7-2018-q2-update.win32_1.4.0.202007081208/tools/bin/../lib/gcc/arm-none-eabi/7.3.1/../../../../arm-none-eabi/lib/thumb/v7e-m/fpv4-sp/hard\libc_nano.a(lib_a-exit.o) (_global_impure_ptr)
c:/st/stm32cubeide_1.4.0/stm32cubeide/plugins/com.st.stm32cube.ide.mcu.externaltools.gnu-tools-for-stm32.7-2018-q2-update.win32_1.4.0.202007081208/tools/bin/../lib/gcc/arm-none-eabi/7.3.1/../../../../arm-none-eabi/lib/thumb/v7e-m/fpv4-sp/hard\libc_nano.a(lib_a-init.o)
                              c:/st/stm32cubeide_1.4.0/stm32cubeide/plugins/com.st.stm32cube.ide.mcu.externaltools.gnu-tools-for-stm32.7-2018-q2-update.win32_1.4.0.202007081208/tools/bin/../lib/gcc/arm-none-eabi/7.3.1/../../../../arm-none-eabi/lib/thumb/v7e-m/fpv4-sp/hard/crt0.o (__libc_init_array)
c:/st/stm32cubeide_1.4.0/stm32cubeide/plugins/com.st.stm32cube.ide.mcu.externaltools.gnu-tools-for-stm32.7-2018-q2-update.win32_1.4.0.202007081208/tools/bin/../lib/gcc/arm-none-eabi/7.3.1/../../../../arm-none-eabi/lib/thumb/v7e-m/fpv4-sp/hard\libc_nano.a(lib_a-memset.o)
                              c:/st/stm32cubeide_1.4.0/stm32cubeide/plugins/com.st.stm32cube.ide.mcu.externaltools.gnu-tools-for-stm32.7-2018-q2-update.win32_1.4.0.202007081208/tools/bin/../lib/gcc/arm-none-eabi/7.3.1/../../../../arm-none-eabi/lib/thumb/v7e-m/fpv4-sp/hard/crt0.o (memset)
c:/st/stm32cubeide_1.4.0/stm32cubeide/plugins/com.st.stm32cube.ide.mcu.externaltools.gnu-tools-for-stm32.7-2018-q2-update.win32_1.4.0.202007081208/tools/bin/../lib/gcc/arm-none-eabi/7.3.1/../../../../arm-none-eabi/lib/thumb/v7e-m/fpv4-sp/hard\libm.a(lib_a-sf_sin.o)
                              Core/Src/ball_controll.o (sinf)
c:/st/stm32cubeide_1.4.0/stm32cubeide/plugins/com.st.stm32cube.ide.mcu.externaltools.gnu-tools-for-stm32.7-2018-q2-update.win32_1.4.0.202007081208/tools/bin/../lib/gcc/arm-none-eabi/7.3.1/../../../../arm-none-eabi/lib/thumb/v7e-m/fpv4-sp/hard\libm.a(lib_a-ef_rem_pio2.o)
                              c:/st/stm32cubeide_1.4.0/stm32cubeide/plugins/com.st.stm32cube.ide.mcu.externaltools.gnu-tools-for-stm32.7-2018-q2-update.win32_1.4.0.202007081208/tools/bin/../lib/gcc/arm-none-eabi/7.3.1/../../../../arm-none-eabi/lib/thumb/v7e-m/fpv4-sp/hard\libm.a(lib_a-sf_sin.o) (__ieee754_rem_pio2f)
c:/st/stm32cubeide_1.4.0/stm32cubeide/plugins/com.st.stm32cube.ide.mcu.externaltools.gnu-tools-for-stm32.7-2018-q2-update.win32_1.4.0.202007081208/tools/bin/../lib/gcc/arm-none-eabi/7.3.1/../../../../arm-none-eabi/lib/thumb/v7e-m/fpv4-sp/hard\libm.a(lib_a-kf_cos.o)
                              c:/st/stm32cubeide_1.4.0/stm32cubeide/plugins/com.st.stm32cube.ide.mcu.externaltools.gnu-tools-for-stm32.7-2018-q2-update.win32_1.4.0.202007081208/tools/bin/../lib/gcc/arm-none-eabi/7.3.1/../../../../arm-none-eabi/lib/thumb/v7e-m/fpv4-sp/hard\libm.a(lib_a-sf_sin.o) (__kernel_cosf)
c:/st/stm32cubeide_1.4.0/stm32cubeide/plugins/com.st.stm32cube.ide.mcu.externaltools.gnu-tools-for-stm32.7-2018-q2-update.win32_1.4.0.202007081208/tools/bin/../lib/gcc/arm-none-eabi/7.3.1/../../../../arm-none-eabi/lib/thumb/v7e-m/fpv4-sp/hard\libm.a(lib_a-kf_rem_pio2.o)
                              c:/st/stm32cubeide_1.4.0/stm32cubeide/plugins/com.st.stm32cube.ide.mcu.externaltools.gnu-tools-for-stm32.7-2018-q2-update.win32_1.4.0.202007081208/tools/bin/../lib/gcc/arm-none-eabi/7.3.1/../../../../arm-none-eabi/lib/thumb/v7e-m/fpv4-sp/hard\libm.a(lib_a-ef_rem_pio2.o) (__kernel_rem_pio2f)
[...]
Memory Configuration

Name             Origin             Length             Attributes
CCMRAM           0x0000000010000000 0x0000000000010000 xrw
RAM              0x0000000020000000 0x0000000000030000 xrw
FLASH            0x0000000008000000 0x0000000000200000 xr
*default*        0x0000000000000000 0xffffffffffffffff

Linker script and memory map

LOAD c:/st/stm32cubeide_1.4.0/stm32cubeide/plugins/com.st.stm32cube.ide.mcu.externaltools.gnu-tools-for-stm32.7-2018-q2-update.win32_1.4.0.202007081208/tools/bin/../lib/gcc/arm-none-eabi/7.3.1/thumb/v7e-m/fpv4-sp/hard/crti.o
LOAD c:/st/stm32cubeide_1.4.0/stm32cubeide/plugins/com.st.stm32cube.ide.mcu.externaltools.gnu-tools-for-stm32.7-2018-q2-update.win32_1.4.0.202007081208/tools/bin/../lib/gcc/arm-none-eabi/7.3.1/thumb/v7e-m/fpv4-sp/hard/crtbegin.o
LOAD c:/st/stm32cubeide_1.4.0/stm32cubeide/plugins/com.st.stm32cube.ide.mcu.externaltools.gnu-tools-for-stm32.7-2018-q2-update.win32_1.4.0.202007081208/tools/bin/../lib/gcc/arm-none-eabi/7.3.1/../../../../arm-none-eabi/lib/thumb/v7e-m/fpv4-sp/hard/crt0.o
LOAD Core/Src/ball_controll.o
LOAD Core/Src/gyroscope.o
LOAD Core/Src/ili9341.o
LOAD Core/Src/main.o
LOAD Core/Src/stm32f429i_discovery.o
LOAD Core/Src/stm32f4xx_hal_msp.o
LOAD Core/Src/stm32f4xx_hal_timebase_tim.o
LOAD Core/Src/stm32f4xx_it.o
LOAD Core/Src/syscalls.o
LOAD Core/Src/sysmem.o
LOAD Core/Src/system_stm32f4xx.o
LOAD Core/Startup/startup_stm32f429zitx.o
LOAD Drivers/STM32F4xx_HAL_Driver/Src/stm32f4xx_hal.o
LOAD Drivers/STM32F4xx_HAL_Driver/Src/stm32f4xx_hal_cortex.o
LOAD Drivers/STM32F4xx_HAL_Driver/Src/stm32f4xx_hal_crc.o
LOAD Drivers/STM32F4xx_HAL_Driver/Src/stm32f4xx_hal_dma.o
LOAD Drivers/STM32F4xx_HAL_Driver/Src/stm32f4xx_hal_dma2d.o
LOAD Drivers/STM32F4xx_HAL_Driver/Src/stm32f4xx_hal_dma_ex.o
LOAD Drivers/STM32F4xx_HAL_Driver/Src/stm32f4xx_hal_dsi.o
LOAD Drivers/STM32F4xx_HAL_Driver/Src/stm32f4xx_hal_exti.o
LOAD Drivers/STM32F4xx_HAL_Driver/Src/stm32f4xx_hal_flash.o
LOAD Drivers/STM32F4xx_HAL_Driver/Src/stm32f4xx_hal_flash_ex.o
LOAD Drivers/STM32F4xx_HAL_Driver/Src/stm32f4xx_hal_flash_ramfunc.o
LOAD Drivers/STM32F4xx_HAL_Driver/Src/stm32f4xx_hal_gpio.o
LOAD Drivers/STM32F4xx_HAL_Driver/Src/stm32f4xx_hal_hcd.o
LOAD Drivers/STM32F4xx_HAL_Driver/Src/stm32f4xx_hal_i2c.o
LOAD Drivers/STM32F4xx_HAL_Driver/Src/stm32f4xx_hal_i2c_ex.o
LOAD Drivers/STM32F4xx_HAL_Driver/Src/stm32f4xx_hal_ltdc.o
LOAD Drivers/STM32F4xx_HAL_Driver/Src/stm32f4xx_hal_ltdc_ex.o
LOAD Drivers/STM32F4xx_HAL_Driver/Src/stm32f4xx_hal_pwr.o
LOAD Drivers/STM32F4xx_HAL_Driver/Src/stm32f4xx_hal_pwr_ex.o
LOAD Drivers/STM32F4xx_HAL_Driver/Src/stm32f4xx_hal_rcc.o
LOAD Drivers/STM32F4xx_HAL_Driver/Src/stm32f4xx_hal_rcc_ex.o
LOAD Drivers/STM32F4xx_HAL_Driver/Src/stm32f4xx_hal_sdram.o
LOAD Drivers/STM32F4xx_HAL_Driver/Src/stm32f4xx_hal_spi.o
LOAD Drivers/STM32F4xx_HAL_Driver/Src/stm32f4xx_hal_tim.o
LOAD Drivers/STM32F4xx_HAL_Driver/Src/stm32f4xx_hal_tim_ex.o
LOAD Drivers/STM32F4xx_HAL_Driver/Src/stm32f4xx_hal_uart.o
LOAD Drivers/STM32F4xx_HAL_Driver/Src/stm32f4xx_ll_fmc.o
LOAD Drivers/STM32F4xx_HAL_Driver/Src/stm32f4xx_ll_usb.o
START GROUP
LOAD c:/st/stm32cubeide_1.4.0/stm32cubeide/plugins/com.st.stm32cube.ide.mcu.externaltools.gnu-tools-for-stm32.7-2018-q2-update.win32_1.4.0.202007081208/tools/bin/../lib/gcc/arm-none-eabi/7.3.1/../../../../arm-none-eabi/lib/thumb/v7e-m/fpv4-sp/hard\libc_nano.a
LOAD c:/st/stm32cubeide_1.4.0/stm32cubeide/plugins/com.st.stm32cube.ide.mcu.externaltools.gnu-tools-for-stm32.7-2018-q2-update.win32_1.4.0.202007081208/tools/bin/../lib/gcc/arm-none-eabi/7.3.1/../../../../arm-none-eabi/lib/thumb/v7e-m/fpv4-sp/hard\libm.a
END GROUP
START GROUP
LOAD c:/st/stm32cubeide_1.4.0/stm32cubeide/plugins/com.st.stm32cube.ide.mcu.externaltools.gnu-tools-for-stm32.7-2018-q2-update.win32_1.4.0.202007081208/tools/bin/../lib/gcc/arm-none-eabi/7.3.1/thumb/v7e-m/fpv4-sp/hard\libgcc.a
LOAD c:/st/stm32cubeide_1.4.0/stm32cubeide/plugins/com.st.stm32cube.ide.mcu.externaltools.gnu-tools-for-stm32.7-2018-q2-update.win32_1.4.0.202007081208/tools/bin/../lib/gcc/arm-none-eabi/7.3.1/../../../../arm-none-eabi/lib/thumb/v7e-m/fpv4-sp/hard\libc_nano.a
END GROUP
START GROUP
LOAD c:/st/stm32cubeide_1.4.0/stm32cubeide/plugins/com.st.stm32cube.ide.mcu.externaltools.gnu-tools-for-stm32.7-2018-q2-update.win32_1.4.0.202007081208/tools/bin/../lib/gcc/arm-none-eabi/7.3.1/thumb/v7e-m/fpv4-sp/hard\libgcc.a
LOAD c:/st/stm32cubeide_1.4.0/stm32cubeide/plugins/com.st.stm32cube.ide.mcu.externaltools.gnu-tools-for-stm32.7-2018-q2-update.win32_1.4.0.202007081208/tools/bin/../lib/gcc/arm-none-eabi/7.3.1/../../../../arm-none-eabi/lib/thumb/v7e-m/fpv4-sp/hard\libc_nano.a
LOAD c:/st/stm32cubeide_1.4.0/stm32cubeide/plugins/com.st.stm32cube.ide.mcu.externaltools.gnu-tools-for-stm32.7-2018-q2-update.win32_1.4.0.202007081208/tools/bin/../lib/gcc/arm-none-eabi/7.3.1/../../../../arm-none-eabi/lib/thumb/v7e-m/fpv4-sp/hard\libnosys.a
END GROUP
START GROUP
LOAD c:/st/stm32cubeide_1.4.0/stm32cubeide/plugins/com.st.stm32cube.ide.mcu.externaltools.gnu-tools-for-stm32.7-2018-q2-update.win32_1.4.0.202007081208/tools/bin/../lib/gcc/arm-none-eabi/7.3.1/thumb/v7e-m/fpv4-sp/hard\libgcc.a
LOAD c:/st/stm32cubeide_1.4.0/stm32cubeide/plugins/com.st.stm32cube.ide.mcu.externaltools.gnu-tools-for-stm32.7-2018-q2-update.win32_1.4.0.202007081208/tools/bin/../lib/gcc/arm-none-eabi/7.3.1/../../../../arm-none-eabi/lib/thumb/v7e-m/fpv4-sp/hard\libc_nano.a
LOAD c:/st/stm32cubeide_1.4.0/stm32cubeide/plugins/com.st.stm32cube.ide.mcu.externaltools.gnu-tools-for-stm32.7-2018-q2-update.win32_1.4.0.202007081208/tools/bin/../lib/gcc/arm-none-eabi/7.3.1/../../../../arm-none-eabi/lib/thumb/v7e-m/fpv4-sp/hard\libnosys.a
END GROUP
LOAD c:/st/stm32cubeide_1.4.0/stm32cubeide/plugins/com.st.stm32cube.ide.mcu.externaltools.gnu-tools-for-stm32.7-2018-q2-update.win32_1.4.0.202007081208/tools/bin/../lib/gcc/arm-none-eabi/7.3.1/thumb/v7e-m/fpv4-sp/hard/crtend.o
LOAD c:/st/stm32cubeide_1.4.0/stm32cubeide/plugins/com.st.stm32cube.ide.mcu.externaltools.gnu-tools-for-stm32.7-2018-q2-update.win32_1.4.0.202007081208/tools/bin/../lib/gcc/arm-none-eabi/7.3.1/thumb/v7e-m/fpv4-sp/hard/crtn.o
                0x0000000020030000                _estack = (ORIGIN (RAM) + LENGTH (RAM))
                0x0000000000000200                _Min_Heap_Size = 0x200
                0x0000000000000400                _Min_Stack_Size = 0x400

.isr_vector     0x0000000008000000      0x1ac
                0x0000000008000000                . = ALIGN (0x4)
 *(.isr_vector)
 .isr_vector    0x0000000008000000      0x1ac Core/Startup/startup_stm32f429zitx.o
                0x0000000008000000                g_pfnVectors
                0x00000000080001ac                . = ALIGN (0x4)

.text           0x00000000080001b0     0x8de4
                0x00000000080001b0                . = ALIGN (0x4)
 *(.text)
 .text          0x00000000080001b0       0x40 c:/st/stm32cubeide_1.4.0/stm32cubeide/plugins/com.st.stm32cube.ide.mcu.externaltools.gnu-tools-for-stm32.7-2018-q2-update.win32_1.4.0.202007081208/tools/bin/../lib/gcc/arm-none-eabi/7.3.1/thumb/v7e-m/fpv4-sp/hard/crtbegin.o
 .text          0x00000000080001f0      0x378 c:/st/stm32cubeide_1.4.0/stm32cubeide/plugins/com.st.stm32cube.ide.mcu.externaltools.gnu-tools-for-stm32.7-2018-q2-update.win32_1.4.0.202007081208/tools/bin/../lib/gcc/arm-none-eabi/7.3.1/thumb/v7e-m/fpv4-sp/hard\libgcc.a(_arm_addsubdf3.o)
                0x00000000080001f0                __aeabi_drsub
                0x00000000080001f8                __aeabi_dsub
                0x00000000080001f8                __subdf3
                0x00000000080001fc                __aeabi_dadd
                0x00000000080001fc                __adddf3
                0x0000000008000474                __floatunsidf
                0x0000000008000474                __aeabi_ui2d
                0x0000000008000494                __floatsidf
                0x0000000008000494                __aeabi_i2d
                0x00000000080004b8                __aeabi_f2d
                0x00000000080004b8                __extendsfdf2
                0x00000000080004fc                __floatundidf
                0x00000000080004fc                __aeabi_ul2d
                0x000000000800050c                __floatdidf
                0x000000000800050c                __aeabi_l2d
 .text          0x0000000008000568      0x424 c:/st/stm32cubeide_1.4.0/stm32cubeide/plugins/com.st.stm32cube.ide.mcu.externaltools.gnu-tools-for-stm32.7-2018-q2-update.win32_1.4.0.202007081208/tools/bin/../lib/gcc/arm-none-eabi/7.3.1/thumb/v7e-m/fpv4-sp/hard\libgcc.a(_arm_muldivdf3.o)
                0x0000000008000568                __aeabi_dmul
                0x0000000008000568                __muldf3
                0x00000000080007bc                __divdf3
                0x00000000080007bc                __aeabi_ddiv
 .text          0x000000000800098c       0xa0 c:/st/stm32cubeide_1.4.0/stm32cubeide/plugins/com.st.stm32cube.ide.mcu.externaltools.gnu-tools-for-stm32.7-2018-q2-update.win32_1.4.0.202007081208/tools/bin/../lib/gcc/arm-none-eabi/7.3.1/thumb/v7e-m/fpv4-sp/hard\libgcc.a(_arm_truncdfsf2.o)
                0x000000000800098c                __truncdfsf2
                0x000000000800098c                __aeabi_d2f
 .text          0x0000000008000a2c       0x30 c:/st/stm32cubeide_1.4.0/stm32cubeide/plugins/com.st.stm32cube.ide.mcu.externaltools.gnu-tools-for-stm32.7-2018-q2-update.win32_1.4.0.202007081208/tools/bin/../lib/gcc/arm-none-eabi/7.3.1/thumb/v7e-m/fpv4-sp/hard\libgcc.a(_aeabi_uldivmod.o)
                0x0000000008000a2c                __aeabi_uldivmod
 .text          0x0000000008000a5c      0x2cc c:/st/stm32cubeide_1.4.0/stm32cubeide/plugins/com.st.stm32cube.ide.mcu.externaltools.gnu-tools-for-stm32.7-2018-q2-update.win32_1.4.0.202007081208/tools/bin/../lib/gcc/arm-none-eabi/7.3.1/thumb/v7e-m/fpv4-sp/hard\libgcc.a(_udivmoddi4.o)
                0x0000000008000a5c                __udivmoddi4
 .text          0x0000000008000d28        0x4 c:/st/stm32cubeide_1.4.0/stm32cubeide/plugins/com.st.stm32cube.ide.mcu.externaltools.gnu-tools-for-stm32.7-2018-q2-update.win32_1.4.0.202007081208/tools/bin/../lib/gcc/arm-none-eabi/7.3.1/thumb/v7e-m/fpv4-sp/hard\libgcc.a(_dvmd_tls.o)
                0x0000000008000d28                __aeabi_idiv0
                0x0000000008000d28                __aeabi_ldiv0
 *(.text*)
 .text.ball_ctrl_init
                0x0000000008000d2c       0x4e Core/Src/ball_controll.o
                0x0000000008000d2c                ball_ctrl_init
 .text.ball_ctrl_restetDrift
                0x0000000008000d7a       0x2c Core/Src/ball_controll.o
                0x0000000008000d7a                ball_ctrl_restetDrift
 *fill*         0x0000000008000da6        0x2 
 .text.ball_update_ctrl_angles
                0x0000000008000da8       0x94 Core/Src/ball_controll.o
                0x0000000008000da8                ball_update_ctrl_angles
 *fill*         0x0000000008000e3c        0x4 
 .text.ball_update_pos
                0x0000000008000e40      0x1e4 Core/Src/ball_controll.o
                0x0000000008000e40                ball_update_pos
 .text.L3GD20_init
                0x0000000008001024       0x64 Core/Src/gyroscope.o
                0x0000000008001024                L3GD20_init
 .text.L3GD20_send
                0x0000000008001088       0x4c Core/Src/gyroscope.o
                0x0000000008001088                L3GD20_send
 .text.L3GD20_recive
                0x00000000080010d4       0x58 Core/Src/gyroscope.o
                0x00000000080010d4                L3GD20_recive
 .text.L3GD20_readRawData
                0x000000000800112c       0x94 Core/Src/gyroscope.o
                0x000000000800112c                L3GD20_readRawData
 .text.L3GD20_convertRawData
                0x00000000080011c0       0x98 Core/Src/gyroscope.o
                0x00000000080011c0                L3GD20_convertRawData
 .text.ili9341_Init
                0x0000000008001258      0x294 Core/Src/ili9341.o
                0x0000000008001258                ili9341_Init
 .text.ili9341_WriteReg
                0x00000000080014ec       0x1a Core/Src/ili9341.o
                0x00000000080014ec                ili9341_WriteReg
 .text.ili9341_WriteData
                0x0000000008001506       0x1a Core/Src/ili9341.o
                0x0000000008001506                ili9341_WriteData
 .text.main     0x0000000008001520       0xcc Core/Src/main.o
                0x0000000008001520                main
 .text.SystemClock_Config
                0x00000000080015ec      0x108 Core/Src/main.o
                0x00000000080015ec                SystemClock_Config
 .text.MX_CRC_Init
                0x00000000080016f4       0x28 Core/Src/main.o
 .text.MX_DMA2D_Init
                0x000000000800171c       0x64 Core/Src/main.o
 .text.MX_I2C3_Init
                0x0000000008001780       0x80 Core/Src/main.o
 .text.MX_LTDC_Init
                0x0000000008001800      0x174 Core/Src/main.o
 .text.MX_SPI5_Init
                0x0000000008001974       0x6c Core/Src/main.o
 .text.MX_TIM1_Init
                0x00000000080019e0       0xa0 Core/Src/main.o
 .text.MX_USART1_UART_Init
                0x0000000008001a80       0x54 Core/Src/main.o
 .text.MX_USB_OTG_HS_HCD_Init
                0x0000000008001ad4       0x58 Core/Src/main.o
 .text.MX_FMC_Init
                0x0000000008001b2c       0xa0 Core/Src/main.o
 .text.MX_GPIO_Init
                0x0000000008001bcc      0x220 Core/Src/main.o
 .text.HAL_LTDC_ReloadEventCallback
                0x0000000008001dec       0x20 Core/Src/main.o
                0x0000000008001dec                HAL_LTDC_ReloadEventCallback
 .text.HAL_TIM_PeriodElapsedCallback
                0x0000000008001e0c       0x24 Core/Src/main.o
                0x0000000008001e0c                HAL_TIM_PeriodElapsedCallback
 .text.Error_Handler
                0x0000000008001e30        0xe Core/Src/main.o
                0x0000000008001e30                Error_Handler
 *fill*         0x0000000008001e3e        0x2 
 .text.SPIx_Init
                0x0000000008001e40       0x74 Core/Src/stm32f429i_discovery.o
 .text.SPIx_Write
                0x0000000008001eb4       0x3c Core/Src/stm32f429i_discovery.o
 .text.SPIx_Error
                0x0000000008001ef0       0x18 Core/Src/stm32f429i_discovery.o
 .text.SPIx_MspInit
                0x0000000008001f08       0x74 Core/Src/stm32f429i_discovery.o
 .text.LCD_IO_Init
                0x0000000008001f7c       0xf0 Core/Src/stm32f429i_discovery.o
                0x0000000008001f7c                LCD_IO_Init
 .text.LCD_IO_WriteData
                0x000000000800206c       0x44 Core/Src/stm32f429i_discovery.o
                0x000000000800206c                LCD_IO_WriteData
 .text.LCD_IO_WriteReg
                0x00000000080020b0       0x44 Core/Src/stm32f429i_discovery.o
                0x00000000080020b0                LCD_IO_WriteReg
 .text.LCD_Delay
                0x00000000080020f4       0x16 Core/Src/stm32f429i_discovery.o
                0x00000000080020f4                LCD_Delay
 *fill*         0x000000000800210a        0x2 
 .text.HAL_MspInit
                0x000000000800210c       0x58 Core/Src/stm32f4xx_hal_msp.o
                0x000000000800210c                HAL_MspInit
 .text.HAL_CRC_MspInit
                0x0000000008002164       0x44 Core/Src/stm32f4xx_hal_msp.o
                0x0000000008002164                HAL_CRC_MspInit
 .text.HAL_DMA2D_MspInit
                0x00000000080021a8       0x50 Core/Src/stm32f4xx_hal_msp.o
                0x00000000080021a8                HAL_DMA2D_MspInit
 .text.HAL_I2C_MspInit
                0x00000000080021f8       0xd4 Core/Src/stm32f4xx_hal_msp.o
                0x00000000080021f8                HAL_I2C_MspInit
 .text.HAL_LTDC_MspInit
                0x00000000080022cc      0x22c Core/Src/stm32f4xx_hal_msp.o
                0x00000000080022cc                HAL_LTDC_MspInit
 .text.HAL_SPI_MspInit
                0x00000000080024f8       0x90 Core/Src/stm32f4xx_hal_msp.o
                0x00000000080024f8                HAL_SPI_MspInit
 .text.HAL_SPI_MspDeInit
                0x0000000008002588       0x3c Core/Src/stm32f4xx_hal_msp.o
                0x0000000008002588                HAL_SPI_MspDeInit
 .text.HAL_TIM_Base_MspInit
                0x00000000080025c4       0x44 Core/Src/stm32f4xx_hal_msp.o
                0x00000000080025c4                HAL_TIM_Base_MspInit
 .text.HAL_UART_MspInit
                0x0000000008002608       0x90 Core/Src/stm32f4xx_hal_msp.o
                0x0000000008002608                HAL_UART_MspInit
 .text.HAL_HCD_MspInit
                0x0000000008002698       0xbc Core/Src/stm32f4xx_hal_msp.o
                0x0000000008002698                HAL_HCD_MspInit
 .text.HAL_FMC_MspInit
                0x0000000008002754      0x124 Core/Src/stm32f4xx_hal_msp.o
 .text.HAL_SDRAM_MspInit
                0x0000000008002878       0x14 Core/Src/stm32f4xx_hal_msp.o
                0x0000000008002878                HAL_SDRAM_MspInit
 .text.HAL_InitTick
                0x000000000800288c       0xb4 Core/Src/stm32f4xx_hal_timebase_tim.o
                0x000000000800288c                HAL_InitTick
 .text.NMI_Handler
                0x0000000008002940        0xe Core/Src/stm32f4xx_it.o
                0x0000000008002940                NMI_Handler
 .text.HardFault_Handler
                0x000000000800294e        0x6 Core/Src/stm32f4xx_it.o
                0x000000000800294e                HardFault_Handler
 .text.MemManage_Handler
                0x0000000008002954        0x6 Core/Src/stm32f4xx_it.o
                0x0000000008002954                MemManage_Handler
 .text.BusFault_Handler
                0x000000000800295a        0x6 Core/Src/stm32f4xx_it.o
                0x000000000800295a                BusFault_Handler
 .text.UsageFault_Handler
                0x0000000008002960        0x6 Core/Src/stm32f4xx_it.o
                0x0000000008002960                UsageFault_Handler
 .text.SVC_Handler
                0x0000000008002966        0xe Core/Src/stm32f4xx_it.o
                0x0000000008002966                SVC_Handler
 .text.DebugMon_Handler
                0x0000000008002974        0xe Core/Src/stm32f4xx_it.o
                0x0000000008002974                DebugMon_Handler
 .text.PendSV_Handler
                0x0000000008002982        0xe Core/Src/stm32f4xx_it.o
                0x0000000008002982                PendSV_Handler
 .text.SysTick_Handler
                0x0000000008002990        0xe Core/Src/stm32f4xx_it.o
                0x0000000008002990                SysTick_Handler
 *fill*         0x000000000800299e        0x2 
 .text.TIM6_DAC_IRQHandler
                0x00000000080029a0       0x14 Core/Src/stm32f4xx_it.o
                0x00000000080029a0                TIM6_DAC_IRQHandler
 .text.OTG_HS_IRQHandler
                0x00000000080029b4       0x14 Core/Src/stm32f4xx_it.o
                0x00000000080029b4                OTG_HS_IRQHandler
 .text.LTDC_IRQHandler
                0x00000000080029c8       0x14 Core/Src/stm32f4xx_it.o
                0x00000000080029c8                LTDC_IRQHandler
 .text.DMA2D_IRQHandler
                0x00000000080029dc       0x14 Core/Src/stm32f4xx_it.o
                0x00000000080029dc                DMA2D_IRQHandler
 .text.SystemInit
                0x00000000080029f0       0x2c Core/Src/system_stm32f4xx.o
                0x00000000080029f0                SystemInit
 .text.Reset_Handler
                0x0000000008002a1c       0x50 Core/Startup/startup_stm32f429zitx.o
                0x0000000008002a1c                Reset_Handler
 .text.Default_Handler
                0x0000000008002a6c        0x2 Core/Startup/startup_stm32f429zitx.o
                0x0000000008002a6c                RTC_Alarm_IRQHandler
                0x0000000008002a6c                HASH_RNG_IRQHandler
                0x0000000008002a6c                EXTI2_IRQHandler
                0x0000000008002a6c                TIM8_CC_IRQHandler
                0x0000000008002a6c                UART8_IRQHandler
                0x0000000008002a6c                SPI4_IRQHandler
                0x0000000008002a6c                TIM1_CC_IRQHandler
                0x0000000008002a6c                DMA2_Stream5_IRQHandler
                0x0000000008002a6c                DMA1_Stream5_IRQHandler
                0x0000000008002a6c                PVD_IRQHandler
                0x0000000008002a6c                SDIO_IRQHandler
                0x0000000008002a6c                TAMP_STAMP_IRQHandler
                0x0000000008002a6c                CAN2_RX1_IRQHandler
                0x0000000008002a6c                EXTI3_IRQHandler
                0x0000000008002a6c                TIM8_TRG_COM_TIM14_IRQHandler
                0x0000000008002a6c                TIM1_UP_TIM10_IRQHandler
                0x0000000008002a6c                TIM8_UP_TIM13_IRQHandler
                0x0000000008002a6c                I2C3_ER_IRQHandler
                0x0000000008002a6c                EXTI0_IRQHandler
                0x0000000008002a6c                I2C2_EV_IRQHandler
                0x0000000008002a6c                DMA1_Stream2_IRQHandler
                0x0000000008002a6c                CAN1_RX0_IRQHandler
                0x0000000008002a6c                FPU_IRQHandler
                0x0000000008002a6c                OTG_HS_WKUP_IRQHandler
                0x0000000008002a6c                LTDC_ER_IRQHandler
                0x0000000008002a6c                CAN2_SCE_IRQHandler
                0x0000000008002a6c                DMA2_Stream2_IRQHandler
                0x0000000008002a6c                SPI1_IRQHandler
                0x0000000008002a6c                TIM1_BRK_TIM9_IRQHandler
                0x0000000008002a6c                DCMI_IRQHandler
                0x0000000008002a6c                CAN2_RX0_IRQHandler
                0x0000000008002a6c                DMA2_Stream3_IRQHandler
                0x0000000008002a6c                USART6_IRQHandler
                0x0000000008002a6c                USART3_IRQHandler
                0x0000000008002a6c                CAN1_RX1_IRQHandler
                0x0000000008002a6c                UART5_IRQHandler
                0x0000000008002a6c                DMA2_Stream0_IRQHandler
                0x0000000008002a6c                TIM4_IRQHandler
                0x0000000008002a6c                I2C1_EV_IRQHandler
                0x0000000008002a6c                DMA1_Stream6_IRQHandler
                0x0000000008002a6c                DMA1_Stream1_IRQHandler
                0x0000000008002a6c                UART4_IRQHandler
                0x0000000008002a6c                TIM3_IRQHandler
                0x0000000008002a6c                RCC_IRQHandler
                0x0000000008002a6c                TIM8_BRK_TIM12_IRQHandler
                0x0000000008002a6c                Default_Handler
                0x0000000008002a6c                EXTI15_10_IRQHandler
                0x0000000008002a6c                ADC_IRQHandler
                0x0000000008002a6c                DMA1_Stream7_IRQHandler
                0x0000000008002a6c                SPI5_IRQHandler
                0x0000000008002a6c                TIM7_IRQHandler
                0x0000000008002a6c                CAN2_TX_IRQHandler
                0x0000000008002a6c                TIM5_IRQHandler
                0x0000000008002a6c                DMA2_Stream7_IRQHandler
                0x0000000008002a6c                I2C3_EV_IRQHandler
                0x0000000008002a6c                EXTI9_5_IRQHandler
                0x0000000008002a6c                RTC_WKUP_IRQHandler
                0x0000000008002a6c                ETH_WKUP_IRQHandler
                0x0000000008002a6c                SPI2_IRQHandler
                0x0000000008002a6c                OTG_HS_EP1_IN_IRQHandler
                0x0000000008002a6c                DMA1_Stream0_IRQHandler
                0x0000000008002a6c                CAN1_TX_IRQHandler
                0x0000000008002a6c                EXTI4_IRQHandler
                0x0000000008002a6c                ETH_IRQHandler
                0x0000000008002a6c                OTG_HS_EP1_OUT_IRQHandler
                0x0000000008002a6c                WWDG_IRQHandler
                0x0000000008002a6c                SPI6_IRQHandler
                0x0000000008002a6c                TIM2_IRQHandler
                0x0000000008002a6c                OTG_FS_WKUP_IRQHandler
                0x0000000008002a6c                TIM1_TRG_COM_TIM11_IRQHandler
                0x0000000008002a6c                EXTI1_IRQHandler
                0x0000000008002a6c                UART7_IRQHandler
                0x0000000008002a6c                USART2_IRQHandler
                0x0000000008002a6c                I2C2_ER_IRQHandler
                0x0000000008002a6c                DMA2_Stream1_IRQHandler
                0x0000000008002a6c                CAN1_SCE_IRQHandler
                0x0000000008002a6c                FLASH_IRQHandler
                0x0000000008002a6c                DMA2_Stream4_IRQHandler
                0x0000000008002a6c                USART1_IRQHandler
                0x0000000008002a6c                OTG_FS_IRQHandler
                0x0000000008002a6c                SPI3_IRQHandler
                0x0000000008002a6c                DMA1_Stream4_IRQHandler
                0x0000000008002a6c                I2C1_ER_IRQHandler
                0x0000000008002a6c                FMC_IRQHandler
                0x0000000008002a6c                DMA2_Stream6_IRQHandler
                0x0000000008002a6c                SAI1_IRQHandler
                0x0000000008002a6c                DMA1_Stream3_IRQHandler
 *fill*         0x0000000008002a6e        0x2 
 .text.HAL_Init
                0x0000000008002a70       0x44 Drivers/STM32F4xx_HAL_Driver/Src/stm32f4xx_hal.o
                0x0000000008002a70                HAL_Init
 .text.HAL_IncTick
                0x0000000008002ab4       0x28 Drivers/STM32F4xx_HAL_Driver/Src/stm32f4xx_hal.o
                0x0000000008002ab4                HAL_IncTick
 .text.HAL_GetTick
                0x0000000008002adc       0x18 Drivers/STM32F4xx_HAL_Driver/Src/stm32f4xx_hal.o
                0x0000000008002adc                HAL_GetTick
 .text.HAL_Delay
                0x0000000008002af4       0x44 Drivers/STM32F4xx_HAL_Driver/Src/stm32f4xx_hal.o
                0x0000000008002af4                HAL_Delay
 .text.__NVIC_SetPriorityGrouping
                0x0000000008002b38       0x48 Drivers/STM32F4xx_HAL_Driver/Src/stm32f4xx_hal_cortex.o
 .text.__NVIC_GetPriorityGrouping
                0x0000000008002b80       0x1c Drivers/STM32F4xx_HAL_Driver/Src/stm32f4xx_hal_cortex.o
 .text.__NVIC_EnableIRQ
                0x0000000008002b9c       0x3c Drivers/STM32F4xx_HAL_Driver/Src/stm32f4xx_hal_cortex.o
 .text.__NVIC_SetPriority
                0x0000000008002bd8       0x54 Drivers/STM32F4xx_HAL_Driver/Src/stm32f4xx_hal_cortex.o
 .text.NVIC_EncodePriority
                0x0000000008002c2c       0x66 Drivers/STM32F4xx_HAL_Driver/Src/stm32f4xx_hal_cortex.o
 .text.HAL_NVIC_SetPriorityGrouping
                0x0000000008002c92       0x16 Drivers/STM32F4xx_HAL_Driver/Src/stm32f4xx_hal_cortex.o
                0x0000000008002c92                HAL_NVIC_SetPriorityGrouping
 .text.HAL_NVIC_SetPriority
                0x0000000008002ca8       0x38 Drivers/STM32F4xx_HAL_Driver/Src/stm32f4xx_hal_cortex.o
                0x0000000008002ca8                HAL_NVIC_SetPriority
 .text.HAL_NVIC_EnableIRQ
                0x0000000008002ce0       0x1c Drivers/STM32F4xx_HAL_Driver/Src/stm32f4xx_hal_cortex.o
                0x0000000008002ce0                HAL_NVIC_EnableIRQ
 .text.HAL_CRC_Init
                0x0000000008002cfc       0x38 Drivers/STM32F4xx_HAL_Driver/Src/stm32f4xx_hal_crc.o
                0x0000000008002cfc                HAL_CRC_Init
 .text.HAL_DMA2D_Init
                0x0000000008002d34       0x92 Drivers/STM32F4xx_HAL_Driver/Src/stm32f4xx_hal_dma2d.o
                0x0000000008002d34                HAL_DMA2D_Init
 .text.HAL_DMA2D_IRQHandler
                0x0000000008002dc6      0x1f8 Drivers/STM32F4xx_HAL_Driver/Src/stm32f4xx_hal_dma2d.o
                0x0000000008002dc6                HAL_DMA2D_IRQHandler
 .text.HAL_DMA2D_LineEventCallback
                0x0000000008002fbe       0x14 Drivers/STM32F4xx_HAL_Driver/Src/stm32f4xx_hal_dma2d.o
                0x0000000008002fbe                HAL_DMA2D_LineEventCallback
 .text.HAL_DMA2D_CLUTLoadingCpltCallback
                0x0000000008002fd2       0x14 Drivers/STM32F4xx_HAL_Driver/Src/stm32f4xx_hal_dma2d.o
                0x0000000008002fd2                HAL_DMA2D_CLUTLoadingCpltCallback
 *fill*         0x0000000008002fe6        0x2 
 .text.HAL_DMA2D_ConfigLayer
                0x0000000008002fe8      0x124 Drivers/STM32F4xx_HAL_Driver/Src/stm32f4xx_hal_dma2d.o
                0x0000000008002fe8                HAL_DMA2D_ConfigLayer
 .text.HAL_GPIO_Init
                0x000000000800310c      0x354 Drivers/STM32F4xx_HAL_Driver/Src/stm32f4xx_hal_gpio.o
                0x000000000800310c                HAL_GPIO_Init
 .text.HAL_GPIO_DeInit
                0x0000000008003460      0x214 Drivers/STM32F4xx_HAL_Driver/Src/stm32f4xx_hal_gpio.o
                0x0000000008003460                HAL_GPIO_DeInit
 .text.HAL_GPIO_WritePin
                0x0000000008003674       0x32 Drivers/STM32F4xx_HAL_Driver/Src/stm32f4xx_hal_gpio.o
                0x0000000008003674                HAL_GPIO_WritePin
 .text.HAL_HCD_Init
                0x00000000080036a6       0xc4 Drivers/STM32F4xx_HAL_Driver/Src/stm32f4xx_hal_hcd.o
                0x00000000080036a6                HAL_HCD_Init
 .text.HAL_HCD_IRQHandler
                0x000000000800376a      0x208 Drivers/STM32F4xx_HAL_Driver/Src/stm32f4xx_hal_hcd.o
                0x000000000800376a                HAL_HCD_IRQHandler
 .text.HAL_HCD_SOF_Callback
                0x0000000008003972       0x14 Drivers/STM32F4xx_HAL_Driver/Src/stm32f4xx_hal_hcd.o
                0x0000000008003972                HAL_HCD_SOF_Callback
 .text.HAL_HCD_Connect_Callback
                0x0000000008003986       0x14 Drivers/STM32F4xx_HAL_Driver/Src/stm32f4xx_hal_hcd.o
                0x0000000008003986                HAL_HCD_Connect_Callback
 .text.HAL_HCD_Disconnect_Callback
                0x000000000800399a       0x14 Drivers/STM32F4xx_HAL_Driver/Src/stm32f4xx_hal_hcd.o
                0x000000000800399a                HAL_HCD_Disconnect_Callback
 .text.HAL_HCD_PortEnabled_Callback
                0x00000000080039ae       0x14 Drivers/STM32F4xx_HAL_Driver/Src/stm32f4xx_hal_hcd.o
                0x00000000080039ae                HAL_HCD_PortEnabled_Callback
 .text.HAL_HCD_PortDisabled_Callback
                0x00000000080039c2       0x14 Drivers/STM32F4xx_HAL_Driver/Src/stm32f4xx_hal_hcd.o
                0x00000000080039c2                HAL_HCD_PortDisabled_Callback
 .text.HAL_HCD_HC_NotifyURBChange_Callback
                0x00000000080039d6       0x1c Drivers/STM32F4xx_HAL_Driver/Src/stm32f4xx_hal_hcd.o
                0x00000000080039d6                HAL_HCD_HC_NotifyURBChange_Callback
 .text.HCD_HC_IN_IRQHandler
                0x00000000080039f2      0x86a Drivers/STM32F4xx_HAL_Driver/Src/stm32f4xx_hal_hcd.o
 .text.HCD_HC_OUT_IRQHandler
                0x000000000800425c      0x6ea Drivers/STM32F4xx_HAL_Driver/Src/stm32f4xx_hal_hcd.o
 *fill*         0x0000000008004946        0x2 
 .text.HCD_RXQLVL_IRQHandler
                0x0000000008004948      0x158 Drivers/STM32F4xx_HAL_Driver/Src/stm32f4xx_hal_hcd.o
 .text.HCD_Port_IRQHandler
                0x0000000008004aa0       0xe6 Drivers/STM32F4xx_HAL_Driver/Src/stm32f4xx_hal_hcd.o
 *fill*         0x0000000008004b86        0x2 
 .text.HAL_I2C_Init
                0x0000000008004b88      0x270 Drivers/STM32F4xx_HAL_Driver/Src/stm32f4xx_hal_i2c.o
                0x0000000008004b88                HAL_I2C_Init
 .text.HAL_I2CEx_ConfigAnalogFilter
                0x0000000008004df8       0x78 Drivers/STM32F4xx_HAL_Driver/Src/stm32f4xx_hal_i2c_ex.o
                0x0000000008004df8                HAL_I2CEx_ConfigAnalogFilter
 .text.HAL_I2CEx_ConfigDigitalFilter
                0x0000000008004e70       0x7e Drivers/STM32F4xx_HAL_Driver/Src/stm32f4xx_hal_i2c_ex.o
                0x0000000008004e70                HAL_I2CEx_ConfigDigitalFilter
 *fill*         0x0000000008004eee        0x2 
 .text.HAL_LTDC_Init
                0x0000000008004ef0      0x1a0 Drivers/STM32F4xx_HAL_Driver/Src/stm32f4xx_hal_ltdc.o
                0x0000000008004ef0                HAL_LTDC_Init
 .text.HAL_LTDC_IRQHandler
                0x0000000008005090      0x148 Drivers/STM32F4xx_HAL_Driver/Src/stm32f4xx_hal_ltdc.o
                0x0000000008005090                HAL_LTDC_IRQHandler
 .text.HAL_LTDC_ErrorCallback
                0x00000000080051d8       0x14 Drivers/STM32F4xx_HAL_Driver/Src/stm32f4xx_hal_ltdc.o
                0x00000000080051d8                HAL_LTDC_ErrorCallback
 .text.HAL_LTDC_LineEventCallback
                0x00000000080051ec       0x14 Drivers/STM32F4xx_HAL_Driver/Src/stm32f4xx_hal_ltdc.o
                0x00000000080051ec                HAL_LTDC_LineEventCallback
 .text.HAL_LTDC_ConfigLayer
                0x0000000008005200       0x7c Drivers/STM32F4xx_HAL_Driver/Src/stm32f4xx_hal_ltdc.o
                0x0000000008005200                HAL_LTDC_ConfigLayer
 .text.HAL_LTDC_Reload
                0x000000000800527c       0x5e Drivers/STM32F4xx_HAL_Driver/Src/stm32f4xx_hal_ltdc.o
                0x000000000800527c                HAL_LTDC_Reload
 .text.HAL_LTDC_SetWindowPosition_NoReload
                0x00000000080052da       0x84 Drivers/STM32F4xx_HAL_Driver/Src/stm32f4xx_hal_ltdc.o
                0x00000000080052da                HAL_LTDC_SetWindowPosition_NoReload
 .text.LTDC_SetConfig
                0x000000000800535e      0x32e Drivers/STM32F4xx_HAL_Driver/Src/stm32f4xx_hal_ltdc.o
 .text.HAL_RCC_OscConfig
                0x000000000800568c      0x4e0 Drivers/STM32F4xx_HAL_Driver/Src/stm32f4xx_hal_rcc.o
                0x000000000800568c                HAL_RCC_OscConfig
 .text.HAL_RCC_ClockConfig
                0x0000000008005b6c      0x1cc Drivers/STM32F4xx_HAL_Driver/Src/stm32f4xx_hal_rcc.o
                0x0000000008005b6c                HAL_RCC_ClockConfig
 .text.HAL_RCC_GetSysClockFreq
                0x0000000008005d38      0x1b0 Drivers/STM32F4xx_HAL_Driver/Src/stm32f4xx_hal_rcc.o
                0x0000000008005d38                HAL_RCC_GetSysClockFreq
 .text.HAL_RCC_GetHCLKFreq
                0x0000000008005ee8       0x18 Drivers/STM32F4xx_HAL_Driver/Src/stm32f4xx_hal_rcc.o
                0x0000000008005ee8                HAL_RCC_GetHCLKFreq
 .text.HAL_RCC_GetPCLK1Freq
                0x0000000008005f00       0x28 Drivers/STM32F4xx_HAL_Driver/Src/stm32f4xx_hal_rcc.o
                0x0000000008005f00                HAL_RCC_GetPCLK1Freq
 .text.HAL_RCC_GetPCLK2Freq
                0x0000000008005f28       0x28 Drivers/STM32F4xx_HAL_Driver/Src/stm32f4xx_hal_rcc.o
                0x0000000008005f28                HAL_RCC_GetPCLK2Freq
 .text.HAL_RCC_GetClockConfig
                0x0000000008005f50       0x64 Drivers/STM32F4xx_HAL_Driver/Src/stm32f4xx_hal_rcc.o
                0x0000000008005f50                HAL_RCC_GetClockConfig
 .text.HAL_RCCEx_PeriphCLKConfig
                0x0000000008005fb4      0x37c Drivers/STM32F4xx_HAL_Driver/Src/stm32f4xx_hal_rcc_ex.o
                0x0000000008005fb4                HAL_RCCEx_PeriphCLKConfig
 .text.HAL_SDRAM_Init
                0x0000000008006330       0x68 Drivers/STM32F4xx_HAL_Driver/Src/stm32f4xx_hal_sdram.o
                0x0000000008006330                HAL_SDRAM_Init
 .text.HAL_SPI_Init
                0x0000000008006398       0xc8 Drivers/STM32F4xx_HAL_Driver/Src/stm32f4xx_hal_spi.o
                0x0000000008006398                HAL_SPI_Init
 .text.HAL_SPI_DeInit
                0x0000000008006460       0x50 Drivers/STM32F4xx_HAL_Driver/Src/stm32f4xx_hal_spi.o
                0x0000000008006460                HAL_SPI_DeInit
 .text.HAL_SPI_Transmit
                0x00000000080064b0      0x268 Drivers/STM32F4xx_HAL_Driver/Src/stm32f4xx_hal_spi.o
                0x00000000080064b0                HAL_SPI_Transmit
 .text.HAL_SPI_TransmitReceive
                0x0000000008006718      0x344 Drivers/STM32F4xx_HAL_Driver/Src/stm32f4xx_hal_spi.o
                0x0000000008006718                HAL_SPI_TransmitReceive
 .text.HAL_SPI_GetState
                0x0000000008006a5c       0x1c Drivers/STM32F4xx_HAL_Driver/Src/stm32f4xx_hal_spi.o
                0x0000000008006a5c                HAL_SPI_GetState
 .text.SPI_WaitFlagStateUntilTimeout
                0x0000000008006a78       0xd4 Drivers/STM32F4xx_HAL_Driver/Src/stm32f4xx_hal_spi.o
 .text.SPI_EndRxTxTransaction
                0x0000000008006b4c       0x84 Drivers/STM32F4xx_HAL_Driver/Src/stm32f4xx_hal_spi.o
 .text.HAL_TIM_Base_Init
                0x0000000008006bd0       0x56 Drivers/STM32F4xx_HAL_Driver/Src/stm32f4xx_hal_tim.o
                0x0000000008006bd0                HAL_TIM_Base_Init
 .text.HAL_TIM_Base_Start_IT
                0x0000000008006c26       0x48 Drivers/STM32F4xx_HAL_Driver/Src/stm32f4xx_hal_tim.o
                0x0000000008006c26                HAL_TIM_Base_Start_IT
 .text.HAL_TIM_IRQHandler
                0x0000000008006c6e      0x210 Drivers/STM32F4xx_HAL_Driver/Src/stm32f4xx_hal_tim.o
                0x0000000008006c6e                HAL_TIM_IRQHandler
 .text.HAL_TIM_ConfigClockSource
                0x0000000008006e7e      0x16e Drivers/STM32F4xx_HAL_Driver/Src/stm32f4xx_hal_tim.o
                0x0000000008006e7e                HAL_TIM_ConfigClockSource
 .text.HAL_TIM_OC_DelayElapsedCallback
                0x0000000008006fec       0x14 Drivers/STM32F4xx_HAL_Driver/Src/stm32f4xx_hal_tim.o
                0x0000000008006fec                HAL_TIM_OC_DelayElapsedCallback
 .text.HAL_TIM_IC_CaptureCallback
                0x0000000008007000       0x14 Drivers/STM32F4xx_HAL_Driver/Src/stm32f4xx_hal_tim.o
                0x0000000008007000                HAL_TIM_IC_CaptureCallback
 .text.HAL_TIM_PWM_PulseFinishedCallback
                0x0000000008007014       0x14 Drivers/STM32F4xx_HAL_Driver/Src/stm32f4xx_hal_tim.o
                0x0000000008007014                HAL_TIM_PWM_PulseFinishedCallback
 .text.HAL_TIM_TriggerCallback
                0x0000000008007028       0x14 Drivers/STM32F4xx_HAL_Driver/Src/stm32f4xx_hal_tim.o
                0x0000000008007028                HAL_TIM_TriggerCallback
 .text.TIM_Base_SetConfig
                0x000000000800703c      0x140 Drivers/STM32F4xx_HAL_Driver/Src/stm32f4xx_hal_tim.o
                0x000000000800703c                TIM_Base_SetConfig
 .text.TIM_TI1_ConfigInputStage
                0x000000000800717c       0x5e Drivers/STM32F4xx_HAL_Driver/Src/stm32f4xx_hal_tim.o
 .text.TIM_TI2_ConfigInputStage
                0x00000000080071da       0x60 Drivers/STM32F4xx_HAL_Driver/Src/stm32f4xx_hal_tim.o
 .text.TIM_ITRx_SetConfig
                0x000000000800723a       0x36 Drivers/STM32F4xx_HAL_Driver/Src/stm32f4xx_hal_tim.o
 .text.TIM_ETR_SetConfig
                0x0000000008007270       0x40 Drivers/STM32F4xx_HAL_Driver/Src/stm32f4xx_hal_tim.o
                0x0000000008007270                TIM_ETR_SetConfig
 .text.HAL_TIMEx_MasterConfigSynchronization
                0x00000000080072b0       0xf8 Drivers/STM32F4xx_HAL_Driver/Src/stm32f4xx_hal_tim_ex.o
                0x00000000080072b0                HAL_TIMEx_MasterConfigSynchronization
 .text.HAL_TIMEx_CommutCallback
                0x00000000080073a8       0x14 Drivers/STM32F4xx_HAL_Driver/Src/stm32f4xx_hal_tim_ex.o
                0x00000000080073a8                HAL_TIMEx_CommutCallback
 .text.HAL_TIMEx_BreakCallback
                0x00000000080073bc       0x14 Drivers/STM32F4xx_HAL_Driver/Src/stm32f4xx_hal_tim_ex.o
                0x00000000080073bc                HAL_TIMEx_BreakCallback
 .text.HAL_UART_Init
                0x00000000080073d0       0x9a Drivers/STM32F4xx_HAL_Driver/Src/stm32f4xx_hal_uart.o
                0x00000000080073d0                HAL_UART_Init
 *fill*         0x000000000800746a        0x2 
 .text.UART_SetConfig
                0x000000000800746c      0x6f8 Drivers/STM32F4xx_HAL_Driver/Src/stm32f4xx_hal_uart.o
 .text.FMC_SDRAM_Init
                0x0000000008007b64       0xe6 Drivers/STM32F4xx_HAL_Driver/Src/stm32f4xx_ll_fmc.o
                0x0000000008007b64                FMC_SDRAM_Init
 .text.FMC_SDRAM_Timing_Init
                0x0000000008007c4a       0xfe Drivers/STM32F4xx_HAL_Driver/Src/stm32f4xx_ll_fmc.o
                0x0000000008007c4a                FMC_SDRAM_Timing_Init
 .text.USB_CoreInit
                0x0000000008007d48       0xc2 Drivers/STM32F4xx_HAL_Driver/Src/stm32f4xx_ll_usb.o
                0x0000000008007d48                USB_CoreInit
 .text.USB_DisableGlobalInt
                0x0000000008007e0a       0x22 Drivers/STM32F4xx_HAL_Driver/Src/stm32f4xx_ll_usb.o
                0x0000000008007e0a                USB_DisableGlobalInt
 .text.USB_SetCurrentMode
                0x0000000008007e2c       0x54 Drivers/STM32F4xx_HAL_Driver/Src/stm32f4xx_ll_usb.o
                0x0000000008007e2c                USB_SetCurrentMode
 .text.USB_FlushTxFifo
                0x0000000008007e80       0x4c Drivers/STM32F4xx_HAL_Driver/Src/stm32f4xx_ll_usb.o
                0x0000000008007e80                USB_FlushTxFifo
 .text.USB_FlushRxFifo
                0x0000000008007ecc       0x44 Drivers/STM32F4xx_HAL_Driver/Src/stm32f4xx_ll_usb.o
                0x0000000008007ecc                USB_FlushRxFifo
 .text.USB_ReadPacket
                0x0000000008007f10       0x52 Drivers/STM32F4xx_HAL_Driver/Src/stm32f4xx_ll_usb.o
                0x0000000008007f10                USB_ReadPacket
 .text.USB_ReadInterrupts
                0x0000000008007f62       0x26 Drivers/STM32F4xx_HAL_Driver/Src/stm32f4xx_ll_usb.o
                0x0000000008007f62                USB_ReadInterrupts
 .text.USB_GetMode
                0x0000000008007f88       0x1c Drivers/STM32F4xx_HAL_Driver/Src/stm32f4xx_ll_usb.o
                0x0000000008007f88                USB_GetMode
 .text.USB_CoreReset
                0x0000000008007fa4       0x68 Drivers/STM32F4xx_HAL_Driver/Src/stm32f4xx_ll_usb.o
 .text.USB_HostInit
                0x000000000800800c      0x178 Drivers/STM32F4xx_HAL_Driver/Src/stm32f4xx_ll_usb.o
                0x000000000800800c                USB_HostInit
 .text.USB_InitFSLSPClkSel
                0x0000000008008184       0x74 Drivers/STM32F4xx_HAL_Driver/Src/stm32f4xx_ll_usb.o
                0x0000000008008184                USB_InitFSLSPClkSel
 .text.USB_DriveVbus
                0x00000000080081f8       0x72 Drivers/STM32F4xx_HAL_Driver/Src/stm32f4xx_ll_usb.o
                0x00000000080081f8                USB_DriveVbus
 .text.USB_HC_ReadInterrupt
                0x000000000800826a       0x22 Drivers/STM32F4xx_HAL_Driver/Src/stm32f4xx_ll_usb.o
                0x000000000800826a                USB_HC_ReadInterrupt
 .text.USB_HC_Halt
                0x000000000800828c      0x1fe Drivers/STM32F4xx_HAL_Driver/Src/stm32f4xx_ll_usb.o
                0x000000000800828c                USB_HC_Halt
 *fill*         0x000000000800848a        0x2 
 .text.__libc_init_array
                0x000000000800848c       0x48 c:/st/stm32cubeide_1.4.0/stm32cubeide/plugins/com.st.stm32cube.ide.mcu.externaltools.gnu-tools-for-stm32.7-2018-q2-update.win32_1.4.0.202007081208/tools/bin/../lib/gcc/arm-none-eabi/7.3.1/../../../../arm-none-eabi/lib/thumb/v7e-m/fpv4-sp/hard\libc_nano.a(lib_a-init.o)
                0x000000000800848c                __libc_init_array
 .text.memset   0x00000000080084d4       0x10 c:/st/stm32cubeide_1.4.0/stm32cubeide/plugins/com.st.stm32cube.ide.mcu.externaltools.gnu-tools-for-stm32.7-2018-q2-update.win32_1.4.0.202007081208/tools/bin/../lib/gcc/arm-none-eabi/7.3.1/../../../../arm-none-eabi/lib/thumb/v7e-m/fpv4-sp/hard\libc_nano.a(lib_a-memset.o)
                0x00000000080084d4                memset
 .text.sinf     0x00000000080084e4       0x84 c:/st/stm32cubeide_1.4.0/stm32cubeide/plugins/com.st.stm32cube.ide.mcu.externaltools.gnu-tools-for-stm32.7-2018-q2-update.win32_1.4.0.202007081208/tools/bin/../lib/gcc/arm-none-eabi/7.3.1/../../../../arm-none-eabi/lib/thumb/v7e-m/fpv4-sp/hard\libm.a(lib_a-sf_sin.o)
                0x00000000080084e4                sinf
 .text.__ieee754_rem_pio2f
                0x0000000008008568      0x258 c:/st/stm32cubeide_1.4.0/stm32cubeide/plugins/com.st.stm32cube.ide.mcu.externaltools.gnu-tools-for-stm32.7-2018-q2-update.win32_1.4.0.202007081208/tools/bin/../lib/gcc/arm-none-eabi/7.3.1/../../../../arm-none-eabi/lib/thumb/v7e-m/fpv4-sp/hard\libm.a(lib_a-ef_rem_pio2.o)
                0x0000000008008568                __ieee754_rem_pio2f
 .text.__kernel_cosf
                0x00000000080087c0       0xbc c:/st/stm32cubeide_1.4.0/stm32cubeide/plugins/com.st.stm32cube.ide.mcu.externaltools.gnu-tools-for-stm32.7-2018-q2-update.win32_1.4.0.202007081208/tools/bin/../lib/gcc/arm-none-eabi/7.3.1/../../../../arm-none-eabi/lib/thumb/v7e-m/fpv4-sp/hard\libm.a(lib_a-kf_cos.o)
                0x00000000080087c0                __kernel_cosf
 .text.__kernel_rem_pio2f
                0x000000000800887c      0x504 c:/st/stm32cubeide_1.4.0/stm32cubeide/plugins/com.st.stm32cube.ide.mcu.externaltools.gnu-tools-for-stm32.7-2018-q2-update.win32_1.4.0.202007081208/tools/bin/../lib/gcc/arm-none-eabi/7.3.1/../../../../arm-none-eabi/lib/thumb/v7e-m/fpv4-sp/hard\libm.a(lib_a-kf_rem_pio2.o)
                0x000000000800887c                __kernel_rem_pio2f
 .text.__kernel_sinf
                0x0000000008008d80       0x90 c:/st/stm32cubeide_1.4.0/stm32cubeide/plugins/com.st.stm32cube.ide.mcu.externaltools.gnu-tools-for-stm32.7-2018-q2-update.win32_1.4.0.202007081208/tools/bin/../lib/gcc/arm-none-eabi/7.3.1/../../../../arm-none-eabi/lib/thumb/v7e-m/fpv4-sp/hard\libm.a(lib_a-kf_sin.o)
                0x0000000008008d80                __kernel_sinf
 .text.fabsf    0x0000000008008e10        0xe c:/st/stm32cubeide_1.4.0/stm32cubeide/plugins/com.st.stm32cube.ide.mcu.externaltools.gnu-tools-for-stm32.7-2018-q2-update.win32_1.4.0.202007081208/tools/bin/../lib/gcc/arm-none-eabi/7.3.1/../../../../arm-none-eabi/lib/thumb/v7e-m/fpv4-sp/hard\libm.a(lib_a-sf_fabs.o)
                0x0000000008008e10                fabsf
 *fill*         0x0000000008008e1e        0x2 
 .text.floorf   0x0000000008008e20       0x84 c:/st/stm32cubeide_1.4.0/stm32cubeide/plugins/com.st.stm32cube.ide.mcu.externaltools.gnu-tools-for-stm32.7-2018-q2-update.win32_1.4.0.202007081208/tools/bin/../lib/gcc/arm-none-eabi/7.3.1/../../../../arm-none-eabi/lib/thumb/v7e-m/fpv4-sp/hard\libm.a(lib_a-sf_floor.o)
                0x0000000008008e20                floorf
 .text.scalbnf  0x0000000008008ea4       0xc0 c:/st/stm32cubeide_1.4.0/stm32cubeide/plugins/com.st.stm32cube.ide.mcu.externaltools.gnu-tools-for-stm32.7-2018-q2-update.win32_1.4.0.202007081208/tools/bin/../lib/gcc/arm-none-eabi/7.3.1/../../../../arm-none-eabi/lib/thumb/v7e-m/fpv4-sp/hard\libm.a(lib_a-sf_scalbn.o)
                0x0000000008008ea4                scalbnf
 .text.copysignf
                0x0000000008008f64       0x18 c:/st/stm32cubeide_1.4.0/stm32cubeide/plugins/com.st.stm32cube.ide.mcu.externaltools.gnu-tools-for-stm32.7-2018-q2-update.win32_1.4.0.202007081208/tools/bin/../lib/gcc/arm-none-eabi/7.3.1/../../../../arm-none-eabi/lib/thumb/v7e-m/fpv4-sp/hard\libm.a(lib_a-sf_copysign.o)
                0x0000000008008f64                copysignf
 *(.glue_7)
 .glue_7        0x0000000008008f7c        0x0 linker stubs
 *(.glue_7t)
 .glue_7t       0x0000000008008f7c        0x0 linker stubs
 *(.eh_frame)
 .eh_frame      0x0000000008008f7c        0x0 c:/st/stm32cubeide_1.4.0/stm32cubeide/plugins/com.st.stm32cube.ide.mcu.externaltools.gnu-tools-for-stm32.7-2018-q2-update.win32_1.4.0.202007081208/tools/bin/../lib/gcc/arm-none-eabi/7.3.1/thumb/v7e-m/fpv4-sp/hard/crtbegin.o
 *(.init)
 .init          0x0000000008008f7c        0x4 c:/st/stm32cubeide_1.4.0/stm32cubeide/plugins/com.st.stm32cube.ide.mcu.externaltools.gnu-tools-for-stm32.7-2018-q2-update.win32_1.4.0.202007081208/tools/bin/../lib/gcc/arm-none-eabi/7.3.1/thumb/v7e-m/fpv4-sp/hard/crti.o
                0x0000000008008f7c                _init
 .init          0x0000000008008f80        0x8 c:/st/stm32cubeide_1.4.0/stm32cubeide/plugins/com.st.stm32cube.ide.mcu.externaltools.gnu-tools-for-stm32.7-2018-q2-update.win32_1.4.0.202007081208/tools/bin/../lib/gcc/arm-none-eabi/7.3.1/thumb/v7e-m/fpv4-sp/hard/crtn.o
 *(.fini)
 .fini          0x0000000008008f88        0x4 c:/st/stm32cubeide_1.4.0/stm32cubeide/plugins/com.st.stm32cube.ide.mcu.externaltools.gnu-tools-for-stm32.7-2018-q2-update.win32_1.4.0.202007081208/tools/bin/../lib/gcc/arm-none-eabi/7.3.1/thumb/v7e-m/fpv4-sp/hard/crti.o
                0x0000000008008f88                _fini
 .fini          0x0000000008008f8c        0x8 c:/st/stm32cubeide_1.4.0/stm32cubeide/plugins/com.st.stm32cube.ide.mcu.externaltools.gnu-tools-for-stm32.7-2018-q2-update.win32_1.4.0.202007081208/tools/bin/../lib/gcc/arm-none-eabi/7.3.1/thumb/v7e-m/fpv4-sp/hard/crtn.o
                0x0000000008008f94                . = ALIGN (0x4)
                0x0000000008008f94                _etext = .

.vfp11_veneer   0x0000000008008f94        0x0
 .vfp11_veneer  0x0000000008008f94        0x0 linker stubs

.v4_bx          0x0000000008008f94        0x0
 .v4_bx         0x0000000008008f94        0x0 linker stubs

.iplt           0x0000000008008f94        0x0
 .iplt          0x0000000008008f94        0x0 c:/st/stm32cubeide_1.4.0/stm32cubeide/plugins/com.st.stm32cube.ide.mcu.externaltools.gnu-tools-for-stm32.7-2018-q2-update.win32_1.4.0.202007081208/tools/bin/../lib/gcc/arm-none-eabi/7.3.1/thumb/v7e-m/fpv4-sp/hard/crtbegin.o

.rodata         0x0000000008008f94     0x1cd8
                0x0000000008008f94                . = ALIGN (0x4)
 *(.rodata)
 *(.rodata*)
 .rodata.ball2  0x0000000008008f94     0x18f0 Core/Src/main.o
                0x0000000008008f94                ball2
 .rodata.AHBPrescTable
                0x000000000800a884       0x10 Core/Src/system_stm32f4xx.o
                0x000000000800a884                AHBPrescTable
 .rodata.APBPrescTable
                0x000000000800a894        0x8 Core/Src/system_stm32f4xx.o
                0x000000000800a894                APBPrescTable
 .rodata.npio2_hw
                0x000000000800a89c       0x80 c:/st/stm32cubeide_1.4.0/stm32cubeide/plugins/com.st.stm32cube.ide.mcu.externaltools.gnu-tools-for-stm32.7-2018-q2-update.win32_1.4.0.202007081208/tools/bin/../lib/gcc/arm-none-eabi/7.3.1/../../../../arm-none-eabi/lib/thumb/v7e-m/fpv4-sp/hard\libm.a(lib_a-ef_rem_pio2.o)
 .rodata.two_over_pi
                0x000000000800a91c      0x318 c:/st/stm32cubeide_1.4.0/stm32cubeide/plugins/com.st.stm32cube.ide.mcu.externaltools.gnu-tools-for-stm32.7-2018-q2-update.win32_1.4.0.202007081208/tools/bin/../lib/gcc/arm-none-eabi/7.3.1/../../../../arm-none-eabi/lib/thumb/v7e-m/fpv4-sp/hard\libm.a(lib_a-ef_rem_pio2.o)
 .rodata.PIo2   0x000000000800ac34       0x2c c:/st/stm32cubeide_1.4.0/stm32cubeide/plugins/com.st.stm32cube.ide.mcu.externaltools.gnu-tools-for-stm32.7-2018-q2-update.win32_1.4.0.202007081208/tools/bin/../lib/gcc/arm-none-eabi/7.3.1/../../../../arm-none-eabi/lib/thumb/v7e-m/fpv4-sp/hard\libm.a(lib_a-kf_rem_pio2.o)
 .rodata.init_jk
                0x000000000800ac60        0xc c:/st/stm32cubeide_1.4.0/stm32cubeide/plugins/com.st.stm32cube.ide.mcu.externaltools.gnu-tools-for-stm32.7-2018-q2-update.win32_1.4.0.202007081208/tools/bin/../lib/gcc/arm-none-eabi/7.3.1/../../../../arm-none-eabi/lib/thumb/v7e-m/fpv4-sp/hard\libm.a(lib_a-kf_rem_pio2.o)
                0x000000000800ac6c                . = ALIGN (0x4)

.ARM.extab      0x000000000800ac6c        0x0
                0x000000000800ac6c                . = ALIGN (0x4)
 *(.ARM.extab* .gnu.linkonce.armextab.*)
                0x000000000800ac6c                . = ALIGN (0x4)

.ARM            0x000000000800ac6c        0x8
                0x000000000800ac6c                . = ALIGN (0x4)
                0x000000000800ac6c                __exidx_start = .
 *(.ARM.exidx*)
 .ARM.exidx     0x000000000800ac6c        0x8 c:/st/stm32cubeide_1.4.0/stm32cubeide/plugins/com.st.stm32cube.ide.mcu.externaltools.gnu-tools-for-stm32.7-2018-q2-update.win32_1.4.0.202007081208/tools/bin/../lib/gcc/arm-none-eabi/7.3.1/thumb/v7e-m/fpv4-sp/hard\libgcc.a(_udivmoddi4.o)
                0x000000000800ac74                __exidx_end = .
                0x000000000800ac74                . = ALIGN (0x4)

.rel.dyn        0x000000000800ac74        0x0
 .rel.iplt      0x000000000800ac74        0x0 c:/st/stm32cubeide_1.4.0/stm32cubeide/plugins/com.st.stm32cube.ide.mcu.externaltools.gnu-tools-for-stm32.7-2018-q2-update.win32_1.4.0.202007081208/tools/bin/../lib/gcc/arm-none-eabi/7.3.1/thumb/v7e-m/fpv4-sp/hard/crtbegin.o

.preinit_array  0x000000000800ac74        0x0
                0x000000000800ac74                . = ALIGN (0x4)
                0x000000000800ac74                PROVIDE (__preinit_array_start = .)
 *(.preinit_array*)
                0x000000000800ac74                PROVIDE (__preinit_array_end = .)
                0x000000000800ac74                . = ALIGN (0x4)

.init_array     0x000000000800ac74        0x4
                0x000000000800ac74                . = ALIGN (0x4)
                0x000000000800ac74                PROVIDE (__init_array_start = .)
 *(SORT_BY_NAME(.init_array.*))
 *(.init_array*)
 .init_array    0x000000000800ac74        0x4 c:/st/stm32cubeide_1.4.0/stm32cubeide/plugins/com.st.stm32cube.ide.mcu.externaltools.gnu-tools-for-stm32.7-2018-q2-update.win32_1.4.0.202007081208/tools/bin/../lib/gcc/arm-none-eabi/7.3.1/thumb/v7e-m/fpv4-sp/hard/crtbegin.o
                0x000000000800ac78                PROVIDE (__init_array_end = .)
                0x000000000800ac78                . = ALIGN (0x4)

.fini_array     0x000000000800ac78        0x4
                0x000000000800ac78                . = ALIGN (0x4)
                [!provide]                        PROVIDE (__fini_array_start = .)
 *(SORT_BY_NAME(.fini_array.*))
 *(.fini_array*)
 .fini_array    0x000000000800ac78        0x4 c:/st/stm32cubeide_1.4.0/stm32cubeide/plugins/com.st.stm32cube.ide.mcu.externaltools.gnu-tools-for-stm32.7-2018-q2-update.win32_1.4.0.202007081208/tools/bin/../lib/gcc/arm-none-eabi/7.3.1/thumb/v7e-m/fpv4-sp/hard/crtbegin.o
                [!provide]                        PROVIDE (__fini_array_end = .)
                0x000000000800ac7c                . = ALIGN (0x4)
                0x000000000800ac7c                _sidata = LOADADDR (.data)

.data           0x0000000020000000       0x10 load address 0x000000000800ac7c
                0x0000000020000000                . = ALIGN (0x4)
                0x0000000020000000                _sdata = .
 *(.data)
 *(.data*)
 .data.SpixTimeout
                0x0000000020000000        0x4 Core/Src/stm32f429i_discovery.o
                0x0000000020000000                SpixTimeout
 .data.SystemCoreClock
                0x0000000020000004        0x4 Core/Src/system_stm32f4xx.o
                0x0000000020000004                SystemCoreClock
 .data.uwTickPrio
                0x0000000020000008        0x4 Drivers/STM32F4xx_HAL_Driver/Src/stm32f4xx_hal.o
                0x0000000020000008                uwTickPrio
 .data.uwTickFreq
                0x000000002000000c        0x1 Drivers/STM32F4xx_HAL_Driver/Src/stm32f4xx_hal.o
                0x000000002000000c                uwTickFreq
                0x0000000020000010                . = ALIGN (0x4)
 *fill*         0x000000002000000d        0x3 
                0x0000000020000010                _edata = .

.igot.plt       0x0000000020000010        0x0 load address 0x000000000800ac8c
 .igot.plt      0x0000000020000010        0x0 c:/st/stm32cubeide_1.4.0/stm32cubeide/plugins/com.st.stm32cube.ide.mcu.externaltools.gnu-tools-for-stm32.7-2018-q2-update.win32_1.4.0.202007081208/tools/bin/../lib/gcc/arm-none-eabi/7.3.1/thumb/v7e-m/fpv4-sp/hard/crtbegin.o
                0x0000000020000010                . = ALIGN (0x4)

.bss            0x0000000020000010      0x5d8 load address 0x000000000800ac8c
                0x0000000020000010                _sbss = .
                0x0000000020000010                __bss_start__ = _sbss
 *(.bss)
 .bss           0x0000000020000010       0x1c c:/st/stm32cubeide_1.4.0/stm32cubeide/plugins/com.st.stm32cube.ide.mcu.externaltools.gnu-tools-for-stm32.7-2018-q2-update.win32_1.4.0.202007081208/tools/bin/../lib/gcc/arm-none-eabi/7.3.1/thumb/v7e-m/fpv4-sp/hard/crtbegin.o
 *(.bss*)
 .bss.ReloadFlag
                0x000000002000002c        0x4 Core/Src/main.o
                0x000000002000002c                ReloadFlag
 .bss.SpiHandle
                0x0000000020000030       0x58 Core/Src/stm32f429i_discovery.o
 .bss.Is_LCD_IO_Initialized
                0x0000000020000088        0x1 Core/Src/stm32f429i_discovery.o
 *fill*         0x0000000020000089        0x3 
 .bss.FMC_Initialized
                0x000000002000008c        0x4 Core/Src/stm32f4xx_hal_msp.o
 *(COMMON)
 COMMON         0x0000000020000090      0x514 Core/Src/main.o
                0x0000000020000090                hi2c3
                0x00000000200000e4                hspi5
                0x000000002000013c                hcrc
                0x0000000020000144                hltdc
                0x00000000200001ec                huart1
                0x000000002000022c                hhcd_USB_OTG_HS
                0x00000000200004f0                htim1
                0x0000000020000530                hdma2d
                0x0000000020000570                hsdram1
 COMMON         0x00000000200005a4       0x40 Core/Src/stm32f4xx_hal_timebase_tim.o
                0x00000000200005a4                htim6
 COMMON         0x00000000200005e4        0x4 Drivers/STM32F4xx_HAL_Driver/Src/stm32f4xx_hal.o
                0x00000000200005e4                uwTick
                0x00000000200005e8                . = ALIGN (0x4)
                0x00000000200005e8                _ebss = .
                0x00000000200005e8                __bss_end__ = _ebss

._user_heap_stack
                0x00000000200005e8      0x600 load address 0x000000000800ac8c
                0x00000000200005e8                . = ALIGN (0x8)
                [!provide]                        PROVIDE (end = .)
                0x00000000200005e8                PROVIDE (_end = .)
                0x00000000200007e8                . = (. + _Min_Heap_Size)
 *fill*         0x00000000200005e8      0x200 
                0x0000000020000be8                . = (. + _Min_Stack_Size)
 *fill*         0x00000000200007e8      0x400 
                0x0000000020000be8                . = ALIGN (0x8)

/DISCARD/
 libc.a(*)
 libm.a(*)
 libgcc.a(*)

.ARM.attributes
                0x0000000000000000       0x30
 *(.ARM.attributes)
 .ARM.attributes
                0x0000000000000000       0x22 c:/st/stm32cubeide_1.4.0/stm32cubeide/plugins/com.st.stm32cube.ide.mcu.externaltools.gnu-tools-for-stm32.7-2018-q2-update.win32_1.4.0.202007081208/tools/bin/../lib/gcc/arm-none-eabi/7.3.1/thumb/v7e-m/fpv4-sp/hard/crti.o
 .ARM.attributes
                0x0000000000000022       0x34 c:/st/stm32cubeide_1.4.0/stm32cubeide/plugins/com.st.stm32cube.ide.mcu.externaltools.gnu-tools-for-stm32.7-2018-q2-update.win32_1.4.0.202007081208/tools/bin/../lib/gcc/arm-none-eabi/7.3.1/thumb/v7e-m/fpv4-sp/hard/crtbegin.o
 .ARM.attributes
                0x0000000000000056       0x39 Core/Src/ball_controll.o
 .ARM.attributes
                0x000000000000008f       0x39 Core/Src/gyroscope.o
 .ARM.attributes
                0x00000000000000c8       0x39 Core/Src/ili9341.o
 .ARM.attributes
                0x0000000000000101       0x39 Core/Src/main.o
 .ARM.attributes
                0x000000000000013a       0x39 Core/Src/stm32f429i_discovery.o
 .ARM.attributes
                0x0000000000000173       0x39 Core/Src/stm32f4xx_hal_msp.o
 .ARM.attributes
                0x00000000000001ac       0x39 Core/Src/stm32f4xx_hal_timebase_tim.o
 .ARM.attributes
                0x00000000000001e5       0x39 Core/Src/stm32f4xx_it.o
 .ARM.attributes
                0x000000000000021e       0x39 Core/Src/system_stm32f4xx.o
 .ARM.attributes
                0x0000000000000257       0x21 Core/Startup/startup_stm32f429zitx.o
 .ARM.attributes
                0x0000000000000278       0x39 Drivers/STM32F4xx_HAL_Driver/Src/stm32f4xx_hal.o
 .ARM.attributes
                0x00000000000002b1       0x39 Drivers/STM32F4xx_HAL_Driver/Src/stm32f4xx_hal_cortex.o
 .ARM.attributes
                0x00000000000002ea       0x39 Drivers/STM32F4xx_HAL_Driver/Src/stm32f4xx_hal_crc.o
 .ARM.attributes
                0x0000000000000323       0x39 Drivers/STM32F4xx_HAL_Driver/Src/stm32f4xx_hal_dma2d.o
 .ARM.attributes
                0x000000000000035c       0x39 Drivers/STM32F4xx_HAL_Driver/Src/stm32f4xx_hal_gpio.o
 .ARM.attributes
                0x0000000000000395       0x39 Drivers/STM32F4xx_HAL_Driver/Src/stm32f4xx_hal_hcd.o
 .ARM.attributes
                0x00000000000003ce       0x39 Drivers/STM32F4xx_HAL_Driver/Src/stm32f4xx_hal_i2c.o
 .ARM.attributes
                0x0000000000000407       0x39 Drivers/STM32F4xx_HAL_Driver/Src/stm32f4xx_hal_i2c_ex.o
 .ARM.attributes
                0x0000000000000440       0x39 Drivers/STM32F4xx_HAL_Driver/Src/stm32f4xx_hal_ltdc.o
 .ARM.attributes
                0x0000000000000479       0x39 Drivers/STM32F4xx_HAL_Driver/Src/stm32f4xx_hal_rcc.o
 .ARM.attributes
                0x00000000000004b2       0x39 Drivers/STM32F4xx_HAL_Driver/Src/stm32f4xx_hal_rcc_ex.o
 .ARM.attributes
                0x00000000000004eb       0x39 Drivers/STM32F4xx_HAL_Driver/Src/stm32f4xx_hal_sdram.o
 .ARM.attributes
                0x0000000000000524       0x39 Drivers/STM32F4xx_HAL_Driver/Src/stm32f4xx_hal_spi.o
 .ARM.attributes
                0x000000000000055d       0x39 Drivers/STM32F4xx_HAL_Driver/Src/stm32f4xx_hal_tim.o
 .ARM.attributes
                0x0000000000000596       0x39 Drivers/STM32F4xx_HAL_Driver/Src/stm32f4xx_hal_tim_ex.o
 .ARM.attributes
                0x00000000000005cf       0x39 Drivers/STM32F4xx_HAL_Driver/Src/stm32f4xx_hal_uart.o
 .ARM.attributes
                0x0000000000000608       0x39 Drivers/STM32F4xx_HAL_Driver/Src/stm32f4xx_ll_fmc.o
 .ARM.attributes
                0x0000000000000641       0x39 Drivers/STM32F4xx_HAL_Driver/Src/stm32f4xx_ll_usb.o
 .ARM.attributes
                0x000000000000067a       0x34 c:/st/stm32cubeide_1.4.0/stm32cubeide/plugins/com.st.stm32cube.ide.mcu.externaltools.gnu-tools-for-stm32.7-2018-q2-update.win32_1.4.0.202007081208/tools/bin/../lib/gcc/arm-none-eabi/7.3.1/../../../../arm-none-eabi/lib/thumb/v7e-m/fpv4-sp/hard\libc_nano.a(lib_a-init.o)
 .ARM.attributes
                0x00000000000006ae       0x34 c:/st/stm32cubeide_1.4.0/stm32cubeide/plugins/com.st.stm32cube.ide.mcu.externaltools.gnu-tools-for-stm32.7-2018-q2-update.win32_1.4.0.202007081208/tools/bin/../lib/gcc/arm-none-eabi/7.3.1/../../../../arm-none-eabi/lib/thumb/v7e-m/fpv4-sp/hard\libc_nano.a(lib_a-memset.o)
 .ARM.attributes
                0x00000000000006e2       0x34 c:/st/stm32cubeide_1.4.0/stm32cubeide/plugins/com.st.stm32cube.ide.mcu.externaltools.gnu-tools-for-stm32.7-2018-q2-update.win32_1.4.0.202007081208/tools/bin/../lib/gcc/arm-none-eabi/7.3.1/../../../../arm-none-eabi/lib/thumb/v7e-m/fpv4-sp/hard\libm.a(lib_a-sf_sin.o)
 .ARM.attributes
                0x0000000000000716       0x34 c:/st/stm32cubeide_1.4.0/stm32cubeide/plugins/com.st.stm32cube.ide.mcu.externaltools.gnu-tools-for-stm32.7-2018-q2-update.win32_1.4.0.202007081208/tools/bin/../lib/gcc/arm-none-eabi/7.3.1/../../../../arm-none-eabi/lib/thumb/v7e-m/fpv4-sp/hard\libm.a(lib_a-ef_rem_pio2.o)
 .ARM.attributes
                0x000000000000074a       0x34 c:/st/stm32cubeide_1.4.0/stm32cubeide/plugins/com.st.stm32cube.ide.mcu.externaltools.gnu-tools-for-stm32.7-2018-q2-update.win32_1.4.0.202007081208/tools/bin/../lib/gcc/arm-none-eabi/7.3.1/../../../../arm-none-eabi/lib/thumb/v7e-m/fpv4-sp/hard\libm.a(lib_a-kf_cos.o)
 .ARM.attributes
                0x000000000000077e       0x34 c:/st/stm32cubeide_1.4.0/stm32cubeide/plugins/com.st.stm32cube.ide.mcu.externaltools.gnu-tools-for-stm32.7-2018-q2-update.win32_1.4.0.202007081208/tools/bin/../lib/gcc/arm-none-eabi/7.3.1/../../../../arm-none-eabi/lib/thumb/v7e-m/fpv4-sp/hard\libm.a(lib_a-kf_rem_pio2.o)
 .ARM.attributes
                0x00000000000007b2       0x34 c:/st/stm32cubeide_1.4.0/stm32cubeide/plugins/com.st.stm32cube.ide.mcu.externaltools.gnu-tools-for-stm32.7-2018-q2-update.win32_1.4.0.202007081208/tools/bin/../lib/gcc/arm-none-eabi/7.3.1/../../../../arm-none-eabi/lib/thumb/v7e-m/fpv4-sp/hard\libm.a(lib_a-kf_sin.o)
 .ARM.attributes
                0x00000000000007e6       0x34 c:/st/stm32cubeide_1.4.0/stm32cubeide/plugins/com.st.stm32cube.ide.mcu.externaltools.gnu-tools-for-stm32.7-2018-q2-update.win32_1.4.0.202007081208/tools/bin/../lib/gcc/arm-none-eabi/7.3.1/../../../../arm-none-eabi/lib/thumb/v7e-m/fpv4-sp/hard\libm.a(lib_a-sf_fabs.o)
 .ARM.attributes
                0x000000000000081a       0x34 c:/st/stm32cubeide_1.4.0/stm32cubeide/plugins/com.st.stm32cube.ide.mcu.externaltools.gnu-tools-for-stm32.7-2018-q2-update.win32_1.4.0.202007081208/tools/bin/../lib/gcc/arm-none-eabi/7.3.1/../../../../arm-none-eabi/lib/thumb/v7e-m/fpv4-sp/hard\libm.a(lib_a-sf_floor.o)
 .ARM.attributes
                0x000000000000084e       0x34 c:/st/stm32cubeide_1.4.0/stm32cubeide/plugins/com.st.stm32cube.ide.mcu.externaltools.gnu-tools-for-stm32.7-2018-q2-update.win32_1.4.0.202007081208/tools/bin/../lib/gcc/arm-none-eabi/7.3.1/../../../../arm-none-eabi/lib/thumb/v7e-m/fpv4-sp/hard\libm.a(lib_a-sf_scalbn.o)
 .ARM.attributes
                0x0000000000000882       0x34 c:/st/stm32cubeide_1.4.0/stm32cubeide/plugins/com.st.stm32cube.ide.mcu.externaltools.gnu-tools-for-stm32.7-2018-q2-update.win32_1.4.0.202007081208/tools/bin/../lib/gcc/arm-none-eabi/7.3.1/../../../../arm-none-eabi/lib/thumb/v7e-m/fpv4-sp/hard\libm.a(lib_a-sf_copysign.o)
 .ARM.attributes
                0x00000000000008b6       0x22 c:/st/stm32cubeide_1.4.0/stm32cubeide/plugins/com.st.stm32cube.ide.mcu.externaltools.gnu-tools-for-stm32.7-2018-q2-update.win32_1.4.0.202007081208/tools/bin/../lib/gcc/arm-none-eabi/7.3.1/thumb/v7e-m/fpv4-sp/hard\libgcc.a(_arm_addsubdf3.o)
 .ARM.attributes
                0x00000000000008d8       0x22 c:/st/stm32cubeide_1.4.0/stm32cubeide/plugins/com.st.stm32cube.ide.mcu.externaltools.gnu-tools-for-stm32.7-2018-q2-update.win32_1.4.0.202007081208/tools/bin/../lib/gcc/arm-none-eabi/7.3.1/thumb/v7e-m/fpv4-sp/hard\libgcc.a(_arm_muldivdf3.o)
 .ARM.attributes
                0x00000000000008fa       0x22 c:/st/stm32cubeide_1.4.0/stm32cubeide/plugins/com.st.stm32cube.ide.mcu.externaltools.gnu-tools-for-stm32.7-2018-q2-update.win32_1.4.0.202007081208/tools/bin/../lib/gcc/arm-none-eabi/7.3.1/thumb/v7e-m/fpv4-sp/hard\libgcc.a(_arm_truncdfsf2.o)
 .ARM.attributes
                0x000000000000091c       0x22 c:/st/stm32cubeide_1.4.0/stm32cubeide/plugins/com.st.stm32cube.ide.mcu.externaltools.gnu-tools-for-stm32.7-2018-q2-update.win32_1.4.0.202007081208/tools/bin/../lib/gcc/arm-none-eabi/7.3.1/thumb/v7e-m/fpv4-sp/hard\libgcc.a(_aeabi_uldivmod.o)
 .ARM.attributes
                0x000000000000093e       0x34 c:/st/stm32cubeide_1.4.0/stm32cubeide/plugins/com.st.stm32cube.ide.mcu.externaltools.gnu-tools-for-stm32.7-2018-q2-update.win32_1.4.0.202007081208/tools/bin/../lib/gcc/arm-none-eabi/7.3.1/thumb/v7e-m/fpv4-sp/hard\libgcc.a(_udivmoddi4.o)
 .ARM.attributes
                0x0000000000000972       0x22 c:/st/stm32cubeide_1.4.0/stm32cubeide/plugins/com.st.stm32cube.ide.mcu.externaltools.gnu-tools-for-stm32.7-2018-q2-update.win32_1.4.0.202007081208/tools/bin/../lib/gcc/arm-none-eabi/7.3.1/thumb/v7e-m/fpv4-sp/hard\libgcc.a(_dvmd_tls.o)
 .ARM.attributes
                0x0000000000000994       0x22 c:/st/stm32cubeide_1.4.0/stm32cubeide/plugins/com.st.stm32cube.ide.mcu.externaltools.gnu-tools-for-stm32.7-2018-q2-update.win32_1.4.0.202007081208/tools/bin/../lib/gcc/arm-none-eabi/7.3.1/thumb/v7e-m/fpv4-sp/hard/crtn.o
OUTPUT(BallGameGyro.elf elf32-littlearm)

.debug_info     0x0000000000000000    0x1cc79
 .debug_info    0x0000000000000000     0x1103 Core/Src/ball_controll.o
 .debug_info    0x0000000000001103      0x8c7 Core/Src/gyroscope.o
 .debug_info    0x00000000000019ca      0x344 Core/Src/ili9341.o
 .debug_info    0x0000000000001d0e     0x2e6b Core/Src/main.o
 .debug_info    0x0000000000004b79     0x1847 Core/Src/stm32f429i_discovery.o
 .debug_info    0x00000000000063c0     0x24bc Core/Src/stm32f4xx_hal_msp.o
 .debug_info    0x000000000000887c      0xb7d Core/Src/stm32f4xx_hal_timebase_tim.o
 .debug_info    0x00000000000093f9     0x11c6 Core/Src/stm32f4xx_it.o
 .debug_info    0x000000000000a5bf      0x56e Core/Src/system_stm32f4xx.o
 .debug_info    0x000000000000ab2d       0x22 Core/Startup/startup_stm32f429zitx.o
 .debug_info    0x000000000000ab4f      0x9b9 Drivers/STM32F4xx_HAL_Driver/Src/stm32f4xx_hal.o
 .debug_info    0x000000000000b508      0xe5e Drivers/STM32F4xx_HAL_Driver/Src/stm32f4xx_hal_cortex.o
 .debug_info    0x000000000000c366      0x441 Drivers/STM32F4xx_HAL_Driver/Src/stm32f4xx_hal_crc.o
 .debug_info    0x000000000000c7a7      0xf72 Drivers/STM32F4xx_HAL_Driver/Src/stm32f4xx_hal_dma2d.o
 .debug_info    0x000000000000d719      0x7cf Drivers/STM32F4xx_HAL_Driver/Src/stm32f4xx_hal_gpio.o
 .debug_info    0x000000000000dee8      0xe5f Drivers/STM32F4xx_HAL_Driver/Src/stm32f4xx_hal_hcd.o
 .debug_info    0x000000000000ed47     0x2433 Drivers/STM32F4xx_HAL_Driver/Src/stm32f4xx_hal_i2c.o
 .debug_info    0x000000000001117a      0x719 Drivers/STM32F4xx_HAL_Driver/Src/stm32f4xx_hal_i2c_ex.o
 .debug_info    0x0000000000011893     0x1104 Drivers/STM32F4xx_HAL_Driver/Src/stm32f4xx_hal_ltdc.o
 .debug_info    0x0000000000012997      0x91e Drivers/STM32F4xx_HAL_Driver/Src/stm32f4xx_hal_rcc.o
 .debug_info    0x00000000000132b5      0x6bc Drivers/STM32F4xx_HAL_Driver/Src/stm32f4xx_hal_rcc_ex.o
 .debug_info    0x0000000000013971      0xc9a Drivers/STM32F4xx_HAL_Driver/Src/stm32f4xx_hal_sdram.o
 .debug_info    0x000000000001460b     0x163a Drivers/STM32F4xx_HAL_Driver/Src/stm32f4xx_hal_spi.o
 .debug_info    0x0000000000015c45     0x24a9 Drivers/STM32F4xx_HAL_Driver/Src/stm32f4xx_hal_tim.o
 .debug_info    0x00000000000180ee     0x1157 Drivers/STM32F4xx_HAL_Driver/Src/stm32f4xx_hal_tim_ex.o
 .debug_info    0x0000000000019245     0x124c Drivers/STM32F4xx_HAL_Driver/Src/stm32f4xx_hal_uart.o
 .debug_info    0x000000000001a491      0xf0b Drivers/STM32F4xx_HAL_Driver/Src/stm32f4xx_ll_fmc.o
 .debug_info    0x000000000001b39c     0x18dd Drivers/STM32F4xx_HAL_Driver/Src/stm32f4xx_ll_usb.o

.debug_abbrev   0x0000000000000000     0x36ab
 .debug_abbrev  0x0000000000000000      0x210 Core/Src/ball_controll.o
 .debug_abbrev  0x0000000000000210      0x196 Core/Src/gyroscope.o
 .debug_abbrev  0x00000000000003a6      0x151 Core/Src/ili9341.o
 .debug_abbrev  0x00000000000004f7      0x35e Core/Src/main.o
 .debug_abbrev  0x0000000000000855      0x27a Core/Src/stm32f429i_discovery.o
 .debug_abbrev  0x0000000000000acf      0x278 Core/Src/stm32f4xx_hal_msp.o
 .debug_abbrev  0x0000000000000d47      0x19d Core/Src/stm32f4xx_hal_timebase_tim.o
 .debug_abbrev  0x0000000000000ee4      0x1a1 Core/Src/stm32f4xx_it.o
 .debug_abbrev  0x0000000000001085      0x12b Core/Src/system_stm32f4xx.o
 .debug_abbrev  0x00000000000011b0       0x12 Core/Startup/startup_stm32f429zitx.o
 .debug_abbrev  0x00000000000011c2      0x1c7 Drivers/STM32F4xx_HAL_Driver/Src/stm32f4xx_hal.o
 .debug_abbrev  0x0000000000001389      0x2fa Drivers/STM32F4xx_HAL_Driver/Src/stm32f4xx_hal_cortex.o
 .debug_abbrev  0x0000000000001683      0x1b7 Drivers/STM32F4xx_HAL_Driver/Src/stm32f4xx_hal_crc.o
 .debug_abbrev  0x000000000000183a      0x211 Drivers/STM32F4xx_HAL_Driver/Src/stm32f4xx_hal_dma2d.o
 .debug_abbrev  0x0000000000001a4b      0x1c9 Drivers/STM32F4xx_HAL_Driver/Src/stm32f4xx_hal_gpio.o
 .debug_abbrev  0x0000000000001c14      0x255 Drivers/STM32F4xx_HAL_Driver/Src/stm32f4xx_hal_hcd.o
 .debug_abbrev  0x0000000000001e69      0x254 Drivers/STM32F4xx_HAL_Driver/Src/stm32f4xx_hal_i2c.o
 .debug_abbrev  0x00000000000020bd      0x16d Drivers/STM32F4xx_HAL_Driver/Src/stm32f4xx_hal_i2c_ex.o
 .debug_abbrev  0x000000000000222a      0x209 Drivers/STM32F4xx_HAL_Driver/Src/stm32f4xx_hal_ltdc.o
 .debug_abbrev  0x0000000000002433      0x245 Drivers/STM32F4xx_HAL_Driver/Src/stm32f4xx_hal_rcc.o
 .debug_abbrev  0x0000000000002678      0x173 Drivers/STM32F4xx_HAL_Driver/Src/stm32f4xx_hal_rcc_ex.o
 .debug_abbrev  0x00000000000027eb      0x1f7 Drivers/STM32F4xx_HAL_Driver/Src/stm32f4xx_hal_sdram.o
 .debug_abbrev  0x00000000000029e2      0x240 Drivers/STM32F4xx_HAL_Driver/Src/stm32f4xx_hal_spi.o
 .debug_abbrev  0x0000000000002c22      0x230 Drivers/STM32F4xx_HAL_Driver/Src/stm32f4xx_hal_tim.o
 .debug_abbrev  0x0000000000002e52      0x21e Drivers/STM32F4xx_HAL_Driver/Src/stm32f4xx_hal_tim_ex.o
 .debug_abbrev  0x0000000000003070      0x242 Drivers/STM32F4xx_HAL_Driver/Src/stm32f4xx_hal_uart.o
 .debug_abbrev  0x00000000000032b2      0x18c Drivers/STM32F4xx_HAL_Driver/Src/stm32f4xx_ll_fmc.o
 .debug_abbrev  0x000000000000343e      0x26d Drivers/STM32F4xx_HAL_Driver/Src/stm32f4xx_ll_usb.o

.debug_aranges  0x0000000000000000     0x1a30
 .debug_aranges
                0x0000000000000000       0x40 Core/Src/ball_controll.o
 .debug_aranges
                0x0000000000000040       0x40 Core/Src/gyroscope.o
 .debug_aranges
                0x0000000000000080       0x60 Core/Src/ili9341.o
 .debug_aranges
                0x00000000000000e0       0x98 Core/Src/main.o
 .debug_aranges
                0x0000000000000178      0x138 Core/Src/stm32f429i_discovery.o
 .debug_aranges
                0x00000000000002b0       0xc0 Core/Src/stm32f4xx_hal_msp.o
 .debug_aranges
                0x0000000000000370       0x30 Core/Src/stm32f4xx_hal_timebase_tim.o
 .debug_aranges
                0x00000000000003a0       0x80 Core/Src/stm32f4xx_it.o
 .debug_aranges
                0x0000000000000420       0x28 Core/Src/system_stm32f4xx.o
 .debug_aranges
                0x0000000000000448       0x28 Core/Startup/startup_stm32f429zitx.o
 .debug_aranges
                0x0000000000000470      0x100 Drivers/STM32F4xx_HAL_Driver/Src/stm32f4xx_hal.o
 .debug_aranges
                0x0000000000000570      0x118 Drivers/STM32F4xx_HAL_Driver/Src/stm32f4xx_hal_cortex.o
 .debug_aranges
                0x0000000000000688       0x50 Drivers/STM32F4xx_HAL_Driver/Src/stm32f4xx_hal_crc.o
 .debug_aranges
                0x00000000000006d8      0x118 Drivers/STM32F4xx_HAL_Driver/Src/stm32f4xx_hal_dma2d.o
 .debug_aranges
                0x00000000000007f0       0x58 Drivers/STM32F4xx_HAL_Driver/Src/stm32f4xx_hal_gpio.o
 .debug_aranges
                0x0000000000000848       0xf8 Drivers/STM32F4xx_HAL_Driver/Src/stm32f4xx_hal_hcd.o
 .debug_aranges
                0x0000000000000940      0x2a0 Drivers/STM32F4xx_HAL_Driver/Src/stm32f4xx_hal_i2c.o
 .debug_aranges
                0x0000000000000be0       0x28 Drivers/STM32F4xx_HAL_Driver/Src/stm32f4xx_hal_i2c_ex.o
 .debug_aranges
                0x0000000000000c08      0x158 Drivers/STM32F4xx_HAL_Driver/Src/stm32f4xx_hal_ltdc.o
 .debug_aranges
                0x0000000000000d60       0x88 Drivers/STM32F4xx_HAL_Driver/Src/stm32f4xx_hal_rcc.o
 .debug_aranges
                0x0000000000000de8       0x58 Drivers/STM32F4xx_HAL_Driver/Src/stm32f4xx_hal_rcc_ex.o
 .debug_aranges
                0x0000000000000e40       0xd0 Drivers/STM32F4xx_HAL_Driver/Src/stm32f4xx_hal_sdram.o
 .debug_aranges
                0x0000000000000f10      0x1d0 Drivers/STM32F4xx_HAL_Driver/Src/stm32f4xx_hal_spi.o
 .debug_aranges
                0x00000000000010e0      0x3a8 Drivers/STM32F4xx_HAL_Driver/Src/stm32f4xx_hal_tim.o
 .debug_aranges
                0x0000000000001488      0x150 Drivers/STM32F4xx_HAL_Driver/Src/stm32f4xx_hal_tim_ex.o
 .debug_aranges
                0x00000000000015d8      0x1d0 Drivers/STM32F4xx_HAL_Driver/Src/stm32f4xx_hal_uart.o
 .debug_aranges
                0x00000000000017a8       0xf0 Drivers/STM32F4xx_HAL_Driver/Src/stm32f4xx_ll_fmc.o
 .debug_aranges
                0x0000000000001898      0x198 Drivers/STM32F4xx_HAL_Driver/Src/stm32f4xx_ll_usb.o

.debug_ranges   0x0000000000000000     0x18a0
 .debug_ranges  0x0000000000000000       0x30 Core/Src/ball_controll.o
 .debug_ranges  0x0000000000000030       0x30 Core/Src/gyroscope.o
 .debug_ranges  0x0000000000000060       0x50 Core/Src/ili9341.o
 .debug_ranges  0x00000000000000b0       0x88 Core/Src/main.o
 .debug_ranges  0x0000000000000138      0x128 Core/Src/stm32f429i_discovery.o
 .debug_ranges  0x0000000000000260       0xb0 Core/Src/stm32f4xx_hal_msp.o
 .debug_ranges  0x0000000000000310       0x20 Core/Src/stm32f4xx_hal_timebase_tim.o
 .debug_ranges  0x0000000000000330       0x70 Core/Src/stm32f4xx_it.o
 .debug_ranges  0x00000000000003a0       0x18 Core/Src/system_stm32f4xx.o
 .debug_ranges  0x00000000000003b8       0x20 Core/Startup/startup_stm32f429zitx.o
 .debug_ranges  0x00000000000003d8       0xf0 Drivers/STM32F4xx_HAL_Driver/Src/stm32f4xx_hal.o
 .debug_ranges  0x00000000000004c8      0x108 Drivers/STM32F4xx_HAL_Driver/Src/stm32f4xx_hal_cortex.o
 .debug_ranges  0x00000000000005d0       0x40 Drivers/STM32F4xx_HAL_Driver/Src/stm32f4xx_hal_crc.o
 .debug_ranges  0x0000000000000610      0x108 Drivers/STM32F4xx_HAL_Driver/Src/stm32f4xx_hal_dma2d.o
 .debug_ranges  0x0000000000000718       0x48 Drivers/STM32F4xx_HAL_Driver/Src/stm32f4xx_hal_gpio.o
 .debug_ranges  0x0000000000000760       0xe8 Drivers/STM32F4xx_HAL_Driver/Src/stm32f4xx_hal_hcd.o
 .debug_ranges  0x0000000000000848      0x2b8 Drivers/STM32F4xx_HAL_Driver/Src/stm32f4xx_hal_i2c.o
 .debug_ranges  0x0000000000000b00       0x18 Drivers/STM32F4xx_HAL_Driver/Src/stm32f4xx_hal_i2c_ex.o
 .debug_ranges  0x0000000000000b18      0x148 Drivers/STM32F4xx_HAL_Driver/Src/stm32f4xx_hal_ltdc.o
 .debug_ranges  0x0000000000000c60       0x78 Drivers/STM32F4xx_HAL_Driver/Src/stm32f4xx_hal_rcc.o
 .debug_ranges  0x0000000000000cd8       0x48 Drivers/STM32F4xx_HAL_Driver/Src/stm32f4xx_hal_rcc_ex.o
 .debug_ranges  0x0000000000000d20       0xc0 Drivers/STM32F4xx_HAL_Driver/Src/stm32f4xx_hal_sdram.o
 .debug_ranges  0x0000000000000de0      0x1c0 Drivers/STM32F4xx_HAL_Driver/Src/stm32f4xx_hal_spi.o
 .debug_ranges  0x0000000000000fa0      0x398 Drivers/STM32F4xx_HAL_Driver/Src/stm32f4xx_hal_tim.o
 .debug_ranges  0x0000000000001338      0x140 Drivers/STM32F4xx_HAL_Driver/Src/stm32f4xx_hal_tim_ex.o
 .debug_ranges  0x0000000000001478      0x1c0 Drivers/STM32F4xx_HAL_Driver/Src/stm32f4xx_hal_uart.o
 .debug_ranges  0x0000000000001638       0xe0 Drivers/STM32F4xx_HAL_Driver/Src/stm32f4xx_ll_fmc.o
 .debug_ranges  0x0000000000001718      0x188 Drivers/STM32F4xx_HAL_Driver/Src/stm32f4xx_ll_usb.o

.debug_macro    0x0000000000000000    0x274cb
 .debug_macro   0x0000000000000000      0x318 Core/Src/ball_controll.o
 .debug_macro   0x0000000000000318      0xa5a Core/Src/ball_controll.o
 .debug_macro   0x0000000000000d72      0x2be Core/Src/ball_controll.o
 .debug_macro   0x0000000000001030       0x2e Core/Src/ball_controll.o
 .debug_macro   0x000000000000105e       0x28 Core/Src/ball_controll.o
 .debug_macro   0x0000000000001086       0x22 Core/Src/ball_controll.o
 .debug_macro   0x00000000000010a8       0x8e Core/Src/ball_controll.o
 .debug_macro   0x0000000000001136       0x51 Core/Src/ball_controll.o
 .debug_macro   0x0000000000001187       0xef Core/Src/ball_controll.o
 .debug_macro   0x0000000000001276       0x6a Core/Src/ball_controll.o
 .debug_macro   0x00000000000012e0      0x1df Core/Src/ball_controll.o
 .debug_macro   0x00000000000014bf       0x1c Core/Src/ball_controll.o
 .debug_macro   0x00000000000014db       0x22 Core/Src/ball_controll.o
 .debug_macro   0x00000000000014fd       0xdf Core/Src/ball_controll.o
 .debug_macro   0x00000000000015dc     0x102d Core/Src/ball_controll.o
 .debug_macro   0x0000000000002609      0x11f Core/Src/ball_controll.o
 .debug_macro   0x0000000000002728    0x17f69 Core/Src/ball_controll.o
 .debug_macro   0x000000000001a691       0x43 Core/Src/ball_controll.o
 .debug_macro   0x000000000001a6d4     0x36c9 Core/Src/ball_controll.o
 .debug_macro   0x000000000001dd9d      0x174 Core/Src/ball_controll.o
 .debug_macro   0x000000000001df11       0x5a Core/Src/ball_controll.o
 .debug_macro   0x000000000001df6b      0xca5 Core/Src/ball_controll.o
 .debug_macro   0x000000000001ec10      0x9fe Core/Src/ball_controll.o
 .debug_macro   0x000000000001f60e      0x117 Core/Src/ball_controll.o
 .debug_macro   0x000000000001f725      0x157 Core/Src/ball_controll.o
 .debug_macro   0x000000000001f87c       0x27 Core/Src/ball_controll.o
 .debug_macro   0x000000000001f8a3      0x182 Core/Src/ball_controll.o
 .debug_macro   0x000000000001fa25      0x287 Core/Src/ball_controll.o
 .debug_macro   0x000000000001fcac       0x5f Core/Src/ball_controll.o
 .debug_macro   0x000000000001fd0b      0x236 Core/Src/ball_controll.o
 .debug_macro   0x000000000001ff41       0x22 Core/Src/ball_controll.o
 .debug_macro   0x000000000001ff63      0x20f Core/Src/ball_controll.o
 .debug_macro   0x0000000000020172      0x132 Core/Src/ball_controll.o
 .debug_macro   0x00000000000202a4      0x41d Core/Src/ball_controll.o
 .debug_macro   0x00000000000206c1       0x2e Core/Src/ball_controll.o
 .debug_macro   0x00000000000206ef      0x582 Core/Src/ball_controll.o
 .debug_macro   0x0000000000020c71      0x1b5 Core/Src/ball_controll.o
 .debug_macro   0x0000000000020e26       0x22 Core/Src/ball_controll.o
 .debug_macro   0x0000000000020e48       0xd6 Core/Src/ball_controll.o
 .debug_macro   0x0000000000020f1e      0x198 Core/Src/ball_controll.o
 .debug_macro   0x00000000000210b6       0xd6 Core/Src/ball_controll.o
 .debug_macro   0x000000000002118c      0x11a Core/Src/ball_controll.o
 .debug_macro   0x00000000000212a6       0xe2 Core/Src/ball_controll.o
 .debug_macro   0x0000000000021388       0x89 Core/Src/ball_controll.o
 .debug_macro   0x0000000000021411      0x225 Core/Src/ball_controll.o
 .debug_macro   0x0000000000021636      0x8a0 Core/Src/ball_controll.o
 .debug_macro   0x0000000000021ed6       0x47 Core/Src/ball_controll.o
 .debug_macro   0x0000000000021f1d      0x287 Core/Src/ball_controll.o
 .debug_macro   0x00000000000221a4      0x21e Core/Src/ball_controll.o
 .debug_macro   0x00000000000223c2       0x68 Core/Src/ball_controll.o
 .debug_macro   0x000000000002242a      0x134 Core/Src/ball_controll.o
 .debug_macro   0x000000000002255e      0x4c9 Core/Src/ball_controll.o
 .debug_macro   0x0000000000022a27       0x70 Core/Src/ball_controll.o
 .debug_macro   0x0000000000022a97       0x46 Core/Src/ball_controll.o
 .debug_macro   0x0000000000022add       0x18 Core/Src/ball_controll.o
 .debug_macro   0x0000000000022af5       0x3c Core/Src/ball_controll.o
 .debug_macro   0x0000000000022b31       0x34 Core/Src/ball_controll.o
 .debug_macro   0x0000000000022b65       0x52 Core/Src/ball_controll.o
 .debug_macro   0x0000000000022bb7       0x1f Core/Src/ball_controll.o
 .debug_macro   0x0000000000022bd6       0x43 Core/Src/ball_controll.o
 .debug_macro   0x0000000000022c19       0x20 Core/Src/ball_controll.o
 .debug_macro   0x0000000000022c39      0x1a3 Core/Src/ball_controll.o
 .debug_macro   0x0000000000022ddc      0x32a Core/Src/ball_controll.o
 .debug_macro   0x0000000000023106      0x1e1 Core/Src/ball_controll.o
 .debug_macro   0x00000000000232e7       0x16 Core/Src/ball_controll.o
 .debug_macro   0x00000000000232fd      0x26b Core/Src/gyroscope.o
 .debug_macro   0x0000000000023568       0x7c Core/Src/ili9341.o
 .debug_macro   0x00000000000235e4      0x26c Core/Src/ili9341.o
 .debug_macro   0x0000000000023850      0x32a Core/Src/main.o
 .debug_macro   0x0000000000023b7a      0x280 Core/Src/stm32f429i_discovery.o
 .debug_macro   0x0000000000023dfa      0x25f Core/Src/stm32f429i_discovery.o
 .debug_macro   0x0000000000024059      0x262 Core/Src/stm32f4xx_hal_msp.o
 .debug_macro   0x00000000000242bb      0x253 Core/Src/stm32f4xx_hal_timebase_tim.o
 .debug_macro   0x000000000002450e      0x26c Core/Src/stm32f4xx_it.o
 .debug_macro   0x000000000002477a      0x259 Core/Src/system_stm32f4xx.o
 .debug_macro   0x00000000000249d3      0x2b3 Drivers/STM32F4xx_HAL_Driver/Src/stm32f4xx_hal.o
 .debug_macro   0x0000000000024c86      0x253 Drivers/STM32F4xx_HAL_Driver/Src/stm32f4xx_hal_cortex.o
 .debug_macro   0x0000000000024ed9      0x253 Drivers/STM32F4xx_HAL_Driver/Src/stm32f4xx_hal_crc.o
 .debug_macro   0x000000000002512c      0x262 Drivers/STM32F4xx_HAL_Driver/Src/stm32f4xx_hal_dma2d.o
 .debug_macro   0x000000000002538e      0x289 Drivers/STM32F4xx_HAL_Driver/Src/stm32f4xx_hal_gpio.o
 .debug_macro   0x0000000000025617      0x253 Drivers/STM32F4xx_HAL_Driver/Src/stm32f4xx_hal_hcd.o
 .debug_macro   0x000000000002586a      0x29a Drivers/STM32F4xx_HAL_Driver/Src/stm32f4xx_hal_i2c.o
 .debug_macro   0x0000000000025b04      0x253 Drivers/STM32F4xx_HAL_Driver/Src/stm32f4xx_hal_i2c_ex.o
 .debug_macro   0x0000000000025d57      0x254 Drivers/STM32F4xx_HAL_Driver/Src/stm32f4xx_hal_ltdc.o
 .debug_macro   0x0000000000025fab      0x277 Drivers/STM32F4xx_HAL_Driver/Src/stm32f4xx_hal_rcc.o
 .debug_macro   0x0000000000026222      0x253 Drivers/STM32F4xx_HAL_Driver/Src/stm32f4xx_hal_rcc_ex.o
 .debug_macro   0x0000000000026475      0x253 Drivers/STM32F4xx_HAL_Driver/Src/stm32f4xx_hal_sdram.o
 .debug_macro   0x00000000000266c8      0x262 Drivers/STM32F4xx_HAL_Driver/Src/stm32f4xx_hal_spi.o
 .debug_macro   0x000000000002692a      0x254 Drivers/STM32F4xx_HAL_Driver/Src/stm32f4xx_hal_tim.o
 .debug_macro   0x0000000000026b7e      0x253 Drivers/STM32F4xx_HAL_Driver/Src/stm32f4xx_hal_tim_ex.o
 .debug_macro   0x0000000000026dd1      0x254 Drivers/STM32F4xx_HAL_Driver/Src/stm32f4xx_hal_uart.o
 .debug_macro   0x0000000000027025      0x253 Drivers/STM32F4xx_HAL_Driver/Src/stm32f4xx_ll_fmc.o
 .debug_macro   0x0000000000027278      0x253 Drivers/STM32F4xx_HAL_Driver/Src/stm32f4xx_ll_usb.o

.debug_line     0x0000000000000000    0x1496d
 .debug_line    0x0000000000000000      0x96a Core/Src/ball_controll.o
 .debug_line    0x000000000000096a      0x832 Core/Src/gyroscope.o
 .debug_line    0x000000000000119c      0x4a6 Core/Src/ili9341.o
 .debug_line    0x0000000000001642      0xb36 Core/Src/main.o
 .debug_line    0x0000000000002178      0xb1c Core/Src/stm32f429i_discovery.o
 .debug_line    0x0000000000002c94      0x9fa Core/Src/stm32f4xx_hal_msp.o
 .debug_line    0x000000000000368e      0x7fc Core/Src/stm32f4xx_hal_timebase_tim.o
 .debug_line    0x0000000000003e8a      0x8b3 Core/Src/stm32f4xx_it.o
 .debug_line    0x000000000000473d      0x7e3 Core/Src/system_stm32f4xx.o
 .debug_line    0x0000000000004f20       0x85 Core/Startup/startup_stm32f429zitx.o
 .debug_line    0x0000000000004fa5      0x9f1 Drivers/STM32F4xx_HAL_Driver/Src/stm32f4xx_hal.o
 .debug_line    0x0000000000005996      0xaf1 Drivers/STM32F4xx_HAL_Driver/Src/stm32f4xx_hal_cortex.o
 .debug_line    0x0000000000006487      0x87c Drivers/STM32F4xx_HAL_Driver/Src/stm32f4xx_hal_crc.o
 .debug_line    0x0000000000006d03      0xd8e Drivers/STM32F4xx_HAL_Driver/Src/stm32f4xx_hal_dma2d.o
 .debug_line    0x0000000000007a91      0x9d4 Drivers/STM32F4xx_HAL_Driver/Src/stm32f4xx_hal_gpio.o
 .debug_line    0x0000000000008465      0xc68 Drivers/STM32F4xx_HAL_Driver/Src/stm32f4xx_hal_hcd.o
 .debug_line    0x00000000000090cd     0x1c7b Drivers/STM32F4xx_HAL_Driver/Src/stm32f4xx_hal_i2c.o
 .debug_line    0x000000000000ad48      0x7fd Drivers/STM32F4xx_HAL_Driver/Src/stm32f4xx_hal_i2c_ex.o
 .debug_line    0x000000000000b545     0x109f Drivers/STM32F4xx_HAL_Driver/Src/stm32f4xx_hal_ltdc.o
 .debug_line    0x000000000000c5e4      0xa25 Drivers/STM32F4xx_HAL_Driver/Src/stm32f4xx_hal_rcc.o
 .debug_line    0x000000000000d009      0x96c Drivers/STM32F4xx_HAL_Driver/Src/stm32f4xx_hal_rcc_ex.o
 .debug_line    0x000000000000d975      0xb24 Drivers/STM32F4xx_HAL_Driver/Src/stm32f4xx_hal_sdram.o
 .debug_line    0x000000000000e499     0x1189 Drivers/STM32F4xx_HAL_Driver/Src/stm32f4xx_hal_spi.o
 .debug_line    0x000000000000f622     0x1a46 Drivers/STM32F4xx_HAL_Driver/Src/stm32f4xx_hal_tim.o
 .debug_line    0x0000000000011068      0xde3 Drivers/STM32F4xx_HAL_Driver/Src/stm32f4xx_hal_tim_ex.o
 .debug_line    0x0000000000011e4b     0x10db Drivers/STM32F4xx_HAL_Driver/Src/stm32f4xx_hal_uart.o
 .debug_line    0x0000000000012f26      0xb4f Drivers/STM32F4xx_HAL_Driver/Src/stm32f4xx_ll_fmc.o
 .debug_line    0x0000000000013a75      0xef8 Drivers/STM32F4xx_HAL_Driver/Src/stm32f4xx_ll_usb.o

.debug_str      0x0000000000000000    0xe8068
 .debug_str     0x0000000000000000    0xdf4d0 Core/Src/ball_controll.o
                                      0xdf8d5 (size before relaxing)
 .debug_str     0x00000000000df4d0       0xe4 Core/Src/gyroscope.o
                                      0xdc075 (size before relaxing)
 .debug_str     0x00000000000df5b4      0x817 Core/Src/ili9341.o
                                       0x4492 (size before relaxing)
 .debug_str     0x00000000000dfdcb     0x14f4 Core/Src/main.o
                                      0xe0e66 (size before relaxing)
 .debug_str     0x00000000000e12bf     0x19b0 Core/Src/stm32f429i_discovery.o
                                      0xdccf1 (size before relaxing)
 .debug_str     0x00000000000e2c6f      0x1d4 Core/Src/stm32f4xx_hal_msp.o
                                      0xdd5fa (size before relaxing)
 .debug_str     0x00000000000e2e43       0x98 Core/Src/stm32f4xx_hal_timebase_tim.o
                                      0xdb5e8 (size before relaxing)
 .debug_str     0x00000000000e2edb       0xe3 Core/Src/stm32f4xx_it.o
                                      0xdc6b5 (size before relaxing)
 .debug_str     0x00000000000e2fbe       0xc4 Core/Src/system_stm32f4xx.o
                                      0xdac0e (size before relaxing)
 .debug_str     0x00000000000e3082       0x36 Core/Startup/startup_stm32f429zitx.o
                                         0x91 (size before relaxing)
 .debug_str     0x00000000000e30b8      0x57d Drivers/STM32F4xx_HAL_Driver/Src/stm32f4xx_hal.o
                                      0xdb77a (size before relaxing)
 .debug_str     0x00000000000e3635      0x388 Drivers/STM32F4xx_HAL_Driver/Src/stm32f4xx_hal_cortex.o
                                      0xdb51b (size before relaxing)
 .debug_str     0x00000000000e39bd       0x9c Drivers/STM32F4xx_HAL_Driver/Src/stm32f4xx_hal_crc.o
                                      0xdac40 (size before relaxing)
 .debug_str     0x00000000000e3a59      0x3b1 Drivers/STM32F4xx_HAL_Driver/Src/stm32f4xx_hal_dma2d.o
                                      0xdb1f5 (size before relaxing)
 .debug_str     0x00000000000e3e0a      0x207 Drivers/STM32F4xx_HAL_Driver/Src/stm32f4xx_hal_gpio.o
                                      0xdae4d (size before relaxing)
 .debug_str     0x00000000000e4011      0x3b1 Drivers/STM32F4xx_HAL_Driver/Src/stm32f4xx_hal_hcd.o
                                      0xdb26d (size before relaxing)
 .debug_str     0x00000000000e43c2      0xa88 Drivers/STM32F4xx_HAL_Driver/Src/stm32f4xx_hal_i2c.o
                                      0xdbb6d (size before relaxing)
 .debug_str     0x00000000000e4e4a       0x3b Drivers/STM32F4xx_HAL_Driver/Src/stm32f4xx_hal_i2c_ex.o
                                      0xdaff4 (size before relaxing)
 .debug_str     0x00000000000e4e85      0x463 Drivers/STM32F4xx_HAL_Driver/Src/stm32f4xx_hal_ltdc.o
                                      0xdb24f (size before relaxing)
 .debug_str     0x00000000000e52e8      0x244 Drivers/STM32F4xx_HAL_Driver/Src/stm32f4xx_hal_rcc.o
                                      0xdaffb (size before relaxing)
 .debug_str     0x00000000000e552c      0x14d Drivers/STM32F4xx_HAL_Driver/Src/stm32f4xx_hal_rcc_ex.o
                                      0xdadec (size before relaxing)
 .debug_str     0x00000000000e5679      0x2a9 Drivers/STM32F4xx_HAL_Driver/Src/stm32f4xx_hal_sdram.o
                                      0xdb1ef (size before relaxing)
 .debug_str     0x00000000000e5922      0x545 Drivers/STM32F4xx_HAL_Driver/Src/stm32f4xx_hal_spi.o
                                      0xdb469 (size before relaxing)
 .debug_str     0x00000000000e5e67      0xce0 Drivers/STM32F4xx_HAL_Driver/Src/stm32f4xx_hal_tim.o
                                      0xdbd07 (size before relaxing)
 .debug_str     0x00000000000e6b47      0x4a2 Drivers/STM32F4xx_HAL_Driver/Src/stm32f4xx_hal_tim_ex.o
                                      0xdb507 (size before relaxing)
 .debug_str     0x00000000000e6fe9      0x4fe Drivers/STM32F4xx_HAL_Driver/Src/stm32f4xx_hal_uart.o
                                      0xdb447 (size before relaxing)
 .debug_str     0x00000000000e74e7      0x556 Drivers/STM32F4xx_HAL_Driver/Src/stm32f4xx_ll_fmc.o
                                      0xdb250 (size before relaxing)
 .debug_str     0x00000000000e7a3d      0x62b Drivers/STM32F4xx_HAL_Driver/Src/stm32f4xx_ll_usb.o
                                      0xdb4cf (size before relaxing)

.comment        0x0000000000000000       0x7b
 .comment       0x0000000000000000       0x7b Core/Src/ball_controll.o
                                         0x7c (size before relaxing)
 .comment       0x000000000000007b       0x7c Core/Src/gyroscope.o
 .comment       0x000000000000007b       0x7c Core/Src/ili9341.o
 .comment       0x000000000000007b       0x7c Core/Src/main.o
 .comment       0x000000000000007b       0x7c Core/Src/stm32f429i_discovery.o
 .comment       0x000000000000007b       0x7c Core/Src/stm32f4xx_hal_msp.o
 .comment       0x000000000000007b       0x7c Core/Src/stm32f4xx_hal_timebase_tim.o
 .comment       0x000000000000007b       0x7c Core/Src/stm32f4xx_it.o
 .comment       0x000000000000007b       0x7c Core/Src/system_stm32f4xx.o
 .comment       0x000000000000007b       0x7c Drivers/STM32F4xx_HAL_Driver/Src/stm32f4xx_hal.o
 .comment       0x000000000000007b       0x7c Drivers/STM32F4xx_HAL_Driver/Src/stm32f4xx_hal_cortex.o
 .comment       0x000000000000007b       0x7c Drivers/STM32F4xx_HAL_Driver/Src/stm32f4xx_hal_crc.o
 .comment       0x000000000000007b       0x7c Drivers/STM32F4xx_HAL_Driver/Src/stm32f4xx_hal_dma2d.o
 .comment       0x000000000000007b       0x7c Drivers/STM32F4xx_HAL_Driver/Src/stm32f4xx_hal_gpio.o