Archive member included to satisfy reference by file (symbol)

c:/st/stm32cubeide_1.4.0/stm32cubeide/plugins/com.st.stm32cube.ide.mcu.externaltools.gnu-tools-for-stm32.7-2018-q2-update.win32_1.4.0.202007081208/tools/bin/../lib/gcc/arm-none-eabi/7.3.1/../../../../arm-none-eabi/lib/thumb/v7e-m/fpv4-sp/hard\libc_nano.a(lib_a-errno.o)
                              Core/Src/syscalls.o (__errno)
c:/st/stm32cubeide_1.4.0/stm32cubeide/plugins/com.st.stm32cube.ide.mcu.externaltools.gnu-tools-for-stm32.7-2018-q2-update.win32_1.4.0.202007081208/tools/bin/../lib/gcc/arm-none-eabi/7.3.1/../../../../arm-none-eabi/lib/thumb/v7e-m/fpv4-sp/hard\libc_nano.a(lib_a-exit.o)
                              c:/st/stm32cubeide_1.4.0/stm32cubeide/plugins/com.st.stm32cube.ide.mcu.externaltools.gnu-tools-for-stm32.7-2018-q2-update.win32_1.4.0.202007081208/tools/bin/../lib/gcc/arm-none-eabi/7.3.1/../../../../arm-none-eabi/lib/thumb/v7e-m/fpv4-sp/hard/crt0.o (exit)
c:/st/stm32cubeide_1.4.0/stm32cubeide/plugins/com.st.stm32cube.ide.mcu.externaltools.gnu-tools-for-stm32.7-2018-q2-update.win32_1.4.0.202007081208/tools/bin/../lib/gcc/arm-none-eabi/7.3.1/../../../../arm-none-eabi/lib/thumb/v7e-m/fpv4-sp/hard\libc_nano.a(lib_a-impure.o)
                              c:/st/stm32cubeide_1.4.0/stm32cubeide/plugins/com.st.stm32cube.ide.mcu.externaltools.gnu-tools-for-stm32.7-2018-q2-update.win32_1.4.0.202007081208/tools/bin/../lib/gcc/arm-none-eabi/7.3.1/../../../../arm-none-eabi/lib/thumb/v7e-m/fpv4-sp/hard\libc_nano.a(lib_a-exit.o) (_global_impure_ptr)
c:/st/stm32cubeide_1.4.0/stm32cubeide/plugins/com.st.stm32cube.ide.mcu.externaltools.gnu-tools-for-stm32.7-2018-q2-update.win32_1.4.0.202007081208/tools/bin/../lib/gcc/arm-none-eabi/7.3.1/../../../../arm-none-eabi/lib/thumb/v7e-m/fpv4-sp/hard\libc_nano.a(lib_a-init.o)
                              c:/st/stm32cubeide_1.4.0/stm32cubeide/plugins/com.st.stm32cube.ide.mcu.externaltools.gnu-tools-for-stm32.7-2018-q2-update.win32_1.4.0.202007081208/tools/bin/../lib/gcc/arm-none-eabi/7.3.1/../../../../arm-none-eabi/lib/thumb/v7e-m/fpv4-sp/hard/crt0.o (__libc_init_array)
c:/st/stm32cubeide_1.4.0/stm32cubeide/plugins/com.st.stm32cube.ide.mcu.externaltools.gnu-tools-for-stm32.7-2018-q2-update.win32_1.4.0.202007081208/tools/bin/../lib/gcc/arm-none-eabi/7.3.1/../../../../arm-none-eabi/lib/thumb/v7e-m/fpv4-sp/hard\libc_nano.a(lib_a-memset.o)
                              c:/st/stm32cubeide_1.4.0/stm32cubeide/plugins/com.st.stm32cube.ide.mcu.externaltools.gnu-tools-for-stm32.7-2018-q2-update.win32_1.4.0.202007081208/tools/bin/../lib/gcc/arm-none-eabi/7.3.1/../../../../arm-none-eabi/lib/thumb/v7e-m/fpv4-sp/hard/crt0.o (memset)
c:/st/stm32cubeide_1.4.0/stm32cubeide/plugins/com.st.stm32cube.ide.mcu.externaltools.gnu-tools-for-stm32.7-2018-q2-update.win32_1.4.0.202007081208/tools/bin/../lib/gcc/arm-none-eabi/7.3.1/../../../../arm-none-eabi/lib/thumb/v7e-m/fpv4-sp/hard\libm.a(lib_a-sf_sin.o)
                              Core/Src/ball_controll.o (sinf)
c:/st/stm32cubeide_1.4.0/stm32cubeide/plugins/com.st.stm32cube.ide.mcu.externaltools.gnu-tools-for-stm32.7-2018-q2-update.win32_1.4.0.202007081208/tools/bin/../lib/gcc/arm-none-eabi/7.3.1/../../../../arm-none-eabi/lib/thumb/v7e-m/fpv4-sp/hard\libm.a(lib_a-ef_rem_pio2.o)
                              c:/st/stm32cubeide_1.4.0/stm32cubeide/plugins/com.st.stm32cube.ide.mcu.externaltools.gnu-tools-for-stm32.7-2018-q2-update.win32_1.4.0.202007081208/tools/bin/../lib/gcc/arm-none-eabi/7.3.1/../../../../arm-none-eabi/lib/thumb/v7e-m/fpv4-sp/hard\libm.a(lib_a-sf_sin.o) (__ieee754_rem_pio2f)
c:/st/stm32cubeide_1.4.0/stm32cubeide/plugins/com.st.stm32cube.ide.mcu.externaltools.gnu-tools-for-stm32.7-2018-q2-update.win32_1.4.0.202007081208/tools/bin/../lib/gcc/arm-none-eabi/7.3.1/../../../../arm-none-eabi/lib/thumb/v7e-m/fpv4-sp/hard\libm.a(lib_a-kf_cos.o)
                              c:/st/stm32cubeide_1.4.0/stm32cubeide/plugins/com.st.stm32cube.ide.mcu.externaltools.gnu-tools-for-stm32.7-2018-q2-update.win32_1.4.0.202007081208/tools/bin/../lib/gcc/arm-none-eabi/7.3.1/../../../../arm-none-eabi/lib/thumb/v7e-m/fpv4-sp/hard\libm.a(lib_a-sf_sin.o) (__kernel_cosf)
c:/st/stm32cubeide_1.4.0/stm32cubeide/plugins/com.st.stm32cube.ide.mcu.externaltools.gnu-tools-for-stm32.7-2018-q2-update.win32_1.4.0.202007081208/tools/bin/../lib/gcc/arm-none-eabi/7.3.1/../../../../arm-none-eabi/lib/thumb/v7e-m/fpv4-sp/hard\libm.a(lib_a-kf_rem_pio2.o)
                              c:/st/stm32cubeide_1.4.0/stm32cubeide/plugins/com.st.stm32cube.ide.mcu.externaltools.gnu-tools-for-stm32.7-2018-q2-update.win32_1.4.0.202007081208/tools/bin/../lib/gcc/arm-none-eabi/7.3.1/../../../../arm-none-eabi/lib/thumb/v7e-m/fpv4-sp/hard\libm.a(lib_a-ef_rem_pio2.o) (__kernel_rem_pio2f)
[...]
Memory Configuration

Name             Origin             Length             Attributes
CCMRAM           0x0000000010000000 0x0000000000010000 xrw
RAM              0x0000000020000000 0x0000000000030000 xrw
FLASH            0x0000000008000000 0x0000000000200000 xr
*default*        0x0000000000000000 0xffffffffffffffff

Linker script and memory map

LOAD c:/st/stm32cubeide_1.4.0/stm32cubeide/plugins/com.st.stm32cube.ide.mcu.externaltools.gnu-tools-for-stm32.7-2018-q2-update.win32_1.4.0.202007081208/tools/bin/../lib/gcc/arm-none-eabi/7.3.1/thumb/v7e-m/fpv4-sp/hard/crti.o
LOAD c:/st/stm32cubeide_1.4.0/stm32cubeide/plugins/com.st.stm32cube.ide.mcu.externaltools.gnu-tools-for-stm32.7-2018-q2-update.win32_1.4.0.202007081208/tools/bin/../lib/gcc/arm-none-eabi/7.3.1/thumb/v7e-m/fpv4-sp/hard/crtbegin.o
LOAD c:/st/stm32cubeide_1.4.0/stm32cubeide/plugins/com.st.stm32cube.ide.mcu.externaltools.gnu-tools-for-stm32.7-2018-q2-update.win32_1.4.0.202007081208/tools/bin/../lib/gcc/arm-none-eabi/7.3.1/../../../../arm-none-eabi/lib/thumb/v7e-m/fpv4-sp/hard/crt0.o
LOAD Core/Src/ball_controll.o
LOAD Core/Src/ball_sound.o
LOAD Core/Src/gyroscope.o
LOAD Core/Src/ili9341.o
LOAD Core/Src/main.o
LOAD Core/Src/stm32f429i_discovery.o
LOAD Core/Src/stm32f4xx_hal_msp.o
LOAD Core/Src/stm32f4xx_hal_timebase_tim.o
LOAD Core/Src/stm32f4xx_it.o
LOAD Core/Src/syscalls.o
LOAD Core/Src/sysmem.o
LOAD Core/Src/system_stm32f4xx.o
LOAD Core/Startup/startup_stm32f429zitx.o
LOAD Drivers/STM32F4xx_HAL_Driver/Src/stm32f4xx_hal.o
LOAD Drivers/STM32F4xx_HAL_Driver/Src/stm32f4xx_hal_cortex.o
LOAD Drivers/STM32F4xx_HAL_Driver/Src/stm32f4xx_hal_crc.o
LOAD Drivers/STM32F4xx_HAL_Driver/Src/stm32f4xx_hal_dac.o
LOAD Drivers/STM32F4xx_HAL_Driver/Src/stm32f4xx_hal_dac_ex.o
LOAD Drivers/STM32F4xx_HAL_Driver/Src/stm32f4xx_hal_dma.o
LOAD Drivers/STM32F4xx_HAL_Driver/Src/stm32f4xx_hal_dma2d.o
LOAD Drivers/STM32F4xx_HAL_Driver/Src/stm32f4xx_hal_dma_ex.o
LOAD Drivers/STM32F4xx_HAL_Driver/Src/stm32f4xx_hal_dsi.o
LOAD Drivers/STM32F4xx_HAL_Driver/Src/stm32f4xx_hal_exti.o
LOAD Drivers/STM32F4xx_HAL_Driver/Src/stm32f4xx_hal_flash.o
LOAD Drivers/STM32F4xx_HAL_Driver/Src/stm32f4xx_hal_flash_ex.o
LOAD Drivers/STM32F4xx_HAL_Driver/Src/stm32f4xx_hal_flash_ramfunc.o
LOAD Drivers/STM32F4xx_HAL_Driver/Src/stm32f4xx_hal_gpio.o
LOAD Drivers/STM32F4xx_HAL_Driver/Src/stm32f4xx_hal_i2c.o
LOAD Drivers/STM32F4xx_HAL_Driver/Src/stm32f4xx_hal_i2c_ex.o
LOAD Drivers/STM32F4xx_HAL_Driver/Src/stm32f4xx_hal_ltdc.o
LOAD Drivers/STM32F4xx_HAL_Driver/Src/stm32f4xx_hal_ltdc_ex.o
LOAD Drivers/STM32F4xx_HAL_Driver/Src/stm32f4xx_hal_pwr.o
LOAD Drivers/STM32F4xx_HAL_Driver/Src/stm32f4xx_hal_pwr_ex.o
LOAD Drivers/STM32F4xx_HAL_Driver/Src/stm32f4xx_hal_rcc.o
LOAD Drivers/STM32F4xx_HAL_Driver/Src/stm32f4xx_hal_rcc_ex.o
LOAD Drivers/STM32F4xx_HAL_Driver/Src/stm32f4xx_hal_sdram.o
LOAD Drivers/STM32F4xx_HAL_Driver/Src/stm32f4xx_hal_spi.o
LOAD Drivers/STM32F4xx_HAL_Driver/Src/stm32f4xx_hal_tim.o
LOAD Drivers/STM32F4xx_HAL_Driver/Src/stm32f4xx_hal_tim_ex.o
LOAD Drivers/STM32F4xx_HAL_Driver/Src/stm32f4xx_hal_uart.o
LOAD Drivers/STM32F4xx_HAL_Driver/Src/stm32f4xx_ll_fmc.o
START GROUP
LOAD c:/st/stm32cubeide_1.4.0/stm32cubeide/plugins/com.st.stm32cube.ide.mcu.externaltools.gnu-tools-for-stm32.7-2018-q2-update.win32_1.4.0.202007081208/tools/bin/../lib/gcc/arm-none-eabi/7.3.1/../../../../arm-none-eabi/lib/thumb/v7e-m/fpv4-sp/hard\libc_nano.a
LOAD c:/st/stm32cubeide_1.4.0/stm32cubeide/plugins/com.st.stm32cube.ide.mcu.externaltools.gnu-tools-for-stm32.7-2018-q2-update.win32_1.4.0.202007081208/tools/bin/../lib/gcc/arm-none-eabi/7.3.1/../../../../arm-none-eabi/lib/thumb/v7e-m/fpv4-sp/hard\libm.a
END GROUP
START GROUP
LOAD c:/st/stm32cubeide_1.4.0/stm32cubeide/plugins/com.st.stm32cube.ide.mcu.externaltools.gnu-tools-for-stm32.7-2018-q2-update.win32_1.4.0.202007081208/tools/bin/../lib/gcc/arm-none-eabi/7.3.1/thumb/v7e-m/fpv4-sp/hard\libgcc.a
LOAD c:/st/stm32cubeide_1.4.0/stm32cubeide/plugins/com.st.stm32cube.ide.mcu.externaltools.gnu-tools-for-stm32.7-2018-q2-update.win32_1.4.0.202007081208/tools/bin/../lib/gcc/arm-none-eabi/7.3.1/../../../../arm-none-eabi/lib/thumb/v7e-m/fpv4-sp/hard\libc_nano.a
END GROUP
START GROUP
LOAD c:/st/stm32cubeide_1.4.0/stm32cubeide/plugins/com.st.stm32cube.ide.mcu.externaltools.gnu-tools-for-stm32.7-2018-q2-update.win32_1.4.0.202007081208/tools/bin/../lib/gcc/arm-none-eabi/7.3.1/thumb/v7e-m/fpv4-sp/hard\libgcc.a
LOAD c:/st/stm32cubeide_1.4.0/stm32cubeide/plugins/com.st.stm32cube.ide.mcu.externaltools.gnu-tools-for-stm32.7-2018-q2-update.win32_1.4.0.202007081208/tools/bin/../lib/gcc/arm-none-eabi/7.3.1/../../../../arm-none-eabi/lib/thumb/v7e-m/fpv4-sp/hard\libc_nano.a
LOAD c:/st/stm32cubeide_1.4.0/stm32cubeide/plugins/com.st.stm32cube.ide.mcu.externaltools.gnu-tools-for-stm32.7-2018-q2-update.win32_1.4.0.202007081208/tools/bin/../lib/gcc/arm-none-eabi/7.3.1/../../../../arm-none-eabi/lib/thumb/v7e-m/fpv4-sp/hard\libnosys.a
END GROUP
START GROUP
LOAD c:/st/stm32cubeide_1.4.0/stm32cubeide/plugins/com.st.stm32cube.ide.mcu.externaltools.gnu-tools-for-stm32.7-2018-q2-update.win32_1.4.0.202007081208/tools/bin/../lib/gcc/arm-none-eabi/7.3.1/thumb/v7e-m/fpv4-sp/hard\libgcc.a
LOAD c:/st/stm32cubeide_1.4.0/stm32cubeide/plugins/com.st.stm32cube.ide.mcu.externaltools.gnu-tools-for-stm32.7-2018-q2-update.win32_1.4.0.202007081208/tools/bin/../lib/gcc/arm-none-eabi/7.3.1/../../../../arm-none-eabi/lib/thumb/v7e-m/fpv4-sp/hard\libc_nano.a
LOAD c:/st/stm32cubeide_1.4.0/stm32cubeide/plugins/com.st.stm32cube.ide.mcu.externaltools.gnu-tools-for-stm32.7-2018-q2-update.win32_1.4.0.202007081208/tools/bin/../lib/gcc/arm-none-eabi/7.3.1/../../../../arm-none-eabi/lib/thumb/v7e-m/fpv4-sp/hard\libnosys.a
END GROUP
LOAD c:/st/stm32cubeide_1.4.0/stm32cubeide/plugins/com.st.stm32cube.ide.mcu.externaltools.gnu-tools-for-stm32.7-2018-q2-update.win32_1.4.0.202007081208/tools/bin/../lib/gcc/arm-none-eabi/7.3.1/thumb/v7e-m/fpv4-sp/hard/crtend.o
LOAD c:/st/stm32cubeide_1.4.0/stm32cubeide/plugins/com.st.stm32cube.ide.mcu.externaltools.gnu-tools-for-stm32.7-2018-q2-update.win32_1.4.0.202007081208/tools/bin/../lib/gcc/arm-none-eabi/7.3.1/thumb/v7e-m/fpv4-sp/hard/crtn.o
                0x0000000020030000                _estack = (ORIGIN (RAM) + LENGTH (RAM))
                0x0000000000000200                _Min_Heap_Size = 0x200
                0x0000000000000400                _Min_Stack_Size = 0x400

.isr_vector     0x0000000008000000      0x1ac
                0x0000000008000000                . = ALIGN (0x4)
 *(.isr_vector)
 .isr_vector    0x0000000008000000      0x1ac Core/Startup/startup_stm32f429zitx.o
                0x0000000008000000                g_pfnVectors
                0x00000000080001ac                . = ALIGN (0x4)

.text           0x00000000080001b0     0x8484
                0x00000000080001b0                . = ALIGN (0x4)
 *(.text)
 .text          0x00000000080001b0       0x40 c:/st/stm32cubeide_1.4.0/stm32cubeide/plugins/com.st.stm32cube.ide.mcu.externaltools.gnu-tools-for-stm32.7-2018-q2-update.win32_1.4.0.202007081208/tools/bin/../lib/gcc/arm-none-eabi/7.3.1/thumb/v7e-m/fpv4-sp/hard/crtbegin.o
 .text          0x00000000080001f0      0x378 c:/st/stm32cubeide_1.4.0/stm32cubeide/plugins/com.st.stm32cube.ide.mcu.externaltools.gnu-tools-for-stm32.7-2018-q2-update.win32_1.4.0.202007081208/tools/bin/../lib/gcc/arm-none-eabi/7.3.1/thumb/v7e-m/fpv4-sp/hard\libgcc.a(_arm_addsubdf3.o)
                0x00000000080001f0                __aeabi_drsub
                0x00000000080001f8                __aeabi_dsub
                0x00000000080001f8                __subdf3
                0x00000000080001fc                __aeabi_dadd
                0x00000000080001fc                __adddf3
                0x0000000008000474                __floatunsidf
                0x0000000008000474                __aeabi_ui2d
                0x0000000008000494                __floatsidf
                0x0000000008000494                __aeabi_i2d
                0x00000000080004b8                __aeabi_f2d
                0x00000000080004b8                __extendsfdf2
                0x00000000080004fc                __floatundidf
                0x00000000080004fc                __aeabi_ul2d
                0x000000000800050c                __floatdidf
                0x000000000800050c                __aeabi_l2d
 .text          0x0000000008000568      0x424 c:/st/stm32cubeide_1.4.0/stm32cubeide/plugins/com.st.stm32cube.ide.mcu.externaltools.gnu-tools-for-stm32.7-2018-q2-update.win32_1.4.0.202007081208/tools/bin/../lib/gcc/arm-none-eabi/7.3.1/thumb/v7e-m/fpv4-sp/hard\libgcc.a(_arm_muldivdf3.o)
                0x0000000008000568                __aeabi_dmul
                0x0000000008000568                __muldf3
                0x00000000080007bc                __divdf3
                0x00000000080007bc                __aeabi_ddiv
 .text          0x000000000800098c       0xa0 c:/st/stm32cubeide_1.4.0/stm32cubeide/plugins/com.st.stm32cube.ide.mcu.externaltools.gnu-tools-for-stm32.7-2018-q2-update.win32_1.4.0.202007081208/tools/bin/../lib/gcc/arm-none-eabi/7.3.1/thumb/v7e-m/fpv4-sp/hard\libgcc.a(_arm_truncdfsf2.o)
                0x000000000800098c                __truncdfsf2
                0x000000000800098c                __aeabi_d2f
 .text          0x0000000008000a2c       0x30 c:/st/stm32cubeide_1.4.0/stm32cubeide/plugins/com.st.stm32cube.ide.mcu.externaltools.gnu-tools-for-stm32.7-2018-q2-update.win32_1.4.0.202007081208/tools/bin/../lib/gcc/arm-none-eabi/7.3.1/thumb/v7e-m/fpv4-sp/hard\libgcc.a(_aeabi_uldivmod.o)
                0x0000000008000a2c                __aeabi_uldivmod
 .text          0x0000000008000a5c      0x2cc c:/st/stm32cubeide_1.4.0/stm32cubeide/plugins/com.st.stm32cube.ide.mcu.externaltools.gnu-tools-for-stm32.7-2018-q2-update.win32_1.4.0.202007081208/tools/bin/../lib/gcc/arm-none-eabi/7.3.1/thumb/v7e-m/fpv4-sp/hard\libgcc.a(_udivmoddi4.o)
                0x0000000008000a5c                __udivmoddi4
 .text          0x0000000008000d28        0x4 c:/st/stm32cubeide_1.4.0/stm32cubeide/plugins/com.st.stm32cube.ide.mcu.externaltools.gnu-tools-for-stm32.7-2018-q2-update.win32_1.4.0.202007081208/tools/bin/../lib/gcc/arm-none-eabi/7.3.1/thumb/v7e-m/fpv4-sp/hard\libgcc.a(_dvmd_tls.o)
                0x0000000008000d28                __aeabi_idiv0
                0x0000000008000d28                __aeabi_ldiv0
 *(.text*)
 .text.ball_ctrl_init
                0x0000000008000d2c       0x4e Core/Src/ball_controll.o
                0x0000000008000d2c                ball_ctrl_init
 .text.ball_ctrl_restetDrift
                0x0000000008000d7a       0x2c Core/Src/ball_controll.o
                0x0000000008000d7a                ball_ctrl_restetDrift
 *fill*         0x0000000008000da6        0x2 
 .text.ball_update_ctrl_angles
                0x0000000008000da8       0x94 Core/Src/ball_controll.o
                0x0000000008000da8                ball_update_ctrl_angles
 *fill*         0x0000000008000e3c        0x4 
 .text.ball_update_pos
                0x0000000008000e40      0x1e8 Core/Src/ball_controll.o
                0x0000000008000e40                ball_update_pos
 .text.ball_handle_collision
                0x0000000008001028      0x260 Core/Src/ball_controll.o
                0x0000000008001028                ball_handle_collision
 .text.generateSineWave
                0x0000000008001288      0x108 Core/Src/ball_sound.o
                0x0000000008001288                generateSineWave
 .text.addSineWaveAt
                0x0000000008001390      0x128 Core/Src/ball_sound.o
                0x0000000008001390                addSineWaveAt
 .text.initMelody_2
                0x00000000080014b8       0x80 Core/Src/ball_sound.o
                0x00000000080014b8                initMelody_2
 .text.L3GD20_init
                0x0000000008001538       0x64 Core/Src/gyroscope.o
                0x0000000008001538                L3GD20_init
 .text.L3GD20_send
                0x000000000800159c       0x4c Core/Src/gyroscope.o
                0x000000000800159c                L3GD20_send
 .text.L3GD20_recive
                0x00000000080015e8       0x58 Core/Src/gyroscope.o
                0x00000000080015e8                L3GD20_recive
 .text.L3GD20_readRawData
                0x0000000008001640       0x94 Core/Src/gyroscope.o
                0x0000000008001640                L3GD20_readRawData
 *fill*         0x00000000080016d4        0x4 
 .text.L3GD20_convertRawData
                0x00000000080016d8       0x98 Core/Src/gyroscope.o
                0x00000000080016d8                L3GD20_convertRawData
 .text.ili9341_Init
                0x0000000008001770      0x294 Core/Src/ili9341.o
                0x0000000008001770                ili9341_Init
 .text.ili9341_WriteReg
                0x0000000008001a04       0x1a Core/Src/ili9341.o
                0x0000000008001a04                ili9341_WriteReg
 .text.ili9341_WriteData
                0x0000000008001a1e       0x1a Core/Src/ili9341.o
                0x0000000008001a1e                ili9341_WriteData
 .text.main     0x0000000008001a38      0x14c Core/Src/main.o
                0x0000000008001a38                main
 .text.SystemClock_Config
                0x0000000008001b84      0x108 Core/Src/main.o
                0x0000000008001b84                SystemClock_Config
 .text.MX_CRC_Init
                0x0000000008001c8c       0x28 Core/Src/main.o
 .text.MX_DAC_Init
                0x0000000008001cb4       0x54 Core/Src/main.o
 .text.MX_DMA2D_Init
                0x0000000008001d08       0x64 Core/Src/main.o
 .text.MX_I2C3_Init
                0x0000000008001d6c       0x80 Core/Src/main.o
 .text.MX_LTDC_Init
                0x0000000008001dec      0x180 Core/Src/main.o
 .text.MX_SPI5_Init
                0x0000000008001f6c       0x6c Core/Src/main.o
 .text.MX_TIM1_Init
                0x0000000008001fd8       0xa0 Core/Src/main.o
 .text.MX_TIM2_Init
                0x0000000008002078       0x98 Core/Src/main.o
 .text.MX_USART1_UART_Init
                0x0000000008002110       0x54 Core/Src/main.o
 .text.MX_DMA_Init
                0x0000000008002164       0x40 Core/Src/main.o
 .text.MX_FMC_Init
                0x00000000080021a4       0xa0 Core/Src/main.o
 .text.MX_GPIO_Init
                0x0000000008002244      0x25c Core/Src/main.o
 .text.HAL_LTDC_ReloadEventCallback
                0x00000000080024a0       0x20 Core/Src/main.o
                0x00000000080024a0                HAL_LTDC_ReloadEventCallback
 .text.HAL_TIM_PeriodElapsedCallback
                0x00000000080024c0       0x24 Core/Src/main.o
                0x00000000080024c0                HAL_TIM_PeriodElapsedCallback
 .text.Error_Handler
                0x00000000080024e4        0xe Core/Src/main.o
                0x00000000080024e4                Error_Handler
 *fill*         0x00000000080024f2        0x2 
 .text.SPIx_Init
                0x00000000080024f4       0x74 Core/Src/stm32f429i_discovery.o
 .text.SPIx_Write
                0x0000000008002568       0x3c Core/Src/stm32f429i_discovery.o
 .text.SPIx_Error
                0x00000000080025a4       0x18 Core/Src/stm32f429i_discovery.o
 .text.SPIx_MspInit
                0x00000000080025bc       0x74 Core/Src/stm32f429i_discovery.o
 .text.LCD_IO_Init
                0x0000000008002630       0xf0 Core/Src/stm32f429i_discovery.o
                0x0000000008002630                LCD_IO_Init
 .text.LCD_IO_WriteData
                0x0000000008002720       0x44 Core/Src/stm32f429i_discovery.o
                0x0000000008002720                LCD_IO_WriteData
 .text.LCD_IO_WriteReg
                0x0000000008002764       0x44 Core/Src/stm32f429i_discovery.o
                0x0000000008002764                LCD_IO_WriteReg
 .text.LCD_Delay
                0x00000000080027a8       0x16 Core/Src/stm32f429i_discovery.o
                0x00000000080027a8                LCD_Delay
 *fill*         0x00000000080027be        0x2 
 .text.HAL_MspInit
                0x00000000080027c0       0x58 Core/Src/stm32f4xx_hal_msp.o
                0x00000000080027c0                HAL_MspInit
 .text.HAL_CRC_MspInit
                0x0000000008002818       0x44 Core/Src/stm32f4xx_hal_msp.o
                0x0000000008002818                HAL_CRC_MspInit
 .text.HAL_DAC_MspInit
                0x000000000800285c      0x100 Core/Src/stm32f4xx_hal_msp.o
                0x000000000800285c                HAL_DAC_MspInit
 .text.HAL_DMA2D_MspInit
                0x000000000800295c       0x50 Core/Src/stm32f4xx_hal_msp.o
                0x000000000800295c                HAL_DMA2D_MspInit
 .text.HAL_I2C_MspInit
                0x00000000080029ac       0xd4 Core/Src/stm32f4xx_hal_msp.o
                0x00000000080029ac                HAL_I2C_MspInit
 .text.HAL_LTDC_MspInit
                0x0000000008002a80      0x22c Core/Src/stm32f4xx_hal_msp.o
                0x0000000008002a80                HAL_LTDC_MspInit
 .text.HAL_SPI_MspInit
                0x0000000008002cac       0x90 Core/Src/stm32f4xx_hal_msp.o
                0x0000000008002cac                HAL_SPI_MspInit
 .text.HAL_SPI_MspDeInit
                0x0000000008002d3c       0x3c Core/Src/stm32f4xx_hal_msp.o
                0x0000000008002d3c                HAL_SPI_MspDeInit
 .text.HAL_TIM_Base_MspInit
                0x0000000008002d78       0x6c Core/Src/stm32f4xx_hal_msp.o
                0x0000000008002d78                HAL_TIM_Base_MspInit
 .text.HAL_UART_MspInit
                0x0000000008002de4       0x90 Core/Src/stm32f4xx_hal_msp.o
                0x0000000008002de4                HAL_UART_MspInit
 .text.HAL_FMC_MspInit
                0x0000000008002e74      0x124 Core/Src/stm32f4xx_hal_msp.o
 .text.HAL_SDRAM_MspInit
                0x0000000008002f98       0x14 Core/Src/stm32f4xx_hal_msp.o
                0x0000000008002f98                HAL_SDRAM_MspInit
 .text.HAL_InitTick
                0x0000000008002fac       0xb4 Core/Src/stm32f4xx_hal_timebase_tim.o
                0x0000000008002fac                HAL_InitTick
 .text.NMI_Handler
                0x0000000008003060        0xe Core/Src/stm32f4xx_it.o
                0x0000000008003060                NMI_Handler
 .text.HardFault_Handler
                0x000000000800306e        0x6 Core/Src/stm32f4xx_it.o
                0x000000000800306e                HardFault_Handler
 .text.MemManage_Handler
                0x0000000008003074        0x6 Core/Src/stm32f4xx_it.o
                0x0000000008003074                MemManage_Handler
 .text.BusFault_Handler
                0x000000000800307a        0x6 Core/Src/stm32f4xx_it.o
                0x000000000800307a                BusFault_Handler
 .text.UsageFault_Handler
                0x0000000008003080        0x6 Core/Src/stm32f4xx_it.o
                0x0000000008003080                UsageFault_Handler
 .text.SVC_Handler
                0x0000000008003086        0xe Core/Src/stm32f4xx_it.o
                0x0000000008003086                SVC_Handler
 .text.DebugMon_Handler
                0x0000000008003094        0xe Core/Src/stm32f4xx_it.o
                0x0000000008003094                DebugMon_Handler
 .text.PendSV_Handler
                0x00000000080030a2        0xe Core/Src/stm32f4xx_it.o
                0x00000000080030a2                PendSV_Handler
 .text.SysTick_Handler
                0x00000000080030b0        0xe Core/Src/stm32f4xx_it.o
                0x00000000080030b0                SysTick_Handler
 *fill*         0x00000000080030be        0x2 
 .text.DMA1_Stream6_IRQHandler
                0x00000000080030c0       0x14 Core/Src/stm32f4xx_it.o
                0x00000000080030c0                DMA1_Stream6_IRQHandler
 .text.TIM6_DAC_IRQHandler
                0x00000000080030d4       0x1c Core/Src/stm32f4xx_it.o
                0x00000000080030d4                TIM6_DAC_IRQHandler
 .text.LTDC_IRQHandler
                0x00000000080030f0       0x14 Core/Src/stm32f4xx_it.o
                0x00000000080030f0                LTDC_IRQHandler
 .text.DMA2D_IRQHandler
                0x0000000008003104       0x14 Core/Src/stm32f4xx_it.o
                0x0000000008003104                DMA2D_IRQHandler
 .text.SystemInit
                0x0000000008003118       0x2c Core/Src/system_stm32f4xx.o
                0x0000000008003118                SystemInit
 .text.Reset_Handler
                0x0000000008003144       0x50 Core/Startup/startup_stm32f429zitx.o
                0x0000000008003144                Reset_Handler
 .text.Default_Handler
                0x0000000008003194        0x2 Core/Startup/startup_stm32f429zitx.o
                0x0000000008003194                RTC_Alarm_IRQHandler
                0x0000000008003194                HASH_RNG_IRQHandler
                0x0000000008003194                EXTI2_IRQHandler
                0x0000000008003194                TIM8_CC_IRQHandler
                0x0000000008003194                UART8_IRQHandler
                0x0000000008003194                SPI4_IRQHandler
                0x0000000008003194                TIM1_CC_IRQHandler
                0x0000000008003194                DMA2_Stream5_IRQHandler
                0x0000000008003194                DMA1_Stream5_IRQHandler
                0x0000000008003194                PVD_IRQHandler
                0x0000000008003194                SDIO_IRQHandler
                0x0000000008003194                TAMP_STAMP_IRQHandler
                0x0000000008003194                CAN2_RX1_IRQHandler
                0x0000000008003194                EXTI3_IRQHandler
                0x0000000008003194                TIM8_TRG_COM_TIM14_IRQHandler
                0x0000000008003194                TIM1_UP_TIM10_IRQHandler
                0x0000000008003194                TIM8_UP_TIM13_IRQHandler
                0x0000000008003194                I2C3_ER_IRQHandler
                0x0000000008003194                EXTI0_IRQHandler
                0x0000000008003194                I2C2_EV_IRQHandler
                0x0000000008003194                DMA1_Stream2_IRQHandler
                0x0000000008003194                CAN1_RX0_IRQHandler
                0x0000000008003194                FPU_IRQHandler
                0x0000000008003194                OTG_HS_WKUP_IRQHandler
                0x0000000008003194                LTDC_ER_IRQHandler
                0x0000000008003194                CAN2_SCE_IRQHandler
                0x0000000008003194                DMA2_Stream2_IRQHandler
                0x0000000008003194                SPI1_IRQHandler
                0x0000000008003194                TIM1_BRK_TIM9_IRQHandler
                0x0000000008003194                DCMI_IRQHandler
                0x0000000008003194                CAN2_RX0_IRQHandler
                0x0000000008003194                DMA2_Stream3_IRQHandler
                0x0000000008003194                USART6_IRQHandler
                0x0000000008003194                USART3_IRQHandler
                0x0000000008003194                CAN1_RX1_IRQHandler
                0x0000000008003194                UART5_IRQHandler
                0x0000000008003194                DMA2_Stream0_IRQHandler
                0x0000000008003194                TIM4_IRQHandler
                0x0000000008003194                I2C1_EV_IRQHandler
                0x0000000008003194                DMA1_Stream1_IRQHandler
                0x0000000008003194                UART4_IRQHandler
                0x0000000008003194                TIM3_IRQHandler
                0x0000000008003194                RCC_IRQHandler
                0x0000000008003194                TIM8_BRK_TIM12_IRQHandler
                0x0000000008003194                Default_Handler
                0x0000000008003194                EXTI15_10_IRQHandler
                0x0000000008003194                ADC_IRQHandler
                0x0000000008003194                DMA1_Stream7_IRQHandler
                0x0000000008003194                SPI5_IRQHandler
                0x0000000008003194                TIM7_IRQHandler
                0x0000000008003194                CAN2_TX_IRQHandler
                0x0000000008003194                TIM5_IRQHandler
                0x0000000008003194                DMA2_Stream7_IRQHandler
                0x0000000008003194                I2C3_EV_IRQHandler
                0x0000000008003194                EXTI9_5_IRQHandler
                0x0000000008003194                RTC_WKUP_IRQHandler
                0x0000000008003194                ETH_WKUP_IRQHandler
                0x0000000008003194                SPI2_IRQHandler
                0x0000000008003194                OTG_HS_EP1_IN_IRQHandler
                0x0000000008003194                DMA1_Stream0_IRQHandler
                0x0000000008003194                CAN1_TX_IRQHandler
                0x0000000008003194                EXTI4_IRQHandler
                0x0000000008003194                ETH_IRQHandler
                0x0000000008003194                OTG_HS_EP1_OUT_IRQHandler
                0x0000000008003194                WWDG_IRQHandler
                0x0000000008003194                SPI6_IRQHandler
                0x0000000008003194                TIM2_IRQHandler
                0x0000000008003194                OTG_FS_WKUP_IRQHandler
                0x0000000008003194                TIM1_TRG_COM_TIM11_IRQHandler
                0x0000000008003194                OTG_HS_IRQHandler
                0x0000000008003194                EXTI1_IRQHandler
                0x0000000008003194                UART7_IRQHandler
                0x0000000008003194                USART2_IRQHandler
                0x0000000008003194                I2C2_ER_IRQHandler
                0x0000000008003194                DMA2_Stream1_IRQHandler
                0x0000000008003194                CAN1_SCE_IRQHandler
                0x0000000008003194                FLASH_IRQHandler
                0x0000000008003194                DMA2_Stream4_IRQHandler
                0x0000000008003194                USART1_IRQHandler
                0x0000000008003194                OTG_FS_IRQHandler
                0x0000000008003194                SPI3_IRQHandler
                0x0000000008003194                DMA1_Stream4_IRQHandler
                0x0000000008003194                I2C1_ER_IRQHandler
                0x0000000008003194                FMC_IRQHandler
                0x0000000008003194                DMA2_Stream6_IRQHandler
                0x0000000008003194                SAI1_IRQHandler
                0x0000000008003194                DMA1_Stream3_IRQHandler
 *fill*         0x0000000008003196        0x2 
 .text.HAL_Init
                0x0000000008003198       0x44 Drivers/STM32F4xx_HAL_Driver/Src/stm32f4xx_hal.o
                0x0000000008003198                HAL_Init
 .text.HAL_IncTick
                0x00000000080031dc       0x28 Drivers/STM32F4xx_HAL_Driver/Src/stm32f4xx_hal.o
                0x00000000080031dc                HAL_IncTick
 .text.HAL_GetTick
                0x0000000008003204       0x18 Drivers/STM32F4xx_HAL_Driver/Src/stm32f4xx_hal.o
                0x0000000008003204                HAL_GetTick
 .text.HAL_Delay
                0x000000000800321c       0x44 Drivers/STM32F4xx_HAL_Driver/Src/stm32f4xx_hal.o
                0x000000000800321c                HAL_Delay
 .text.__NVIC_SetPriorityGrouping
                0x0000000008003260       0x48 Drivers/STM32F4xx_HAL_Driver/Src/stm32f4xx_hal_cortex.o
 .text.__NVIC_GetPriorityGrouping
                0x00000000080032a8       0x1c Drivers/STM32F4xx_HAL_Driver/Src/stm32f4xx_hal_cortex.o
 .text.__NVIC_EnableIRQ
                0x00000000080032c4       0x3c Drivers/STM32F4xx_HAL_Driver/Src/stm32f4xx_hal_cortex.o
 .text.__NVIC_SetPriority
                0x0000000008003300       0x54 Drivers/STM32F4xx_HAL_Driver/Src/stm32f4xx_hal_cortex.o
 .text.NVIC_EncodePriority
                0x0000000008003354       0x66 Drivers/STM32F4xx_HAL_Driver/Src/stm32f4xx_hal_cortex.o
 .text.HAL_NVIC_SetPriorityGrouping
                0x00000000080033ba       0x16 Drivers/STM32F4xx_HAL_Driver/Src/stm32f4xx_hal_cortex.o
                0x00000000080033ba                HAL_NVIC_SetPriorityGrouping
 .text.HAL_NVIC_SetPriority
                0x00000000080033d0       0x38 Drivers/STM32F4xx_HAL_Driver/Src/stm32f4xx_hal_cortex.o
                0x00000000080033d0                HAL_NVIC_SetPriority
 .text.HAL_NVIC_EnableIRQ
                0x0000000008003408       0x1c Drivers/STM32F4xx_HAL_Driver/Src/stm32f4xx_hal_cortex.o
                0x0000000008003408                HAL_NVIC_EnableIRQ
 .text.HAL_CRC_Init
                0x0000000008003424       0x38 Drivers/STM32F4xx_HAL_Driver/Src/stm32f4xx_hal_crc.o
                0x0000000008003424                HAL_CRC_Init
 .text.HAL_DAC_Init
                0x000000000800345c       0x44 Drivers/STM32F4xx_HAL_Driver/Src/stm32f4xx_hal_dac.o
                0x000000000800345c                HAL_DAC_Init
 .text.HAL_DAC_Start_DMA
                0x00000000080034a0      0x15c Drivers/STM32F4xx_HAL_Driver/Src/stm32f4xx_hal_dac.o
                0x00000000080034a0                HAL_DAC_Start_DMA
 .text.HAL_DAC_IRQHandler
                0x00000000080035fc       0x94 Drivers/STM32F4xx_HAL_Driver/Src/stm32f4xx_hal_dac.o
                0x00000000080035fc                HAL_DAC_IRQHandler
 .text.HAL_DAC_ConvCpltCallbackCh1
                0x0000000008003690       0x14 Drivers/STM32F4xx_HAL_Driver/Src/stm32f4xx_hal_dac.o
                0x0000000008003690                HAL_DAC_ConvCpltCallbackCh1
 .text.HAL_DAC_ConvHalfCpltCallbackCh1
                0x00000000080036a4       0x14 Drivers/STM32F4xx_HAL_Driver/Src/stm32f4xx_hal_dac.o
                0x00000000080036a4                HAL_DAC_ConvHalfCpltCallbackCh1
 .text.HAL_DAC_ErrorCallbackCh1
                0x00000000080036b8       0x14 Drivers/STM32F4xx_HAL_Driver/Src/stm32f4xx_hal_dac.o
                0x00000000080036b8                HAL_DAC_ErrorCallbackCh1
 .text.HAL_DAC_DMAUnderrunCallbackCh1
                0x00000000080036cc       0x14 Drivers/STM32F4xx_HAL_Driver/Src/stm32f4xx_hal_dac.o
                0x00000000080036cc                HAL_DAC_DMAUnderrunCallbackCh1
 .text.HAL_DAC_ConfigChannel
                0x00000000080036e0       0x9a Drivers/STM32F4xx_HAL_Driver/Src/stm32f4xx_hal_dac.o
                0x00000000080036e0                HAL_DAC_ConfigChannel
 .text.DAC_DMAConvCpltCh1
                0x000000000800377a       0x22 Drivers/STM32F4xx_HAL_Driver/Src/stm32f4xx_hal_dac.o
 .text.DAC_DMAHalfConvCpltCh1
                0x000000000800379c       0x1c Drivers/STM32F4xx_HAL_Driver/Src/stm32f4xx_hal_dac.o
 .text.DAC_DMAErrorCh1
                0x00000000080037b8       0x2e Drivers/STM32F4xx_HAL_Driver/Src/stm32f4xx_hal_dac.o
 .text.HAL_DACEx_ConvCpltCallbackCh2
                0x00000000080037e6       0x14 Drivers/STM32F4xx_HAL_Driver/Src/stm32f4xx_hal_dac_ex.o
                0x00000000080037e6                HAL_DACEx_ConvCpltCallbackCh2
 .text.HAL_DACEx_ConvHalfCpltCallbackCh2
                0x00000000080037fa       0x14 Drivers/STM32F4xx_HAL_Driver/Src/stm32f4xx_hal_dac_ex.o
                0x00000000080037fa                HAL_DACEx_ConvHalfCpltCallbackCh2
 .text.HAL_DACEx_ErrorCallbackCh2
                0x000000000800380e       0x14 Drivers/STM32F4xx_HAL_Driver/Src/stm32f4xx_hal_dac_ex.o
                0x000000000800380e                HAL_DACEx_ErrorCallbackCh2
 .text.HAL_DACEx_DMAUnderrunCallbackCh2
                0x0000000008003822       0x14 Drivers/STM32F4xx_HAL_Driver/Src/stm32f4xx_hal_dac_ex.o
                0x0000000008003822                HAL_DACEx_DMAUnderrunCallbackCh2
 .text.DAC_DMAConvCpltCh2
                0x0000000008003836       0x22 Drivers/STM32F4xx_HAL_Driver/Src/stm32f4xx_hal_dac_ex.o
                0x0000000008003836                DAC_DMAConvCpltCh2
 .text.DAC_DMAHalfConvCpltCh2
                0x0000000008003858       0x1c Drivers/STM32F4xx_HAL_Driver/Src/stm32f4xx_hal_dac_ex.o
                0x0000000008003858                DAC_DMAHalfConvCpltCh2
 .text.DAC_DMAErrorCh2
                0x0000000008003874       0x2e Drivers/STM32F4xx_HAL_Driver/Src/stm32f4xx_hal_dac_ex.o
                0x0000000008003874                DAC_DMAErrorCh2
 *fill*         0x00000000080038a2        0x2 
 .text.HAL_DMA_Init
                0x00000000080038a4      0x15c Drivers/STM32F4xx_HAL_Driver/Src/stm32f4xx_hal_dma.o
                0x00000000080038a4                HAL_DMA_Init
 .text.HAL_DMA_Start_IT
                0x0000000008003a00       0xb0 Drivers/STM32F4xx_HAL_Driver/Src/stm32f4xx_hal_dma.o
                0x0000000008003a00                HAL_DMA_Start_IT
 .text.HAL_DMA_IRQHandler
                0x0000000008003ab0      0x314 Drivers/STM32F4xx_HAL_Driver/Src/stm32f4xx_hal_dma.o
                0x0000000008003ab0                HAL_DMA_IRQHandler
 .text.DMA_SetConfig
                0x0000000008003dc4       0x5c Drivers/STM32F4xx_HAL_Driver/Src/stm32f4xx_hal_dma.o
 .text.DMA_CalcBaseAndBitshift
                0x0000000008003e20       0x6c Drivers/STM32F4xx_HAL_Driver/Src/stm32f4xx_hal_dma.o
 .text.DMA_CheckFifoParam
                0x0000000008003e8c       0xf4 Drivers/STM32F4xx_HAL_Driver/Src/stm32f4xx_hal_dma.o
 .text.HAL_DMA2D_Init
                0x0000000008003f80       0x92 Drivers/STM32F4xx_HAL_Driver/Src/stm32f4xx_hal_dma2d.o
                0x0000000008003f80                HAL_DMA2D_Init
 .text.HAL_DMA2D_IRQHandler
                0x0000000008004012      0x1f8 Drivers/STM32F4xx_HAL_Driver/Src/stm32f4xx_hal_dma2d.o
                0x0000000008004012                HAL_DMA2D_IRQHandler
 .text.HAL_DMA2D_LineEventCallback
                0x000000000800420a       0x14 Drivers/STM32F4xx_HAL_Driver/Src/stm32f4xx_hal_dma2d.o
                0x000000000800420a                HAL_DMA2D_LineEventCallback
 .text.HAL_DMA2D_CLUTLoadingCpltCallback
                0x000000000800421e       0x14 Drivers/STM32F4xx_HAL_Driver/Src/stm32f4xx_hal_dma2d.o
                0x000000000800421e                HAL_DMA2D_CLUTLoadingCpltCallback
 *fill*         0x0000000008004232        0x2 
 .text.HAL_DMA2D_ConfigLayer
                0x0000000008004234      0x124 Drivers/STM32F4xx_HAL_Driver/Src/stm32f4xx_hal_dma2d.o
                0x0000000008004234                HAL_DMA2D_ConfigLayer
 .text.HAL_GPIO_Init
                0x0000000008004358      0x354 Drivers/STM32F4xx_HAL_Driver/Src/stm32f4xx_hal_gpio.o
                0x0000000008004358                HAL_GPIO_Init
 .text.HAL_GPIO_DeInit
                0x00000000080046ac      0x214 Drivers/STM32F4xx_HAL_Driver/Src/stm32f4xx_hal_gpio.o
                0x00000000080046ac                HAL_GPIO_DeInit
 .text.HAL_GPIO_ReadPin
                0x00000000080048c0       0x30 Drivers/STM32F4xx_HAL_Driver/Src/stm32f4xx_hal_gpio.o
                0x00000000080048c0                HAL_GPIO_ReadPin
 .text.HAL_GPIO_WritePin
                0x00000000080048f0       0x32 Drivers/STM32F4xx_HAL_Driver/Src/stm32f4xx_hal_gpio.o
                0x00000000080048f0                HAL_GPIO_WritePin
 *fill*         0x0000000008004922        0x2 
 .text.HAL_I2C_Init
                0x0000000008004924      0x270 Drivers/STM32F4xx_HAL_Driver/Src/stm32f4xx_hal_i2c.o
                0x0000000008004924                HAL_I2C_Init
 .text.HAL_I2CEx_ConfigAnalogFilter
                0x0000000008004b94       0x78 Drivers/STM32F4xx_HAL_Driver/Src/stm32f4xx_hal_i2c_ex.o
                0x0000000008004b94                HAL_I2CEx_ConfigAnalogFilter
 .text.HAL_I2CEx_ConfigDigitalFilter
                0x0000000008004c0c       0x7e Drivers/STM32F4xx_HAL_Driver/Src/stm32f4xx_hal_i2c_ex.o
                0x0000000008004c0c                HAL_I2CEx_ConfigDigitalFilter
 *fill*         0x0000000008004c8a        0x2 
 .text.HAL_LTDC_Init
                0x0000000008004c8c      0x1a0 Drivers/STM32F4xx_HAL_Driver/Src/stm32f4xx_hal_ltdc.o
                0x0000000008004c8c                HAL_LTDC_Init
 .text.HAL_LTDC_IRQHandler
                0x0000000008004e2c      0x148 Drivers/STM32F4xx_HAL_Driver/Src/stm32f4xx_hal_ltdc.o
                0x0000000008004e2c                HAL_LTDC_IRQHandler
 .text.HAL_LTDC_ErrorCallback
                0x0000000008004f74       0x14 Drivers/STM32F4xx_HAL_Driver/Src/stm32f4xx_hal_ltdc.o
                0x0000000008004f74                HAL_LTDC_ErrorCallback
 .text.HAL_LTDC_LineEventCallback
                0x0000000008004f88       0x14 Drivers/STM32F4xx_HAL_Driver/Src/stm32f4xx_hal_ltdc.o
                0x0000000008004f88                HAL_LTDC_LineEventCallback
 .text.HAL_LTDC_ConfigLayer
                0x0000000008004f9c       0x7c Drivers/STM32F4xx_HAL_Driver/Src/stm32f4xx_hal_ltdc.o
                0x0000000008004f9c                HAL_LTDC_ConfigLayer
 .text.HAL_LTDC_Reload
                0x0000000008005018       0x5e Drivers/STM32F4xx_HAL_Driver/Src/stm32f4xx_hal_ltdc.o
                0x0000000008005018                HAL_LTDC_Reload
 .text.HAL_LTDC_SetWindowPosition_NoReload
                0x0000000008005076       0x84 Drivers/STM32F4xx_HAL_Driver/Src/stm32f4xx_hal_ltdc.o
                0x0000000008005076                HAL_LTDC_SetWindowPosition_NoReload
 .text.LTDC_SetConfig
                0x00000000080050fa      0x32e Drivers/STM32F4xx_HAL_Driver/Src/stm32f4xx_hal_ltdc.o
 .text.HAL_RCC_OscConfig
                0x0000000008005428      0x4e0 Drivers/STM32F4xx_HAL_Driver/Src/stm32f4xx_hal_rcc.o
                0x0000000008005428                HAL_RCC_OscConfig
 .text.HAL_RCC_ClockConfig
                0x0000000008005908      0x1cc Drivers/STM32F4xx_HAL_Driver/Src/stm32f4xx_hal_rcc.o
                0x0000000008005908                HAL_RCC_ClockConfig
 .text.HAL_RCC_GetSysClockFreq
                0x0000000008005ad4      0x1b0 Drivers/STM32F4xx_HAL_Driver/Src/stm32f4xx_hal_rcc.o
                0x0000000008005ad4                HAL_RCC_GetSysClockFreq
 .text.HAL_RCC_GetHCLKFreq
                0x0000000008005c84       0x18 Drivers/STM32F4xx_HAL_Driver/Src/stm32f4xx_hal_rcc.o
                0x0000000008005c84                HAL_RCC_GetHCLKFreq
 .text.HAL_RCC_GetPCLK1Freq
                0x0000000008005c9c       0x28 Drivers/STM32F4xx_HAL_Driver/Src/stm32f4xx_hal_rcc.o
                0x0000000008005c9c                HAL_RCC_GetPCLK1Freq
 .text.HAL_RCC_GetPCLK2Freq
                0x0000000008005cc4       0x28 Drivers/STM32F4xx_HAL_Driver/Src/stm32f4xx_hal_rcc.o
                0x0000000008005cc4                HAL_RCC_GetPCLK2Freq
 .text.HAL_RCC_GetClockConfig
                0x0000000008005cec       0x64 Drivers/STM32F4xx_HAL_Driver/Src/stm32f4xx_hal_rcc.o
                0x0000000008005cec                HAL_RCC_GetClockConfig
 .text.HAL_RCCEx_PeriphCLKConfig
                0x0000000008005d50      0x37c Drivers/STM32F4xx_HAL_Driver/Src/stm32f4xx_hal_rcc_ex.o
                0x0000000008005d50                HAL_RCCEx_PeriphCLKConfig
 .text.HAL_SDRAM_Init
                0x00000000080060cc       0x68 Drivers/STM32F4xx_HAL_Driver/Src/stm32f4xx_hal_sdram.o
                0x00000000080060cc                HAL_SDRAM_Init
 .text.HAL_SPI_Init
                0x0000000008006134       0xc8 Drivers/STM32F4xx_HAL_Driver/Src/stm32f4xx_hal_spi.o
                0x0000000008006134                HAL_SPI_Init
 .text.HAL_SPI_DeInit
                0x00000000080061fc       0x50 Drivers/STM32F4xx_HAL_Driver/Src/stm32f4xx_hal_spi.o
                0x00000000080061fc                HAL_SPI_DeInit
 .text.HAL_SPI_Transmit
                0x000000000800624c      0x268 Drivers/STM32F4xx_HAL_Driver/Src/stm32f4xx_hal_spi.o
                0x000000000800624c                HAL_SPI_Transmit
 .text.HAL_SPI_TransmitReceive
                0x00000000080064b4      0x344 Drivers/STM32F4xx_HAL_Driver/Src/stm32f4xx_hal_spi.o
                0x00000000080064b4                HAL_SPI_TransmitReceive
 .text.HAL_SPI_GetState
                0x00000000080067f8       0x1c Drivers/STM32F4xx_HAL_Driver/Src/stm32f4xx_hal_spi.o
                0x00000000080067f8                HAL_SPI_GetState
 .text.SPI_WaitFlagStateUntilTimeout
                0x0000000008006814       0xd4 Drivers/STM32F4xx_HAL_Driver/Src/stm32f4xx_hal_spi.o
 .text.SPI_EndRxTxTransaction
                0x00000000080068e8       0x84 Drivers/STM32F4xx_HAL_Driver/Src/stm32f4xx_hal_spi.o
 .text.HAL_TIM_Base_Init
                0x000000000800696c       0x56 Drivers/STM32F4xx_HAL_Driver/Src/stm32f4xx_hal_tim.o
                0x000000000800696c                HAL_TIM_Base_Init
 .text.HAL_TIM_Base_Start
                0x00000000080069c2       0x48 Drivers/STM32F4xx_HAL_Driver/Src/stm32f4xx_hal_tim.o
                0x00000000080069c2                HAL_TIM_Base_Start
 .text.HAL_TIM_Base_Start_IT
                0x0000000008006a0a       0x48 Drivers/STM32F4xx_HAL_Driver/Src/stm32f4xx_hal_tim.o
                0x0000000008006a0a                HAL_TIM_Base_Start_IT
 .text.HAL_TIM_IRQHandler
                0x0000000008006a52      0x210 Drivers/STM32F4xx_HAL_Driver/Src/stm32f4xx_hal_tim.o
                0x0000000008006a52                HAL_TIM_IRQHandler
 .text.HAL_TIM_ConfigClockSource
                0x0000000008006c62      0x16e Drivers/STM32F4xx_HAL_Driver/Src/stm32f4xx_hal_tim.o
                0x0000000008006c62                HAL_TIM_ConfigClockSource
 .text.HAL_TIM_OC_DelayElapsedCallback
                0x0000000008006dd0       0x14 Drivers/STM32F4xx_HAL_Driver/Src/stm32f4xx_hal_tim.o
                0x0000000008006dd0                HAL_TIM_OC_DelayElapsedCallback
 .text.HAL_TIM_IC_CaptureCallback
                0x0000000008006de4       0x14 Drivers/STM32F4xx_HAL_Driver/Src/stm32f4xx_hal_tim.o
                0x0000000008006de4                HAL_TIM_IC_CaptureCallback
 .text.HAL_TIM_PWM_PulseFinishedCallback
                0x0000000008006df8       0x14 Drivers/STM32F4xx_HAL_Driver/Src/stm32f4xx_hal_tim.o
                0x0000000008006df8                HAL_TIM_PWM_PulseFinishedCallback
 .text.HAL_TIM_TriggerCallback
                0x0000000008006e0c       0x14 Drivers/STM32F4xx_HAL_Driver/Src/stm32f4xx_hal_tim.o
                0x0000000008006e0c                HAL_TIM_TriggerCallback
 .text.TIM_Base_SetConfig
                0x0000000008006e20      0x140 Drivers/STM32F4xx_HAL_Driver/Src/stm32f4xx_hal_tim.o
                0x0000000008006e20                TIM_Base_SetConfig
 .text.TIM_TI1_ConfigInputStage
                0x0000000008006f60       0x5e Drivers/STM32F4xx_HAL_Driver/Src/stm32f4xx_hal_tim.o
 .text.TIM_TI2_ConfigInputStage
                0x0000000008006fbe       0x60 Drivers/STM32F4xx_HAL_Driver/Src/stm32f4xx_hal_tim.o
 .text.TIM_ITRx_SetConfig
                0x000000000800701e       0x36 Drivers/STM32F4xx_HAL_Driver/Src/stm32f4xx_hal_tim.o
 .text.TIM_ETR_SetConfig
                0x0000000008007054       0x40 Drivers/STM32F4xx_HAL_Driver/Src/stm32f4xx_hal_tim.o
                0x0000000008007054                TIM_ETR_SetConfig
 .text.HAL_TIMEx_MasterConfigSynchronization
                0x0000000008007094       0xf8 Drivers/STM32F4xx_HAL_Driver/Src/stm32f4xx_hal_tim_ex.o
                0x0000000008007094                HAL_TIMEx_MasterConfigSynchronization
 .text.HAL_TIMEx_CommutCallback
                0x000000000800718c       0x14 Drivers/STM32F4xx_HAL_Driver/Src/stm32f4xx_hal_tim_ex.o
                0x000000000800718c                HAL_TIMEx_CommutCallback
 .text.HAL_TIMEx_BreakCallback
                0x00000000080071a0       0x14 Drivers/STM32F4xx_HAL_Driver/Src/stm32f4xx_hal_tim_ex.o
                0x00000000080071a0                HAL_TIMEx_BreakCallback
 .text.HAL_UART_Init
                0x00000000080071b4       0x9a Drivers/STM32F4xx_HAL_Driver/Src/stm32f4xx_hal_uart.o
                0x00000000080071b4                HAL_UART_Init
 *fill*         0x000000000800724e        0x2 
 .text.UART_SetConfig
                0x0000000008007250      0x6f8 Drivers/STM32F4xx_HAL_Driver/Src/stm32f4xx_hal_uart.o
 .text.FMC_SDRAM_Init
                0x0000000008007948       0xe6 Drivers/STM32F4xx_HAL_Driver/Src/stm32f4xx_ll_fmc.o
                0x0000000008007948                FMC_SDRAM_Init
 .text.FMC_SDRAM_Timing_Init
                0x0000000008007a2e       0xfe Drivers/STM32F4xx_HAL_Driver/Src/stm32f4xx_ll_fmc.o
                0x0000000008007a2e                FMC_SDRAM_Timing_Init
 .text.__libc_init_array
                0x0000000008007b2c       0x48 c:/st/stm32cubeide_1.4.0/stm32cubeide/plugins/com.st.stm32cube.ide.mcu.externaltools.gnu-tools-for-stm32.7-2018-q2-update.win32_1.4.0.202007081208/tools/bin/../lib/gcc/arm-none-eabi/7.3.1/../../../../arm-none-eabi/lib/thumb/v7e-m/fpv4-sp/hard\libc_nano.a(lib_a-init.o)
                0x0000000008007b2c                __libc_init_array
 .text.memset   0x0000000008007b74       0x10 c:/st/stm32cubeide_1.4.0/stm32cubeide/plugins/com.st.stm32cube.ide.mcu.externaltools.gnu-tools-for-stm32.7-2018-q2-update.win32_1.4.0.202007081208/tools/bin/../lib/gcc/arm-none-eabi/7.3.1/../../../../arm-none-eabi/lib/thumb/v7e-m/fpv4-sp/hard\libc_nano.a(lib_a-memset.o)
                0x0000000008007b74                memset
 .text.sinf     0x0000000008007b84       0x84 c:/st/stm32cubeide_1.4.0/stm32cubeide/plugins/com.st.stm32cube.ide.mcu.externaltools.gnu-tools-for-stm32.7-2018-q2-update.win32_1.4.0.202007081208/tools/bin/../lib/gcc/arm-none-eabi/7.3.1/../../../../arm-none-eabi/lib/thumb/v7e-m/fpv4-sp/hard\libm.a(lib_a-sf_sin.o)
                0x0000000008007b84                sinf
 .text.__ieee754_rem_pio2f
                0x0000000008007c08      0x258 c:/st/stm32cubeide_1.4.0/stm32cubeide/plugins/com.st.stm32cube.ide.mcu.externaltools.gnu-tools-for-stm32.7-2018-q2-update.win32_1.4.0.202007081208/tools/bin/../lib/gcc/arm-none-eabi/7.3.1/../../../../arm-none-eabi/lib/thumb/v7e-m/fpv4-sp/hard\libm.a(lib_a-ef_rem_pio2.o)
                0x0000000008007c08                __ieee754_rem_pio2f
 .text.__kernel_cosf
                0x0000000008007e60       0xbc c:/st/stm32cubeide_1.4.0/stm32cubeide/plugins/com.st.stm32cube.ide.mcu.externaltools.gnu-tools-for-stm32.7-2018-q2-update.win32_1.4.0.202007081208/tools/bin/../lib/gcc/arm-none-eabi/7.3.1/../../../../arm-none-eabi/lib/thumb/v7e-m/fpv4-sp/hard\libm.a(lib_a-kf_cos.o)
                0x0000000008007e60                __kernel_cosf
 .text.__kernel_rem_pio2f
                0x0000000008007f1c      0x504 c:/st/stm32cubeide_1.4.0/stm32cubeide/plugins/com.st.stm32cube.ide.mcu.externaltools.gnu-tools-for-stm32.7-2018-q2-update.win32_1.4.0.202007081208/tools/bin/../lib/gcc/arm-none-eabi/7.3.1/../../../../arm-none-eabi/lib/thumb/v7e-m/fpv4-sp/hard\libm.a(lib_a-kf_rem_pio2.o)
                0x0000000008007f1c                __kernel_rem_pio2f
 .text.__kernel_sinf
                0x0000000008008420       0x90 c:/st/stm32cubeide_1.4.0/stm32cubeide/plugins/com.st.stm32cube.ide.mcu.externaltools.gnu-tools-for-stm32.7-2018-q2-update.win32_1.4.0.202007081208/tools/bin/../lib/gcc/arm-none-eabi/7.3.1/../../../../arm-none-eabi/lib/thumb/v7e-m/fpv4-sp/hard\libm.a(lib_a-kf_sin.o)
                0x0000000008008420                __kernel_sinf
 .text.fabsf    0x00000000080084b0        0xe c:/st/stm32cubeide_1.4.0/stm32cubeide/plugins/com.st.stm32cube.ide.mcu.externaltools.gnu-tools-for-stm32.7-2018-q2-update.win32_1.4.0.202007081208/tools/bin/../lib/gcc/arm-none-eabi/7.3.1/../../../../arm-none-eabi/lib/thumb/v7e-m/fpv4-sp/hard\libm.a(lib_a-sf_fabs.o)
                0x00000000080084b0                fabsf
 *fill*         0x00000000080084be        0x2 
 .text.floorf   0x00000000080084c0       0x84 c:/st/stm32cubeide_1.4.0/stm32cubeide/plugins/com.st.stm32cube.ide.mcu.externaltools.gnu-tools-for-stm32.7-2018-q2-update.win32_1.4.0.202007081208/tools/bin/../lib/gcc/arm-none-eabi/7.3.1/../../../../arm-none-eabi/lib/thumb/v7e-m/fpv4-sp/hard\libm.a(lib_a-sf_floor.o)
                0x00000000080084c0                floorf
 .text.scalbnf  0x0000000008008544       0xc0 c:/st/stm32cubeide_1.4.0/stm32cubeide/plugins/com.st.stm32cube.ide.mcu.externaltools.gnu-tools-for-stm32.7-2018-q2-update.win32_1.4.0.202007081208/tools/bin/../lib/gcc/arm-none-eabi/7.3.1/../../../../arm-none-eabi/lib/thumb/v7e-m/fpv4-sp/hard\libm.a(lib_a-sf_scalbn.o)
                0x0000000008008544                scalbnf
 .text.copysignf
                0x0000000008008604       0x18 c:/st/stm32cubeide_1.4.0/stm32cubeide/plugins/com.st.stm32cube.ide.mcu.externaltools.gnu-tools-for-stm32.7-2018-q2-update.win32_1.4.0.202007081208/tools/bin/../lib/gcc/arm-none-eabi/7.3.1/../../../../arm-none-eabi/lib/thumb/v7e-m/fpv4-sp/hard\libm.a(lib_a-sf_copysign.o)
                0x0000000008008604                copysignf
 *(.glue_7)
 .glue_7        0x000000000800861c        0x0 linker stubs
 *(.glue_7t)
 .glue_7t       0x000000000800861c        0x0 linker stubs
 *(.eh_frame)
 .eh_frame      0x000000000800861c        0x0 c:/st/stm32cubeide_1.4.0/stm32cubeide/plugins/com.st.stm32cube.ide.mcu.externaltools.gnu-tools-for-stm32.7-2018-q2-update.win32_1.4.0.202007081208/tools/bin/../lib/gcc/arm-none-eabi/7.3.1/thumb/v7e-m/fpv4-sp/hard/crtbegin.o
 *(.init)
 .init          0x000000000800861c        0x4 c:/st/stm32cubeide_1.4.0/stm32cubeide/plugins/com.st.stm32cube.ide.mcu.externaltools.gnu-tools-for-stm32.7-2018-q2-update.win32_1.4.0.202007081208/tools/bin/../lib/gcc/arm-none-eabi/7.3.1/thumb/v7e-m/fpv4-sp/hard/crti.o
                0x000000000800861c                _init
 .init          0x0000000008008620        0x8 c:/st/stm32cubeide_1.4.0/stm32cubeide/plugins/com.st.stm32cube.ide.mcu.externaltools.gnu-tools-for-stm32.7-2018-q2-update.win32_1.4.0.202007081208/tools/bin/../lib/gcc/arm-none-eabi/7.3.1/thumb/v7e-m/fpv4-sp/hard/crtn.o
 *(.fini)
 .fini          0x0000000008008628        0x4 c:/st/stm32cubeide_1.4.0/stm32cubeide/plugins/com.st.stm32cube.ide.mcu.externaltools.gnu-tools-for-stm32.7-2018-q2-update.win32_1.4.0.202007081208/tools/bin/../lib/gcc/arm-none-eabi/7.3.1/thumb/v7e-m/fpv4-sp/hard/crti.o
                0x0000000008008628                _fini
 .fini          0x000000000800862c        0x8 c:/st/stm32cubeide_1.4.0/stm32cubeide/plugins/com.st.stm32cube.ide.mcu.externaltools.gnu-tools-for-stm32.7-2018-q2-update.win32_1.4.0.202007081208/tools/bin/../lib/gcc/arm-none-eabi/7.3.1/thumb/v7e-m/fpv4-sp/hard/crtn.o
                0x0000000008008634                . = ALIGN (0x4)
                0x0000000008008634                _etext = .

.vfp11_veneer   0x0000000008008634        0x0
 .vfp11_veneer  0x0000000008008634        0x0 linker stubs

.v4_bx          0x0000000008008634        0x0
 .v4_bx         0x0000000008008634        0x0 linker stubs

.iplt           0x0000000008008634        0x0
 .iplt          0x0000000008008634        0x0 c:/st/stm32cubeide_1.4.0/stm32cubeide/plugins/com.st.stm32cube.ide.mcu.externaltools.gnu-tools-for-stm32.7-2018-q2-update.win32_1.4.0.202007081208/tools/bin/../lib/gcc/arm-none-eabi/7.3.1/thumb/v7e-m/fpv4-sp/hard/crtbegin.o

.rodata         0x0000000008008634     0x1d14
                0x0000000008008634                . = ALIGN (0x4)
 *(.rodata)
 .rodata        0x0000000008008634       0x34 Core/Src/ball_sound.o
 *(.rodata*)
 .rodata.ball2  0x0000000008008668     0x18f0 Core/Src/main.o
                0x0000000008008668                ball2
 .rodata.AHBPrescTable
                0x0000000008009f58       0x10 Core/Src/system_stm32f4xx.o
                0x0000000008009f58                AHBPrescTable
 .rodata.APBPrescTable
                0x0000000008009f68        0x8 Core/Src/system_stm32f4xx.o
                0x0000000008009f68                APBPrescTable
 .rodata.flagBitshiftOffset.9324
                0x0000000008009f70        0x8 Drivers/STM32F4xx_HAL_Driver/Src/stm32f4xx_hal_dma.o
 .rodata.npio2_hw
                0x0000000008009f78       0x80 c:/st/stm32cubeide_1.4.0/stm32cubeide/plugins/com.st.stm32cube.ide.mcu.externaltools.gnu-tools-for-stm32.7-2018-q2-update.win32_1.4.0.202007081208/tools/bin/../lib/gcc/arm-none-eabi/7.3.1/../../../../arm-none-eabi/lib/thumb/v7e-m/fpv4-sp/hard\libm.a(lib_a-ef_rem_pio2.o)
 .rodata.two_over_pi
                0x0000000008009ff8      0x318 c:/st/stm32cubeide_1.4.0/stm32cubeide/plugins/com.st.stm32cube.ide.mcu.externaltools.gnu-tools-for-stm32.7-2018-q2-update.win32_1.4.0.202007081208/tools/bin/../lib/gcc/arm-none-eabi/7.3.1/../../../../arm-none-eabi/lib/thumb/v7e-m/fpv4-sp/hard\libm.a(lib_a-ef_rem_pio2.o)
 .rodata.PIo2   0x000000000800a310       0x2c c:/st/stm32cubeide_1.4.0/stm32cubeide/plugins/com.st.stm32cube.ide.mcu.externaltools.gnu-tools-for-stm32.7-2018-q2-update.win32_1.4.0.202007081208/tools/bin/../lib/gcc/arm-none-eabi/7.3.1/../../../../arm-none-eabi/lib/thumb/v7e-m/fpv4-sp/hard\libm.a(lib_a-kf_rem_pio2.o)
 .rodata.init_jk
                0x000000000800a33c        0xc c:/st/stm32cubeide_1.4.0/stm32cubeide/plugins/com.st.stm32cube.ide.mcu.externaltools.gnu-tools-for-stm32.7-2018-q2-update.win32_1.4.0.202007081208/tools/bin/../lib/gcc/arm-none-eabi/7.3.1/../../../../arm-none-eabi/lib/thumb/v7e-m/fpv4-sp/hard\libm.a(lib_a-kf_rem_pio2.o)
                0x000000000800a348                . = ALIGN (0x4)

.ARM.extab      0x000000000800a348        0x0
                0x000000000800a348                . = ALIGN (0x4)
 *(.ARM.extab* .gnu.linkonce.armextab.*)
                0x000000000800a348                . = ALIGN (0x4)

.ARM            0x000000000800a348        0x8
                0x000000000800a348                . = ALIGN (0x4)
                0x000000000800a348                __exidx_start = .
 *(.ARM.exidx*)
 .ARM.exidx     0x000000000800a348        0x8 c:/st/stm32cubeide_1.4.0/stm32cubeide/plugins/com.st.stm32cube.ide.mcu.externaltools.gnu-tools-for-stm32.7-2018-q2-update.win32_1.4.0.202007081208/tools/bin/../lib/gcc/arm-none-eabi/7.3.1/thumb/v7e-m/fpv4-sp/hard\libgcc.a(_udivmoddi4.o)
                0x000000000800a350                __exidx_end = .
                0x000000000800a350                . = ALIGN (0x4)

.rel.dyn        0x000000000800a350        0x0
 .rel.iplt      0x000000000800a350        0x0 c:/st/stm32cubeide_1.4.0/stm32cubeide/plugins/com.st.stm32cube.ide.mcu.externaltools.gnu-tools-for-stm32.7-2018-q2-update.win32_1.4.0.202007081208/tools/bin/../lib/gcc/arm-none-eabi/7.3.1/thumb/v7e-m/fpv4-sp/hard/crtbegin.o

.preinit_array  0x000000000800a350        0x0
                0x000000000800a350                . = ALIGN (0x4)
                0x000000000800a350                PROVIDE (__preinit_array_start = .)
 *(.preinit_array*)
                0x000000000800a350                PROVIDE (__preinit_array_end = .)
                0x000000000800a350                . = ALIGN (0x4)

.init_array     0x000000000800a350        0x4
                0x000000000800a350                . = ALIGN (0x4)
                0x000000000800a350                PROVIDE (__init_array_start = .)
 *(SORT_BY_NAME(.init_array.*))
 *(.init_array*)
 .init_array    0x000000000800a350        0x4 c:/st/stm32cubeide_1.4.0/stm32cubeide/plugins/com.st.stm32cube.ide.mcu.externaltools.gnu-tools-for-stm32.7-2018-q2-update.win32_1.4.0.202007081208/tools/bin/../lib/gcc/arm-none-eabi/7.3.1/thumb/v7e-m/fpv4-sp/hard/crtbegin.o
                0x000000000800a354                PROVIDE (__init_array_end = .)
                0x000000000800a354                . = ALIGN (0x4)

.fini_array     0x000000000800a354        0x4
                0x000000000800a354                . = ALIGN (0x4)
                [!provide]                        PROVIDE (__fini_array_start = .)
 *(SORT_BY_NAME(.fini_array.*))
 *(.fini_array*)
 .fini_array    0x000000000800a354        0x4 c:/st/stm32cubeide_1.4.0/stm32cubeide/plugins/com.st.stm32cube.ide.mcu.externaltools.gnu-tools-for-stm32.7-2018-q2-update.win32_1.4.0.202007081208/tools/bin/../lib/gcc/arm-none-eabi/7.3.1/thumb/v7e-m/fpv4-sp/hard/crtbegin.o
                [!provide]                        PROVIDE (__fini_array_end = .)
                0x000000000800a358                . = ALIGN (0x4)
                0x000000000800a358                _sidata = LOADADDR (.data)

.data           0x0000000020000000       0x10 load address 0x000000000800a358
                0x0000000020000000                . = ALIGN (0x4)
                0x0000000020000000                _sdata = .
 *(.data)
 *(.data*)
 .data.SpixTimeout
                0x0000000020000000        0x4 Core/Src/stm32f429i_discovery.o
                0x0000000020000000                SpixTimeout
 .data.SystemCoreClock
                0x0000000020000004        0x4 Core/Src/system_stm32f4xx.o
                0x0000000020000004                SystemCoreClock
 .data.uwTickPrio
                0x0000000020000008        0x4 Drivers/STM32F4xx_HAL_Driver/Src/stm32f4xx_hal.o
                0x0000000020000008                uwTickPrio
 .data.uwTickFreq
                0x000000002000000c        0x1 Drivers/STM32F4xx_HAL_Driver/Src/stm32f4xx_hal.o
                0x000000002000000c                uwTickFreq
                0x0000000020000010                . = ALIGN (0x4)
 *fill*         0x000000002000000d        0x3 
                0x0000000020000010                _edata = .

.igot.plt       0x0000000020000010        0x0 load address 0x000000000800a368
 .igot.plt      0x0000000020000010        0x0 c:/st/stm32cubeide_1.4.0/stm32cubeide/plugins/com.st.stm32cube.ide.mcu.externaltools.gnu-tools-for-stm32.7-2018-q2-update.win32_1.4.0.202007081208/tools/bin/../lib/gcc/arm-none-eabi/7.3.1/thumb/v7e-m/fpv4-sp/hard/crtbegin.o
                0x0000000020000010                . = ALIGN (0x4)

.bss            0x0000000020000010     0x663c load address 0x000000000800a368
                0x0000000020000010                _sbss = .
                0x0000000020000010                __bss_start__ = _sbss
 *(.bss)
 .bss           0x0000000020000010       0x1c c:/st/stm32cubeide_1.4.0/stm32cubeide/plugins/com.st.stm32cube.ide.mcu.externaltools.gnu-tools-for-stm32.7-2018-q2-update.win32_1.4.0.202007081208/tools/bin/../lib/gcc/arm-none-eabi/7.3.1/thumb/v7e-m/fpv4-sp/hard/crtbegin.o
 *(.bss*)
 .bss.collisionFilterFlag_X.9985
                0x000000002000002c        0x1 Core/Src/ball_controll.o
 .bss.collisionFilterFlag_Y.9984
                0x000000002000002d        0x1 Core/Src/ball_controll.o
 *fill*         0x000000002000002e        0x2 
 .bss.ReloadFlag
                0x0000000020000030        0x4 Core/Src/main.o
                0x0000000020000030                ReloadFlag
 .bss.SpiHandle
                0x0000000020000034       0x58 Core/Src/stm32f429i_discovery.o
 .bss.Is_LCD_IO_Initialized
                0x000000002000008c        0x1 Core/Src/stm32f429i_discovery.o
 *fill*         0x000000002000008d        0x3 
 .bss.FMC_Initialized
                0x0000000020000090        0x4 Core/Src/stm32f4xx_hal_msp.o
 *(COMMON)
 COMMON         0x0000000020000094     0x6270 Core/Src/ball_sound.o
                0x0000000020000094                sound_wav
 COMMON         0x0000000020006304      0x304 Core/Src/main.o
                0x0000000020006304                hi2c3
                0x0000000020006358                hspi5
                0x00000000200063b0                hcrc
                0x00000000200063b8                hltdc
                0x0000000020006460                huart1
                0x00000000200064a0                hdac
                0x00000000200064b4                htim1
                0x00000000200064f4                hdma2d
                0x0000000020006534                htim2
                0x0000000020006574                hdma_dac2
                0x00000000200065d4                hsdram1
 COMMON         0x0000000020006608       0x40 Core/Src/stm32f4xx_hal_timebase_tim.o
                0x0000000020006608                htim6
 COMMON         0x0000000020006648        0x4 Drivers/STM32F4xx_HAL_Driver/Src/stm32f4xx_hal.o
                0x0000000020006648                uwTick
                0x000000002000664c                . = ALIGN (0x4)
                0x000000002000664c                _ebss = .
                0x000000002000664c                __bss_end__ = _ebss

._user_heap_stack
                0x000000002000664c      0x604 load address 0x000000000800a368
                0x0000000020006650                . = ALIGN (0x8)
 *fill*         0x000000002000664c        0x4 
                [!provide]                        PROVIDE (end = .)
                0x0000000020006650                PROVIDE (_end = .)
                0x0000000020006850                . = (. + _Min_Heap_Size)
 *fill*         0x0000000020006650      0x200 
                0x0000000020006c50                . = (. + _Min_Stack_Size)
 *fill*         0x0000000020006850      0x400 
                0x0000000020006c50                . = ALIGN (0x8)

/DISCARD/
 libc.a(*)
 libm.a(*)
 libgcc.a(*)

.ARM.attributes
                0x0000000000000000       0x30
 *(.ARM.attributes)
 .ARM.attributes
                0x0000000000000000       0x22 c:/st/stm32cubeide_1.4.0/stm32cubeide/plugins/com.st.stm32cube.ide.mcu.externaltools.gnu-tools-for-stm32.7-2018-q2-update.win32_1.4.0.202007081208/tools/bin/../lib/gcc/arm-none-eabi/7.3.1/thumb/v7e-m/fpv4-sp/hard/crti.o
 .ARM.attributes
                0x0000000000000022       0x34 c:/st/stm32cubeide_1.4.0/stm32cubeide/plugins/com.st.stm32cube.ide.mcu.externaltools.gnu-tools-for-stm32.7-2018-q2-update.win32_1.4.0.202007081208/tools/bin/../lib/gcc/arm-none-eabi/7.3.1/thumb/v7e-m/fpv4-sp/hard/crtbegin.o
 .ARM.attributes
                0x0000000000000056       0x39 Core/Src/ball_controll.o
 .ARM.attributes
                0x000000000000008f       0x39 Core/Src/ball_sound.o
 .ARM.attributes
                0x00000000000000c8       0x39 Core/Src/gyroscope.o
 .ARM.attributes
                0x0000000000000101       0x39 Core/Src/ili9341.o
 .ARM.attributes
                0x000000000000013a       0x39 Core/Src/main.o
 .ARM.attributes
                0x0000000000000173       0x39 Core/Src/stm32f429i_discovery.o
 .ARM.attributes
                0x00000000000001ac       0x39 Core/Src/stm32f4xx_hal_msp.o
 .ARM.attributes
                0x00000000000001e5       0x39 Core/Src/stm32f4xx_hal_timebase_tim.o
 .ARM.attributes
                0x000000000000021e       0x39 Core/Src/stm32f4xx_it.o
 .ARM.attributes
                0x0000000000000257       0x39 Core/Src/system_stm32f4xx.o
 .ARM.attributes
                0x0000000000000290       0x21 Core/Startup/startup_stm32f429zitx.o
 .ARM.attributes
                0x00000000000002b1       0x39 Drivers/STM32F4xx_HAL_Driver/Src/stm32f4xx_hal.o
 .ARM.attributes
                0x00000000000002ea       0x39 Drivers/STM32F4xx_HAL_Driver/Src/stm32f4xx_hal_cortex.o
 .ARM.attributes
                0x0000000000000323       0x39 Drivers/STM32F4xx_HAL_Driver/Src/stm32f4xx_hal_crc.o
 .ARM.attributes
                0x000000000000035c       0x39 Drivers/STM32F4xx_HAL_Driver/Src/stm32f4xx_hal_dac.o
 .ARM.attributes
                0x0000000000000395       0x39 Drivers/STM32F4xx_HAL_Driver/Src/stm32f4xx_hal_dac_ex.o
 .ARM.attributes
                0x00000000000003ce       0x39 Drivers/STM32F4xx_HAL_Driver/Src/stm32f4xx_hal_dma.o
 .ARM.attributes
                0x0000000000000407       0x39 Drivers/STM32F4xx_HAL_Driver/Src/stm32f4xx_hal_dma2d.o
 .ARM.attributes
                0x0000000000000440       0x39 Drivers/STM32F4xx_HAL_Driver/Src/stm32f4xx_hal_gpio.o
 .ARM.attributes
                0x0000000000000479       0x39 Drivers/STM32F4xx_HAL_Driver/Src/stm32f4xx_hal_i2c.o
 .ARM.attributes
                0x00000000000004b2       0x39 Drivers/STM32F4xx_HAL_Driver/Src/stm32f4xx_hal_i2c_ex.o
 .ARM.attributes
                0x00000000000004eb       0x39 Drivers/STM32F4xx_HAL_Driver/Src/stm32f4xx_hal_ltdc.o
 .ARM.attributes
                0x0000000000000524       0x39 Drivers/STM32F4xx_HAL_Driver/Src/stm32f4xx_hal_rcc.o
 .ARM.attributes
                0x000000000000055d       0x39 Drivers/STM32F4xx_HAL_Driver/Src/stm32f4xx_hal_rcc_ex.o
 .ARM.attributes
                0x0000000000000596       0x39 Drivers/STM32F4xx_HAL_Driver/Src/stm32f4xx_hal_sdram.o
 .ARM.attributes
                0x00000000000005cf       0x39 Drivers/STM32F4xx_HAL_Driver/Src/stm32f4xx_hal_spi.o
 .ARM.attributes
                0x0000000000000608       0x39 Drivers/STM32F4xx_HAL_Driver/Src/stm32f4xx_hal_tim.o
 .ARM.attributes
                0x0000000000000641       0x39 Drivers/STM32F4xx_HAL_Driver/Src/stm32f4xx_hal_tim_ex.o
 .ARM.attributes
                0x000000000000067a       0x39 Drivers/STM32F4xx_HAL_Driver/Src/stm32f4xx_hal_uart.o
 .ARM.attributes
                0x00000000000006b3       0x39 Drivers/STM32F4xx_HAL_Driver/Src/stm32f4xx_ll_fmc.o
 .ARM.attributes
                0x00000000000006ec       0x34 c:/st/stm32cubeide_1.4.0/stm32cubeide/plugins/com.st.stm32cube.ide.mcu.externaltools.gnu-tools-for-stm32.7-2018-q2-update.win32_1.4.0.202007081208/tools/bin/../lib/gcc/arm-none-eabi/7.3.1/../../../../arm-none-eabi/lib/thumb/v7e-m/fpv4-sp/hard\libc_nano.a(lib_a-init.o)
 .ARM.attributes
                0x0000000000000720       0x34 c:/st/stm32cubeide_1.4.0/stm32cubeide/plugins/com.st.stm32cube.ide.mcu.externaltools.gnu-tools-for-stm32.7-2018-q2-update.win32_1.4.0.202007081208/tools/bin/../lib/gcc/arm-none-eabi/7.3.1/../../../../arm-none-eabi/lib/thumb/v7e-m/fpv4-sp/hard\libc_nano.a(lib_a-memset.o)
 .ARM.attributes
                0x0000000000000754       0x34 c:/st/stm32cubeide_1.4.0/stm32cubeide/plugins/com.st.stm32cube.ide.mcu.externaltools.gnu-tools-for-stm32.7-2018-q2-update.win32_1.4.0.202007081208/tools/bin/../lib/gcc/arm-none-eabi/7.3.1/../../../../arm-none-eabi/lib/thumb/v7e-m/fpv4-sp/hard\libm.a(lib_a-sf_sin.o)
 .ARM.attributes
                0x0000000000000788       0x34 c:/st/stm32cubeide_1.4.0/stm32cubeide/plugins/com.st.stm32cube.ide.mcu.externaltools.gnu-tools-for-stm32.7-2018-q2-update.win32_1.4.0.202007081208/tools/bin/../lib/gcc/arm-none-eabi/7.3.1/../../../../arm-none-eabi/lib/thumb/v7e-m/fpv4-sp/hard\libm.a(lib_a-ef_rem_pio2.o)
 .ARM.attributes
                0x00000000000007bc       0x34 c:/st/stm32cubeide_1.4.0/stm32cubeide/plugins/com.st.stm32cube.ide.mcu.externaltools.gnu-tools-for-stm32.7-2018-q2-update.win32_1.4.0.202007081208/tools/bin/../lib/gcc/arm-none-eabi/7.3.1/../../../../arm-none-eabi/lib/thumb/v7e-m/fpv4-sp/hard\libm.a(lib_a-kf_cos.o)
 .ARM.attributes
                0x00000000000007f0       0x34 c:/st/stm32cubeide_1.4.0/stm32cubeide/plugins/com.st.stm32cube.ide.mcu.externaltools.gnu-tools-for-stm32.7-2018-q2-update.win32_1.4.0.202007081208/tools/bin/../lib/gcc/arm-none-eabi/7.3.1/../../../../arm-none-eabi/lib/thumb/v7e-m/fpv4-sp/hard\libm.a(lib_a-kf_rem_pio2.o)
 .ARM.attributes
                0x0000000000000824       0x34 c:/st/stm32cubeide_1.4.0/stm32cubeide/plugins/com.st.stm32cube.ide.mcu.externaltools.gnu-tools-for-stm32.7-2018-q2-update.win32_1.4.0.202007081208/tools/bin/../lib/gcc/arm-none-eabi/7.3.1/../../../../arm-none-eabi/lib/thumb/v7e-m/fpv4-sp/hard\libm.a(lib_a-kf_sin.o)
 .ARM.attributes
                0x0000000000000858       0x34 c:/st/stm32cubeide_1.4.0/stm32cubeide/plugins/com.st.stm32cube.ide.mcu.externaltools.gnu-tools-for-stm32.7-2018-q2-update.win32_1.4.0.202007081208/tools/bin/../lib/gcc/arm-none-eabi/7.3.1/../../../../arm-none-eabi/lib/thumb/v7e-m/fpv4-sp/hard\libm.a(lib_a-sf_fabs.o)
 .ARM.attributes
                0x000000000000088c       0x34 c:/st/stm32cubeide_1.4.0/stm32cubeide/plugins/com.st.stm32cube.ide.mcu.externaltools.gnu-tools-for-stm32.7-2018-q2-update.win32_1.4.0.202007081208/tools/bin/../lib/gcc/arm-none-eabi/7.3.1/../../../../arm-none-eabi/lib/thumb/v7e-m/fpv4-sp/hard\libm.a(lib_a-sf_floor.o)
 .ARM.attributes
                0x00000000000008c0       0x34 c:/st/stm32cubeide_1.4.0/stm32cubeide/plugins/com.st.stm32cube.ide.mcu.externaltools.gnu-tools-for-stm32.7-2018-q2-update.win32_1.4.0.202007081208/tools/bin/../lib/gcc/arm-none-eabi/7.3.1/../../../../arm-none-eabi/lib/thumb/v7e-m/fpv4-sp/hard\libm.a(lib_a-sf_scalbn.o)
 .ARM.attributes
                0x00000000000008f4       0x34 c:/st/stm32cubeide_1.4.0/stm32cubeide/plugins/com.st.stm32cube.ide.mcu.externaltools.gnu-tools-for-stm32.7-2018-q2-update.win32_1.4.0.202007081208/tools/bin/../lib/gcc/arm-none-eabi/7.3.1/../../../../arm-none-eabi/lib/thumb/v7e-m/fpv4-sp/hard\libm.a(lib_a-sf_copysign.o)
 .ARM.attributes
                0x0000000000000928       0x22 c:/st/stm32cubeide_1.4.0/stm32cubeide/plugins/com.st.stm32cube.ide.mcu.externaltools.gnu-tools-for-stm32.7-2018-q2-update.win32_1.4.0.202007081208/tools/bin/../lib/gcc/arm-none-eabi/7.3.1/thumb/v7e-m/fpv4-sp/hard\libgcc.a(_arm_addsubdf3.o)
 .ARM.attributes
                0x000000000000094a       0x22 c:/st/stm32cubeide_1.4.0/stm32cubeide/plugins/com.st.stm32cube.ide.mcu.externaltools.gnu-tools-for-stm32.7-2018-q2-update.win32_1.4.0.202007081208/tools/bin/../lib/gcc/arm-none-eabi/7.3.1/thumb/v7e-m/fpv4-sp/hard\libgcc.a(_arm_muldivdf3.o)
 .ARM.attributes
                0x000000000000096c       0x22 c:/st/stm32cubeide_1.4.0/stm32cubeide/plugins/com.st.stm32cube.ide.mcu.externaltools.gnu-tools-for-stm32.7-2018-q2-update.win32_1.4.0.202007081208/tools/bin/../lib/gcc/arm-none-eabi/7.3.1/thumb/v7e-m/fpv4-sp/hard\libgcc.a(_arm_truncdfsf2.o)
 .ARM.attributes
                0x000000000000098e       0x22 c:/st/stm32cubeide_1.4.0/stm32cubeide/plugins/com.st.stm32cube.ide.mcu.externaltools.gnu-tools-for-stm32.7-2018-q2-update.win32_1.4.0.202007081208/tools/bin/../lib/gcc/arm-none-eabi/7.3.1/thumb/v7e-m/fpv4-sp/hard\libgcc.a(_aeabi_uldivmod.o)
 .ARM.attributes
                0x00000000000009b0       0x34 c:/st/stm32cubeide_1.4.0/stm32cubeide/plugins/com.st.stm32cube.ide.mcu.externaltools.gnu-tools-for-stm32.7-2018-q2-update.win32_1.4.0.202007081208/tools/bin/../lib/gcc/arm-none-eabi/7.3.1/thumb/v7e-m/fpv4-sp/hard\libgcc.a(_udivmoddi4.o)
 .ARM.attributes
                0x00000000000009e4       0x22 c:/st/stm32cubeide_1.4.0/stm32cubeide/plugins/com.st.stm32cube.ide.mcu.externaltools.gnu-tools-for-stm32.7-2018-q2-update.win32_1.4.0.202007081208/tools/bin/../lib/gcc/arm-none-eabi/7.3.1/thumb/v7e-m/fpv4-sp/hard\libgcc.a(_dvmd_tls.o)
 .ARM.attributes
                0x0000000000000a06       0x22 c:/st/stm32cubeide_1.4.0/stm32cubeide/plugins/com.st.stm32cube.ide.mcu.externaltools.gnu-tools-for-stm32.7-2018-q2-update.win32_1.4.0.202007081208/tools/bin/../lib/gcc/arm-none-eabi/7.3.1/thumb/v7e-m/fpv4-sp/hard/crtn.o
OUTPUT(BallGameGyro.elf elf32-littlearm)

.debug_info     0x0000000000000000    0x1cc2a
 .debug_info    0x0000000000000000     0x1189 Core/Src/ball_controll.o
 .debug_info    0x0000000000001189     0x1090 Core/Src/ball_sound.o
 .debug_info    0x0000000000002219      0x8c7 Core/Src/gyroscope.o
 .debug_info    0x0000000000002ae0      0x344 Core/Src/ili9341.o
 .debug_info    0x0000000000002e24     0x2e48 Core/Src/main.o
 .debug_info    0x0000000000005c6c     0x1847 Core/Src/stm32f429i_discovery.o
 .debug_info    0x00000000000074b3     0x2238 Core/Src/stm32f4xx_hal_msp.o
 .debug_info    0x00000000000096eb      0xb7d Core/Src/stm32f4xx_hal_timebase_tim.o
 .debug_info    0x000000000000a268      0xee2 Core/Src/stm32f4xx_it.o
 .debug_info    0x000000000000b14a      0x56e Core/Src/system_stm32f4xx.o
 .debug_info    0x000000000000b6b8       0x22 Core/Startup/startup_stm32f429zitx.o
 .debug_info    0x000000000000b6da      0x9b9 Drivers/STM32F4xx_HAL_Driver/Src/stm32f4xx_hal.o
 .debug_info    0x000000000000c093      0xe5e Drivers/STM32F4xx_HAL_Driver/Src/stm32f4xx_hal_cortex.o
 .debug_info    0x000000000000cef1      0x441 Drivers/STM32F4xx_HAL_Driver/Src/stm32f4xx_hal_crc.o
 .debug_info    0x000000000000d332      0xa3a Drivers/STM32F4xx_HAL_Driver/Src/stm32f4xx_hal_dac.o
 .debug_info    0x000000000000dd6c      0x7c0 Drivers/STM32F4xx_HAL_Driver/Src/stm32f4xx_hal_dac_ex.o
 .debug_info    0x000000000000e52c      0x968 Drivers/STM32F4xx_HAL_Driver/Src/stm32f4xx_hal_dma.o
 .debug_info    0x000000000000ee94      0xf72 Drivers/STM32F4xx_HAL_Driver/Src/stm32f4xx_hal_dma2d.o
 .debug_info    0x000000000000fe06      0x7cf Drivers/STM32F4xx_HAL_Driver/Src/stm32f4xx_hal_gpio.o
 .debug_info    0x00000000000105d5     0x2433 Drivers/STM32F4xx_HAL_Driver/Src/stm32f4xx_hal_i2c.o
 .debug_info    0x0000000000012a08      0x719 Drivers/STM32F4xx_HAL_Driver/Src/stm32f4xx_hal_i2c_ex.o
 .debug_info    0x0000000000013121     0x1104 Drivers/STM32F4xx_HAL_Driver/Src/stm32f4xx_hal_ltdc.o
 .debug_info    0x0000000000014225      0x91e Drivers/STM32F4xx_HAL_Driver/Src/stm32f4xx_hal_rcc.o
 .debug_info    0x0000000000014b43      0x6bc Drivers/STM32F4xx_HAL_Driver/Src/stm32f4xx_hal_rcc_ex.o
 .debug_info    0x00000000000151ff      0xc9a Drivers/STM32F4xx_HAL_Driver/Src/stm32f4xx_hal_sdram.o
 .debug_info    0x0000000000015e99     0x163a Drivers/STM32F4xx_HAL_Driver/Src/stm32f4xx_hal_spi.o
 .debug_info    0x00000000000174d3     0x24a9 Drivers/STM32F4xx_HAL_Driver/Src/stm32f4xx_hal_tim.o
 .debug_info    0x000000000001997c     0x1157 Drivers/STM32F4xx_HAL_Driver/Src/stm32f4xx_hal_tim_ex.o
 .debug_info    0x000000000001aad3     0x124c Drivers/STM32F4xx_HAL_Driver/Src/stm32f4xx_hal_uart.o
 .debug_info    0x000000000001bd1f      0xf0b Drivers/STM32F4xx_HAL_Driver/Src/stm32f4xx_ll_fmc.o

.debug_abbrev   0x0000000000000000     0x3a06
 .debug_abbrev  0x0000000000000000      0x23f Core/Src/ball_controll.o
 .debug_abbrev  0x000000000000023f      0x265 Core/Src/ball_sound.o
 .debug_abbrev  0x00000000000004a4      0x196 Core/Src/gyroscope.o
 .debug_abbrev  0x000000000000063a      0x151 Core/Src/ili9341.o
 .debug_abbrev  0x000000000000078b      0x32a Core/Src/main.o
 .debug_abbrev  0x0000000000000ab5      0x27a Core/Src/stm32f429i_discovery.o
 .debug_abbrev  0x0000000000000d2f      0x25c Core/Src/stm32f4xx_hal_msp.o
 .debug_abbrev  0x0000000000000f8b      0x19d Core/Src/stm32f4xx_hal_timebase_tim.o
 .debug_abbrev  0x0000000000001128      0x185 Core/Src/stm32f4xx_it.o
 .debug_abbrev  0x00000000000012ad      0x12b Core/Src/system_stm32f4xx.o
 .debug_abbrev  0x00000000000013d8       0x12 Core/Startup/startup_stm32f429zitx.o
 .debug_abbrev  0x00000000000013ea      0x1c7 Drivers/STM32F4xx_HAL_Driver/Src/stm32f4xx_hal.o
 .debug_abbrev  0x00000000000015b1      0x2fa Drivers/STM32F4xx_HAL_Driver/Src/stm32f4xx_hal_cortex.o
 .debug_abbrev  0x00000000000018ab      0x1b7 Drivers/STM32F4xx_HAL_Driver/Src/stm32f4xx_hal_crc.o
 .debug_abbrev  0x0000000000001a62      0x1e4 Drivers/STM32F4xx_HAL_Driver/Src/stm32f4xx_hal_dac.o
 .debug_abbrev  0x0000000000001c46      0x1e8 Drivers/STM32F4xx_HAL_Driver/Src/stm32f4xx_hal_dac_ex.o
 .debug_abbrev  0x0000000000001e2e      0x229 Drivers/STM32F4xx_HAL_Driver/Src/stm32f4xx_hal_dma.o
 .debug_abbrev  0x0000000000002057      0x211 Drivers/STM32F4xx_HAL_Driver/Src/stm32f4xx_hal_dma2d.o
 .debug_abbrev  0x0000000000002268      0x1c9 Drivers/STM32F4xx_HAL_Driver/Src/stm32f4xx_hal_gpio.o
 .debug_abbrev  0x0000000000002431      0x254 Drivers/STM32F4xx_HAL_Driver/Src/stm32f4xx_hal_i2c.o
 .debug_abbrev  0x0000000000002685      0x16d Drivers/STM32F4xx_HAL_Driver/Src/stm32f4xx_hal_i2c_ex.o
 .debug_abbrev  0x00000000000027f2      0x209 Drivers/STM32F4xx_HAL_Driver/Src/stm32f4xx_hal_ltdc.o
 .debug_abbrev  0x00000000000029fb      0x245 Drivers/STM32F4xx_HAL_Driver/Src/stm32f4xx_hal_rcc.o
 .debug_abbrev  0x0000000000002c40      0x173 Drivers/STM32F4xx_HAL_Driver/Src/stm32f4xx_hal_rcc_ex.o
 .debug_abbrev  0x0000000000002db3      0x1f7 Drivers/STM32F4xx_HAL_Driver/Src/stm32f4xx_hal_sdram.o
 .debug_abbrev  0x0000000000002faa      0x240 Drivers/STM32F4xx_HAL_Driver/Src/stm32f4xx_hal_spi.o
 .debug_abbrev  0x00000000000031ea      0x230 Drivers/STM32F4xx_HAL_Driver/Src/stm32f4xx_hal_tim.o
 .debug_abbrev  0x000000000000341a      0x21e Drivers/STM32F4xx_HAL_Driver/Src/stm32f4xx_hal_tim_ex.o
 .debug_abbrev  0x0000000000003638      0x242 Drivers/STM32F4xx_HAL_Driver/Src/stm32f4xx_hal_uart.o
 .debug_abbrev  0x000000000000387a      0x18c Drivers/STM32F4xx_HAL_Driver/Src/stm32f4xx_ll_fmc.o

.debug_aranges  0x0000000000000000     0x19a8
 .debug_aranges
                0x0000000000000000       0x40 Core/Src/ball_controll.o
 .debug_aranges
                0x0000000000000040       0x38 Core/Src/ball_sound.o
 .debug_aranges
                0x0000000000000078       0x40 Core/Src/gyroscope.o
 .debug_aranges
                0x00000000000000b8       0x60 Core/Src/ili9341.o
 .debug_aranges
                0x0000000000000118       0xa8 Core/Src/main.o
 .debug_aranges
                0x00000000000001c0      0x138 Core/Src/stm32f429i_discovery.o
 .debug_aranges
                0x00000000000002f8       0xc0 Core/Src/stm32f4xx_hal_msp.o
 .debug_aranges
                0x00000000000003b8       0x30 Core/Src/stm32f4xx_hal_timebase_tim.o
 .debug_aranges
                0x00000000000003e8       0x80 Core/Src/stm32f4xx_it.o
 .debug_aranges
                0x0000000000000468       0x28 Core/Src/system_stm32f4xx.o
 .debug_aranges
                0x0000000000000490       0x28 Core/Startup/startup_stm32f429zitx.o
 .debug_aranges
                0x00000000000004b8      0x100 Drivers/STM32F4xx_HAL_Driver/Src/stm32f4xx_hal.o
 .debug_aranges
                0x00000000000005b8      0x118 Drivers/STM32F4xx_HAL_Driver/Src/stm32f4xx_hal_cortex.o
 .debug_aranges
                0x00000000000006d0       0x50 Drivers/STM32F4xx_HAL_Driver/Src/stm32f4xx_hal_crc.o
 .debug_aranges
                0x0000000000000720       0xc0 Drivers/STM32F4xx_HAL_Driver/Src/stm32f4xx_hal_dac.o
 .debug_aranges
                0x00000000000007e0       0x70 Drivers/STM32F4xx_HAL_Driver/Src/stm32f4xx_hal_dac_ex.o
 .debug_aranges
                0x0000000000000850       0x90 Drivers/STM32F4xx_HAL_Driver/Src/stm32f4xx_hal_dma.o
 .debug_aranges
                0x00000000000008e0      0x118 Drivers/STM32F4xx_HAL_Driver/Src/stm32f4xx_hal_dma2d.o
 .debug_aranges
                0x00000000000009f8       0x58 Drivers/STM32F4xx_HAL_Driver/Src/stm32f4xx_hal_gpio.o
 .debug_aranges
                0x0000000000000a50      0x2a0 Drivers/STM32F4xx_HAL_Driver/Src/stm32f4xx_hal_i2c.o
 .debug_aranges
                0x0000000000000cf0       0x28 Drivers/STM32F4xx_HAL_Driver/Src/stm32f4xx_hal_i2c_ex.o
 .debug_aranges
                0x0000000000000d18      0x158 Drivers/STM32F4xx_HAL_Driver/Src/stm32f4xx_hal_ltdc.o
 .debug_aranges
                0x0000000000000e70       0x88 Drivers/STM32F4xx_HAL_Driver/Src/stm32f4xx_hal_rcc.o
 .debug_aranges
                0x0000000000000ef8       0x58 Drivers/STM32F4xx_HAL_Driver/Src/stm32f4xx_hal_rcc_ex.o
 .debug_aranges
                0x0000000000000f50       0xd0 Drivers/STM32F4xx_HAL_Driver/Src/stm32f4xx_hal_sdram.o
 .debug_aranges
                0x0000000000001020      0x1d0 Drivers/STM32F4xx_HAL_Driver/Src/stm32f4xx_hal_spi.o
 .debug_aranges
                0x00000000000011f0      0x3a8 Drivers/STM32F4xx_HAL_Driver/Src/stm32f4xx_hal_tim.o
 .debug_aranges
                0x0000000000001598      0x150 Drivers/STM32F4xx_HAL_Driver/Src/stm32f4xx_hal_tim_ex.o
 .debug_aranges
                0x00000000000016e8      0x1d0 Drivers/STM32F4xx_HAL_Driver/Src/stm32f4xx_hal_uart.o
 .debug_aranges
                0x00000000000018b8       0xf0 Drivers/STM32F4xx_HAL_Driver/Src/stm32f4xx_ll_fmc.o

.debug_ranges   0x0000000000000000     0x17f8
 .debug_ranges  0x0000000000000000       0x30 Core/Src/ball_controll.o
 .debug_ranges  0x0000000000000030       0x28 Core/Src/ball_sound.o
 .debug_ranges  0x0000000000000058       0x30 Core/Src/gyroscope.o
 .debug_ranges  0x0000000000000088       0x50 Core/Src/ili9341.o
 .debug_ranges  0x00000000000000d8       0x98 Core/Src/main.o
 .debug_ranges  0x0000000000000170      0x128 Core/Src/stm32f429i_discovery.o
 .debug_ranges  0x0000000000000298       0xb0 Core/Src/stm32f4xx_hal_msp.o
 .debug_ranges  0x0000000000000348       0x20 Core/Src/stm32f4xx_hal_timebase_tim.o
 .debug_ranges  0x0000000000000368       0x70 Core/Src/stm32f4xx_it.o
 .debug_ranges  0x00000000000003d8       0x18 Core/Src/system_stm32f4xx.o
 .debug_ranges  0x00000000000003f0       0x20 Core/Startup/startup_stm32f429zitx.o
 .debug_ranges  0x0000000000000410       0xf0 Drivers/STM32F4xx_HAL_Driver/Src/stm32f4xx_hal.o
 .debug_ranges  0x0000000000000500      0x108 Drivers/STM32F4xx_HAL_Driver/Src/stm32f4xx_hal_cortex.o
 .debug_ranges  0x0000000000000608       0x40 Drivers/STM32F4xx_HAL_Driver/Src/stm32f4xx_hal_crc.o
 .debug_ranges  0x0000000000000648       0xb0 Drivers/STM32F4xx_HAL_Driver/Src/stm32f4xx_hal_dac.o
 .debug_ranges  0x00000000000006f8       0x60 Drivers/STM32F4xx_HAL_Driver/Src/stm32f4xx_hal_dac_ex.o
 .debug_ranges  0x0000000000000758       0x80 Drivers/STM32F4xx_HAL_Driver/Src/stm32f4xx_hal_dma.o
 .debug_ranges  0x00000000000007d8      0x108 Drivers/STM32F4xx_HAL_Driver/Src/stm32f4xx_hal_dma2d.o
 .debug_ranges  0x00000000000008e0       0x48 Drivers/STM32F4xx_HAL_Driver/Src/stm32f4xx_hal_gpio.o
 .debug_ranges  0x0000000000000928      0x2b8 Drivers/STM32F4xx_HAL_Driver/Src/stm32f4xx_hal_i2c.o
 .debug_ranges  0x0000000000000be0       0x18 Drivers/STM32F4xx_HAL_Driver/Src/stm32f4xx_hal_i2c_ex.o
 .debug_ranges  0x0000000000000bf8      0x148 Drivers/STM32F4xx_HAL_Driver/Src/stm32f4xx_hal_ltdc.o
 .debug_ranges  0x0000000000000d40       0x78 Drivers/STM32F4xx_HAL_Driver/Src/stm32f4xx_hal_rcc.o
 .debug_ranges  0x0000000000000db8       0x48 Drivers/STM32F4xx_HAL_Driver/Src/stm32f4xx_hal_rcc_ex.o
 .debug_ranges  0x0000000000000e00       0xc0 Drivers/STM32F4xx_HAL_Driver/Src/stm32f4xx_hal_sdram.o
 .debug_ranges  0x0000000000000ec0      0x1c0 Drivers/STM32F4xx_HAL_Driver/Src/stm32f4xx_hal_spi.o
 .debug_ranges  0x0000000000001080      0x398 Drivers/STM32F4xx_HAL_Driver/Src/stm32f4xx_hal_tim.o
 .debug_ranges  0x0000000000001418      0x140 Drivers/STM32F4xx_HAL_Driver/Src/stm32f4xx_hal_tim_ex.o
 .debug_ranges  0x0000000000001558      0x1c0 Drivers/STM32F4xx_HAL_Driver/Src/stm32f4xx_hal_uart.o
 .debug_ranges  0x0000000000001718       0xe0 Drivers/STM32F4xx_HAL_Driver/Src/stm32f4xx_ll_fmc.o

.debug_macro    0x0000000000000000    0x27f34
 .debug_macro   0x0000000000000000      0x318 Core/Src/ball_controll.o
 .debug_macro   0x0000000000000318      0xa5a Core/Src/ball_controll.o
 .debug_macro   0x0000000000000d72      0x2be Core/Src/ball_controll.o
 .debug_macro   0x0000000000001030       0x2e Core/Src/ball_controll.o
 .debug_macro   0x000000000000105e       0x28 Core/Src/ball_controll.o
 .debug_macro   0x0000000000001086       0x22 Core/Src/ball_controll.o
 .debug_macro   0x00000000000010a8       0x8e Core/Src/ball_controll.o
 .debug_macro   0x0000000000001136       0x51 Core/Src/ball_controll.o
 .debug_macro   0x0000000000001187       0xef Core/Src/ball_controll.o
 .debug_macro   0x0000000000001276       0x6a Core/Src/ball_controll.o
 .debug_macro   0x00000000000012e0      0x1df Core/Src/ball_controll.o
 .debug_macro   0x00000000000014bf       0x1c Core/Src/ball_controll.o
 .debug_macro   0x00000000000014db       0x22 Core/Src/ball_controll.o
 .debug_macro   0x00000000000014fd       0xdf Core/Src/ball_controll.o
 .debug_macro   0x00000000000015dc     0x102d Core/Src/ball_controll.o
 .debug_macro   0x0000000000002609      0x11f Core/Src/ball_controll.o
 .debug_macro   0x0000000000002728    0x17f69 Core/Src/ball_controll.o
 .debug_macro   0x000000000001a691       0x43 Core/Src/ball_controll.o
 .debug_macro   0x000000000001a6d4     0x36c9 Core/Src/ball_controll.o
 .debug_macro   0x000000000001dd9d      0x174 Core/Src/ball_controll.o
 .debug_macro   0x000000000001df11       0x5a Core/Src/ball_controll.o
 .debug_macro   0x000000000001df6b      0xca5 Core/Src/ball_controll.o
 .debug_macro   0x000000000001ec10      0x9fe Core/Src/ball_controll.o
 .debug_macro   0x000000000001f60e      0x117 Core/Src/ball_controll.o
 .debug_macro   0x000000000001f725      0x157 Core/Src/ball_controll.o
 .debug_macro   0x000000000001f87c       0x27 Core/Src/ball_controll.o
 .debug_macro   0x000000000001f8a3      0x182 Core/Src/ball_controll.o
 .debug_macro   0x000000000001fa25      0x287 Core/Src/ball_controll.o
 .debug_macro   0x000000000001fcac       0x5f Core/Src/ball_controll.o
 .debug_macro   0x000000000001fd0b      0x236 Core/Src/ball_controll.o
 .debug_macro   0x000000000001ff41       0x22 Core/Src/ball_controll.o
 .debug_macro   0x000000000001ff63      0x20f Core/Src/ball_controll.o
 .debug_macro   0x0000000000020172       0xea Core/Src/ball_controll.o
 .debug_macro   0x000000000002025c       0xa0 Core/Src/ball_controll.o
 .debug_macro   0x00000000000202fc       0x3c Core/Src/ball_controll.o
 .debug_macro   0x0000000000020338      0x132 Core/Src/ball_controll.o
 .debug_macro   0x000000000002046a      0x41d Core/Src/ball_controll.o
 .debug_macro   0x0000000000020887       0x2e Core/Src/ball_controll.o
 .debug_macro   0x00000000000208b5      0x582 Core/Src/ball_controll.o
 .debug_macro   0x0000000000020e37      0x1b5 Core/Src/ball_controll.o
 .debug_macro   0x0000000000020fec       0x22 Core/Src/ball_controll.o
 .debug_macro   0x000000000002100e       0xd6 Core/Src/ball_controll.o
 .debug_macro   0x00000000000210e4      0x198 Core/Src/ball_controll.o
 .debug_macro   0x000000000002127c       0xd6 Core/Src/ball_controll.o
 .debug_macro   0x0000000000021352      0x11a Core/Src/ball_controll.o
 .debug_macro   0x000000000002146c       0xe2 Core/Src/ball_controll.o
 .debug_macro   0x000000000002154e       0x89 Core/Src/ball_controll.o
 .debug_macro   0x00000000000215d7      0x225 Core/Src/ball_controll.o
 .debug_macro   0x00000000000217fc      0x8a0 Core/Src/ball_controll.o
 .debug_macro   0x000000000002209c       0x47 Core/Src/ball_controll.o
 .debug_macro   0x00000000000220e3      0x287 Core/Src/ball_controll.o
 .debug_macro   0x000000000002236a      0x134 Core/Src/ball_controll.o
 .debug_macro   0x000000000002249e      0x4c9 Core/Src/ball_controll.o
 .debug_macro   0x0000000000022967       0x70 Core/Src/ball_controll.o
 .debug_macro   0x00000000000229d7       0x46 Core/Src/ball_controll.o
 .debug_macro   0x0000000000022a1d       0x18 Core/Src/ball_controll.o
 .debug_macro   0x0000000000022a35       0x3c Core/Src/ball_controll.o
 .debug_macro   0x0000000000022a71       0x34 Core/Src/ball_controll.o
 .debug_macro   0x0000000000022aa5       0x52 Core/Src/ball_controll.o
 .debug_macro   0x0000000000022af7       0x1f Core/Src/ball_controll.o
 .debug_macro   0x0000000000022b16       0x43 Core/Src/ball_controll.o
 .debug_macro   0x0000000000022b59       0x20 Core/Src/ball_controll.o
 .debug_macro   0x0000000000022b79      0x1a3 Core/Src/ball_controll.o
 .debug_macro   0x0000000000022d1c      0x32a Core/Src/ball_controll.o
 .debug_macro   0x0000000000023046      0x1e1 Core/Src/ball_controll.o
 .debug_macro   0x0000000000023227       0x22 Core/Src/ball_controll.o
 .debug_macro   0x0000000000023249      0x30c Core/Src/ball_sound.o
 .debug_macro   0x0000000000023555       0x22 Core/Src/ball_sound.o
 .debug_macro   0x0000000000023577       0x40 Core/Src/ball_sound.o
 .debug_macro   0x00000000000235b7       0x94 Core/Src/ball_sound.o
 .debug_macro   0x000000000002364b       0x57 Core/Src/ball_sound.o
 .debug_macro   0x00000000000236a2      0x330 Core/Src/ball_sound.o
 .debug_macro   0x00000000000239d2       0xd9 Core/Src/ball_sound.o
 .debug_macro   0x0000000000023aab       0x54 Core/Src/ball_sound.o
 .debug_macro   0x0000000000023aff      0x26b Core/Src/gyroscope.o
 .debug_macro   0x0000000000023d6a       0x7c Core/Src/ili9341.o
 .debug_macro   0x0000000000023de6      0x26c Core/Src/ili9341.o
 .debug_macro   0x0000000000024052      0x337 Core/Src/main.o
 .debug_macro   0x0000000000024389      0x280 Core/Src/stm32f429i_discovery.o
 .debug_macro   0x0000000000024609      0x25f Core/Src/stm32f429i_discovery.o
 .debug_macro   0x0000000000024868      0x262 Core/Src/stm32f4xx_hal_msp.o
 .debug_macro   0x0000000000024aca      0x253 Core/Src/stm32f4xx_hal_timebase_tim.o
 .debug_macro   0x0000000000024d1d      0x26c Core/Src/stm32f4xx_it.o
 .debug_macro   0x0000000000024f89      0x259 Core/Src/system_stm32f4xx.o
 .debug_macro   0x00000000000251e2      0x2b3 Drivers/STM32F4xx_HAL_Driver/Src/stm32f4xx_hal.o
 .debug_macro   0x0000000000025495      0x253 Drivers/STM32F4xx_HAL_Driver/Src/stm32f4xx_hal_cortex.o
 .debug_macro   0x00000000000256e8      0x253 Drivers/STM32F4xx_HAL_Driver/Src/stm32f4xx_hal_crc.o
 .debug_macro   0x000000000002593b      0x254 Drivers/STM32F4xx_HAL_Driver/Src/stm32f4xx_hal_dac.o
 .debug_macro   0x0000000000025b8f      0x253 Drivers/STM32F4xx_HAL_Driver/Src/stm32f4xx_hal_dac_ex.o
 .debug_macro   0x0000000000025de2      0x259 Drivers/STM32F4xx_HAL_Driver/Src/stm32f4xx_hal_dma.o
 .debug_macro   0x000000000002603b      0x262 Drivers/STM32F4xx_HAL_Driver/Src/stm32f4xx_hal_dma2d.o
 .debug_macro   0x000000000002629d      0x289 Drivers/STM32F4xx_HAL_Driver/Src/stm32f4xx_hal_gpio.o
 .debug_macro   0x0000000000026526      0x29a Drivers/STM32F4xx_HAL_Driver/Src/stm32f4xx_hal_i2c.o
 .debug_macro   0x00000000000267c0      0x253 Drivers/STM32F4xx_HAL_Driver/Src/stm32f4xx_hal_i2c_ex.o
 .debug_macro   0x0000000000026a13      0x254 Drivers/STM32F4xx_HAL_Driver/Src/stm32f4xx_hal_ltdc.o
 .debug_macro   0x0000000000026c67      0x277 Drivers/STM32F4xx_HAL_Driver/Src/stm32f4xx_hal_rcc.o
 .debug_macro   0x0000000000026ede      0x253 Drivers/STM32F4xx_HAL_Driver/Src/stm32f4xx_hal_rcc_ex.o
 .debug_macro   0x0000000000027131      0x253 Drivers/STM32F4xx_HAL_Driver/Src/stm32f4xx_hal_sdram.o
 .debug_macro   0x0000000000027384      0x262 Drivers/STM32F4xx_HAL_Driver/Src/stm32f4xx_hal_spi.o
 .debug_macro   0x00000000000275e6      0x254 Drivers/STM32F4xx_HAL_Driver/Src/stm32f4xx_hal_tim.o
 .debug_macro   0x000000000002783a      0x253 Drivers/STM32F4xx_HAL_Driver/Src/stm32f4xx_hal_tim_ex.o
 .debug_macro   0x0000000000027a8d      0x254 Drivers/STM32F4xx_HAL_Driver/Src/stm32f4xx_hal_uart.o
 .debug_macro   0x0000000000027ce1      0x253 Drivers/STM32F4xx_HAL_Driver/Src/stm32f4xx_ll_fmc.o

.debug_line     0x0000000000000000    0x156bb
 .debug_line    0x0000000000000000      0x9fc Core/Src/ball_controll.o
 .debug_line    0x00000000000009fc      0x99a Core/Src/ball_sound.o
 .debug_line    0x0000000000001396      0x833 Core/Src/gyroscope.o
 .debug_line    0x0000000000001bc9      0x4a6 Core/Src/ili9341.o
 .debug_line    0x000000000000206f      0xba0 Core/Src/main.o
 .debug_line    0x0000000000002c0f      0xb20 Core/Src/stm32f429i_discovery.o
 .debug_line    0x000000000000372f      0xa14 Core/Src/stm32f4xx_hal_msp.o
 .debug_line    0x0000000000004143      0x800 Core/Src/stm32f4xx_hal_timebase_tim.o
 .debug_line    0x0000000000004943      0x8b8 Core/Src/stm32f4xx_it.o
 .debug_line    0x00000000000051fb      0x7e7 Core/Src/system_stm32f4xx.o
 .debug_line    0x00000000000059e2       0x85 Core/Startup/startup_stm32f429zitx.o
 .debug_line    0x0000000000005a67      0x9f5 Drivers/STM32F4xx_HAL_Driver/Src/stm32f4xx_hal.o
 .debug_line    0x000000000000645c      0xaf5 Drivers/STM32F4xx_HAL_Driver/Src/stm32f4xx_hal_cortex.o
 .debug_line    0x0000000000006f51      0x880 Drivers/STM32F4xx_HAL_Driver/Src/stm32f4xx_hal_crc.o
 .debug_line    0x00000000000077d1      0xa25 Drivers/STM32F4xx_HAL_Driver/Src/stm32f4xx_hal_dac.o
 .debug_line    0x00000000000081f6      0x8e8 Drivers/STM32F4xx_HAL_Driver/Src/stm32f4xx_hal_dac_ex.o
 .debug_line    0x0000000000008ade      0xa9f Drivers/STM32F4xx_HAL_Driver/Src/stm32f4xx_hal_dma.o
 .debug_line    0x000000000000957d      0xd92 Drivers/STM32F4xx_HAL_Driver/Src/stm32f4xx_hal_dma2d.o
 .debug_line    0x000000000000a30f      0x9d8 Drivers/STM32F4xx_HAL_Driver/Src/stm32f4xx_hal_gpio.o
 .debug_line    0x000000000000ace7     0x1c7f Drivers/STM32F4xx_HAL_Driver/Src/stm32f4xx_hal_i2c.o
 .debug_line    0x000000000000c966      0x801 Drivers/STM32F4xx_HAL_Driver/Src/stm32f4xx_hal_i2c_ex.o
 .debug_line    0x000000000000d167     0x10a3 Drivers/STM32F4xx_HAL_Driver/Src/stm32f4xx_hal_ltdc.o
 .debug_line    0x000000000000e20a      0xa29 Drivers/STM32F4xx_HAL_Driver/Src/stm32f4xx_hal_rcc.o
 .debug_line    0x000000000000ec33      0x970 Drivers/STM32F4xx_HAL_Driver/Src/stm32f4xx_hal_rcc_ex.o
 .debug_line    0x000000000000f5a3      0xb28 Drivers/STM32F4xx_HAL_Driver/Src/stm32f4xx_hal_sdram.o
 .debug_line    0x00000000000100cb     0x118d Drivers/STM32F4xx_HAL_Driver/Src/stm32f4xx_hal_spi.o
 .debug_line    0x0000000000011258     0x1a4a Drivers/STM32F4xx_HAL_Driver/Src/stm32f4xx_hal_tim.o
 .debug_line    0x0000000000012ca2      0xde7 Drivers/STM32F4xx_HAL_Driver/Src/stm32f4xx_hal_tim_ex.o
 .debug_line    0x0000000000013a89     0x10df Drivers/STM32F4xx_HAL_Driver/Src/stm32f4xx_hal_uart.o
 .debug_line    0x0000000000014b68      0xb53 Drivers/STM32F4xx_HAL_Driver/Src/stm32f4xx_ll_fmc.o

.debug_str      0x0000000000000000    0xe83d3
 .debug_str     0x0000000000000000    0xdfcd5 Core/Src/ball_controll.o
                                      0xe00da (size before relaxing)
 .debug_str     0x00000000000dfcd5      0x10f Core/Src/ball_sound.o
                                      0xdff54 (size before relaxing)
 .debug_str     0x00000000000dfde4       0xe4 Core/Src/gyroscope.o
                                      0xdc78e (size before relaxing)
 .debug_str     0x00000000000dfec8      0x872 Core/Src/ili9341.o
                                       0x4492 (size before relaxing)
 .debug_str     0x00000000000e073a     0x1789 Core/Src/main.o
                                      0xe193a (size before relaxing)
 .debug_str     0x00000000000e1ec3     0x14bb Core/Src/stm32f429i_discovery.o
                                      0xdd40a (size before relaxing)
 .debug_str     0x00000000000e337e      0x1cf Core/Src/stm32f4xx_hal_msp.o
                                      0xddaa3 (size before relaxing)
 .debug_str     0x00000000000e354d       0x98 Core/Src/stm32f4xx_hal_timebase_tim.o
                                      0xdbd01 (size before relaxing)
 .debug_str     0x00000000000e35e5       0xe9 Core/Src/stm32f4xx_it.o
                                      0xdcb1f (size before relaxing)
 .debug_str     0x00000000000e36ce       0xc4 Core/Src/system_stm32f4xx.o
                                      0xdb327 (size before relaxing)
 .debug_str     0x00000000000e3792       0x36 Core/Startup/startup_stm32f429zitx.o
                                         0x91 (size before relaxing)
 .debug_str     0x00000000000e37c8      0x57d Drivers/STM32F4xx_HAL_Driver/Src/stm32f4xx_hal.o
                                      0xdbe93 (size before relaxing)
 .debug_str     0x00000000000e3d45      0x388 Drivers/STM32F4xx_HAL_Driver/Src/stm32f4xx_hal_cortex.o
                                      0xdbc34 (size before relaxing)
 .debug_str     0x00000000000e40cd       0xa2 Drivers/STM32F4xx_HAL_Driver/Src/stm32f4xx_hal_crc.o
                                      0xdb359 (size before relaxing)
 .debug_str     0x00000000000e416f      0x1cd Drivers/STM32F4xx_HAL_Driver/Src/stm32f4xx_hal_dac.o
                                      0xdb738 (size before relaxing)
 .debug_str     0x00000000000e433c      0x164 Drivers/STM32F4xx_HAL_Driver/Src/stm32f4xx_hal_dac_ex.o