main.c:109:5:main	72	static
main.c:184:6:SystemClock_Config	136	static
main.c:237:13:MX_CRC_Init	8	static
main.c:263:13:MX_DMA2D_Init	8	static
main.c:300:13:MX_I2C3_Init	8	static
main.c:346:13:MX_LTDC_Init	112	static
main.c:429:13:MX_SPI5_Init	8	static
main.c:467:13:MX_TIM1_Init	32	static
main.c:513:13:MX_USART1_UART_Init	8	static
main.c:542:13:MX_FMC_Init	40	static
main.c:593:13:MX_GPIO_Init	64	static
main.c:688:13:PicturesPosition	24	static
main.c:699:6:HAL_LTDC_ReloadEventCallback	16	static
main.c:714:6:HAL_TIM_PeriodElapsedCallback	16	static
main.c:731:6:Error_Handler	4	static
