main.c:92:5:main	72	static
main.c:170:6:SystemClock_Config	136	static
main.c:223:13:MX_CRC_Init	8	static
main.c:249:13:MX_DMA2D_Init	8	static
main.c:286:13:MX_I2C3_Init	8	static
main.c:332:13:MX_LTDC_Init	112	static
main.c:415:13:MX_SPI5_Init	8	static
main.c:453:13:MX_TIM1_Init	32	static
main.c:499:13:MX_USART1_UART_Init	8	static
main.c:528:13:MX_FMC_Init	40	static
main.c:579:13:MX_GPIO_Init	64	static
main.c:675:6:HAL_LTDC_ReloadEventCallback	16	static
main.c:690:6:HAL_TIM_PeriodElapsedCallback	16	static
main.c:707:6:Error_Handler	4	static
