stm32f4xx_hal_msp.c:65:6:HAL_MspInit	16	static
stm32f4xx_hal_msp.c:89:6:HAL_CRC_MspInit	24	static
stm32f4xx_hal_msp.c:111:6:HAL_CRC_MspDeInit	16	static
stm32f4xx_hal_msp.c:133:6:HAL_DAC_MspInit	48	static
stm32f4xx_hal_msp.c:188:6:HAL_DAC_MspDeInit	16	static
stm32f4xx_hal_msp.c:221:6:HAL_DMA2D_MspInit	24	static
stm32f4xx_hal_msp.c:246:6:HAL_DMA2D_MspDeInit	16	static
stm32f4xx_hal_msp.c:271:6:HAL_I2C_MspInit	48	static
stm32f4xx_hal_msp.c:315:6:HAL_I2C_MspDeInit	16	static
stm32f4xx_hal_msp.c:346:6:HAL_LTDC_MspInit	64	static
stm32f4xx_hal_msp.c:460:6:HAL_LTDC_MspDeInit	16	static
stm32f4xx_hal_msp.c:524:6:HAL_SPI_MspInit	48	static
stm32f4xx_hal_msp.c:561:6:HAL_SPI_MspDeInit	16	static
stm32f4xx_hal_msp.c:591:6:HAL_TIM_Base_MspInit	24	static
stm32f4xx_hal_msp.c:624:6:HAL_TIM_Base_MspDeInit	16	static
stm32f4xx_hal_msp.c:657:6:HAL_UART_MspInit	48	static
stm32f4xx_hal_msp.c:693:6:HAL_UART_MspDeInit	16	static
stm32f4xx_hal_msp.c:718:13:HAL_FMC_MspInit	32	static
stm32f4xx_hal_msp.c:824:6:HAL_SDRAM_MspInit	16	static
stm32f4xx_hal_msp.c:836:13:HAL_FMC_MspDeInit	8	static
stm32f4xx_hal_msp.c:910:6:HAL_SDRAM_MspDeInit	16	static
