14:49:45 **** Build of configuration Debug for project BallGameGyro ****
make -j12 all 
arm-none-eabi-size   BallGameGyro.elf 
   text	   data	    bss	    dec	    hex	filename
  41760	     24	  18512	  60296	   eb88	BallGameGyro.elf
Finished building: default.size.stdout
 
14:50:28 **** Incremental Build of configuration Debug for project BallGameGyro ****
make -j12 all 
arm-none-eabi-size   BallGameGyro.elf 
   text	   data	    bss	    dec	    hex	filename
  41760	     24	  18512	  60296	   eb88	BallGameGyro.elf
Finished building: default.size.stdout
 
14:51:10 **** Incremental Build of configuration Debug for project BallGameGyro ****
make -j12 all 
arm-none-eabi-gcc "../Core/Src/main.c" -mcpu=cortex-m4 -std=gnu11 -g3 -DUSE_HAL_DRIVER -DDEBUG -DSTM32F429xx -c -I../Core/Inc -I../Drivers/STM32F4xx_HAL_Driver/Inc -I../Drivers/STM32F4xx_HAL_Driver/Inc/Legacy -I../Drivers/CMSIS/Device/ST/STM32F4xx/Include -I../Drivers/CMSIS/Include -O0 -ffunction-sections -fdata-sections -Wall -fstack-usage -MMD -MP -MF"Core/Src/main.d" -MT"Core/Src/main.o" --specs=nano.specs -mfpu=fpv4-sp-d16 -mfloat-abi=hard -mthumb -o "Core/Src/main.o"
../Core/Src/main.c: In function 'main':
../Core/Src/main.c:152:7: warning: unused variable 'it' [-Wunused-variable]
   int it = 0;
       ^~
../Core/Src/main.c: In function 'MX_LTDC_Init':
../Core/Src/main.c:416:3: warning: implicit declaration of function 'ili9341_Init'; did you mean 'MX_TIM1_Init'? [-Wimplicit-function-declaration]
   ili9341_Init();
   ^~~~~~~~~~~~
   MX_TIM1_Init
arm-none-eabi-gcc -o "BallGameGyro.elf" @"objects.list"   -mcpu=cortex-m4 -T"C:\Users\chedo\OneDrive\Pulpit\SEMESTR_6\PSZ_Sterowniki_Robotow_Projekt\BallGameGyro\STM32F429ZITX_FLASH.ld" --specs=nosys.specs -Wl,-Map="BallGameGyro.map" -Wl,--gc-sections -static --specs=nano.specs -mfpu=fpv4-sp-d16 -mfloat-abi=hard -mthumb -Wl,--start-group -lc -lm -Wl,--end-group
Finished building target: BallGameGyro.elf
 
arm-none-eabi-objdump -h -S  BallGameGyro.elf  > "BallGameGyro.list"
arm-none-eabi-objcopy  -O binary  BallGameGyro.elf  "BallGameGyro.bin"
arm-none-eabi-size   BallGameGyro.elf 
   text	   data	    bss	    dec	    hex	filename
  41064	     24	  18512	  59600	   e8d0	BallGameGyro.elf
Finished building: default.size.stdout
 
Finished building: BallGameGyro.bin
 
Finished building: BallGameGyro.list
 
14:51:31 **** Incremental Build of configuration Debug for project BallGameGyro ****
make -j12 all 
arm-none-eabi-gcc "../Core/Src/main.c" -mcpu=cortex-m4 -std=gnu11 -g3 -DUSE_HAL_DRIVER -DDEBUG -DSTM32F429xx -c -I../Core/Inc -I../Drivers/STM32F4xx_HAL_Driver/Inc -I../Drivers/STM32F4xx_HAL_Driver/Inc/Legacy -I../Drivers/CMSIS/Device/ST/STM32F4xx/Include -I../Drivers/CMSIS/Include -O0 -ffunction-sections -fdata-sections -Wall -fstack-usage -MMD -MP -MF"Core/Src/main.d" -MT"Core/Src/main.o" --specs=nano.specs -mfpu=fpv4-sp-d16 -mfloat-abi=hard -mthumb -o "Core/Src/main.o"
../Core/Src/main.c: In function 'main':
../Core/Src/main.c:152:7: warning: unused variable 'it' [-Wunused-variable]
   int it = 0;
       ^~
../Core/Src/main.c: In function 'MX_LTDC_Init':
../Core/Src/main.c:416:3: warning: implicit declaration of function 'ili9341_Init'; did you mean 'MX_TIM1_Init'? [-Wimplicit-function-declaration]
   ili9341_Init();
   ^~~~~~~~~~~~
   MX_TIM1_Init
arm-none-eabi-gcc -o "BallGameGyro.elf" @"objects.list"   -mcpu=cortex-m4 -T"C:\Users\chedo\OneDrive\Pulpit\SEMESTR_6\PSZ_Sterowniki_Robotow_Projekt\BallGameGyro\STM32F429ZITX_FLASH.ld" --specs=nosys.specs -Wl,-Map="BallGameGyro.map" -Wl,--gc-sections -static --specs=nano.specs -mfpu=fpv4-sp-d16 -mfloat-abi=hard -mthumb -Wl,--start-group -lc -lm -Wl,--end-group
Finished building target: BallGameGyro.elf
 
arm-none-eabi-objdump -h -S  BallGameGyro.elf  > "BallGameGyro.list"
arm-none-eabi-objcopy  -O binary  BallGameGyro.elf  "BallGameGyro.bin"
arm-none-eabi-size   BallGameGyro.elf 
   text	   data	    bss	    dec	    hex	filename
  41760	     24	  18512	  60296	   eb88	BallGameGyro.elf
Finished building: default.size.stdout
 
Finished building: BallGameGyro.bin
 
Finished building: BallGameGyro.list
 
